2026-10-06T15:46:44.533Z 1/720 todo-cli-B0-collaborator-personal-r1
2026-10-06T15:46:44.538Z 2/720 todo-cli-B0-student-personal-r1
2026-10-06T15:46:44.636Z 3/720 todo-cli-B0-student-team-r1
2026-10-06T15:46:44.697Z 4/720 todo-cli-B0-collaborator-team-r1
2026-10-06T15:46:45.376Z 5/720 todo-cli-B2-student-team-r1
2026-10-06T15:46:45.377Z 6/720 todo-cli-B2-student-personal-r1
2026-10-06T15:46:45.392Z 7/720 todo-cli-B0-owner-personal-r1
2026-10-06T15:46:45.396Z 8/720 todo-cli-B0-owner-team-r1
2026-10-06T15:46:46.085Z 9/720 todo-cli-B2-collaborator-personal-r1
2026-10-06T15:46:46.108Z 10/720 todo-cli-B2-owner-personal-r1
2026-10-06T15:46:46.117Z 11/720 todo-cli-B2-collaborator-team-r1
2026-10-06T15:46:46.155Z 12/720 todo-cli-B2-owner-team-r1
2026-10-06T15:46:46.880Z 13/720 todo-cli-B3-student-personal-r1
2026-10-06T15:46:46.914Z 14/720 todo-cli-B3-collaborator-personal-r1
2026-10-06T15:46:46.941Z 15/720 todo-cli-B3-collaborator-team-r1
2026-10-06T15:46:46.950Z 16/720 todo-cli-B3-student-team-r1
2026-10-06T15:46:47.581Z 17/720 todo-cli-B3-owner-personal-r1
2026-10-06T15:46:47.636Z 18/720 todo-cli-B3-owner-team-r1
2026-10-06T15:46:51.594Z 19/720 todo-cli-F-student-team-r1
2026-10-06T15:46:51.647Z 20/720 todo-cli-F-student-personal-r1
2026-10-06T15:46:52.423Z 21/720 todo-cli-F-collaborator-personal-r1
2026-10-06T15:46:52.443Z 22/720 todo-cli-F-owner-personal-r1
2026-10-06T15:46:52.493Z 23/720 todo-cli-F-collaborator-team-r1
2026-10-06T15:46:52.504Z 24/720 todo-cli-F-owner-team-r1
2026-10-06T15:46:53.422Z 25/720 csv-summary-B0-student-personal-r1
2026-10-06T15:46:53.429Z 26/720 csv-summary-B0-collaborator-personal-r1
2026-10-06T15:46:53.435Z 27/720 csv-summary-B0-collaborator-team-r1
2026-10-06T15:46:53.475Z 28/720 csv-summary-B0-student-team-r1
2026-10-06T15:46:54.446Z 29/720 csv-summary-B0-owner-personal-r1
2026-10-06T15:46:54.489Z 30/720 csv-summary-B2-student-team-r1
2026-10-06T15:46:54.495Z 31/720 csv-summary-B0-owner-team-r1
2026-10-06T15:46:54.510Z 32/720 csv-summary-B2-student-personal-r1
2026-10-06T15:46:55.832Z 33/720 csv-summary-B2-owner-team-r1
2026-10-06T15:46:55.848Z 34/720 csv-summary-B2-owner-personal-r1
2026-10-06T15:46:55.853Z 35/720 csv-summary-B2-collaborator-team-r1
2026-10-06T15:46:55.882Z 36/720 csv-summary-B2-collaborator-personal-r1
2026-10-06T15:47:00.984Z 37/720 csv-summary-B3-student-team-r1
2026-10-06T15:47:00.999Z 38/720 csv-summary-B3-collaborator-personal-r1
2026-10-06T15:47:01.030Z 39/720 csv-summary-B3-student-personal-r1
2026-10-06T15:47:01.048Z 40/720 csv-summary-B3-collaborator-team-r1
2026-10-06T15:47:06.002Z 41/720 csv-summary-B3-owner-personal-r1
2026-10-06T15:47:06.029Z 42/720 csv-summary-B3-owner-team-r1
2026-10-06T15:47:07.816Z 44/720 csv-summary-F-student-personal-r1
2026-10-06T15:47:07.816Z 44/720 csv-summary-F-student-team-r1
2026-10-06T15:47:12.553Z 45/720 csv-summary-F-collaborator-personal-r1
2026-10-06T15:47:12.557Z 46/720 csv-summary-F-collaborator-team-r1
2026-10-06T15:47:12.789Z 48/720 csv-summary-F-owner-personal-r1
2026-10-06T15:47:12.789Z 48/720 csv-summary-F-owner-team-r1
2026-10-06T15:47:13.376Z 50/720 http-client-B0-collaborator-team-r1
2026-10-06T15:47:13.376Z 50/720 http-client-B0-student-personal-r1
2026-10-06T15:47:13.406Z 52/720 http-client-B0-collaborator-personal-r1
2026-10-06T15:47:13.406Z 52/720 http-client-B0-student-team-r1
2026-10-06T15:47:13.993Z 53/720 http-client-B0-owner-personal-r1
2026-10-06T15:47:14.000Z 54/720 http-client-B2-student-team-r1
2026-10-06T15:47:14.003Z 55/720 http-client-B2-student-personal-r1
2026-10-06T15:47:14.004Z 56/720 http-client-B0-owner-team-r1
2026-10-06T15:47:14.560Z 57/720 http-client-B2-collaborator-personal-r1
2026-10-06T15:47:14.588Z 58/720 http-client-B2-owner-personal-r1
2026-10-06T15:47:14.605Z 59/720 http-client-B2-collaborator-team-r1
2026-10-06T15:47:14.653Z 60/720 http-client-B2-owner-team-r1
2026-10-06T15:47:19.272Z 61/720 http-client-B3-student-personal-r1
2026-10-06T15:47:19.283Z 62/720 http-client-B3-collaborator-team-r1
2026-10-06T15:47:19.283Z 63/720 http-client-B3-collaborator-personal-r1
2026-10-06T15:47:19.291Z 64/720 http-client-B3-student-team-r1
2026-10-06T15:47:23.929Z 65/720 http-client-B3-owner-personal-r1
2026-10-06T15:47:23.936Z 66/720 http-client-B3-owner-team-r1
2026-10-06T15:47:25.903Z 67/720 http-client-F-student-team-r1
2026-10-06T15:47:25.939Z 68/720 http-client-F-student-personal-r1
2026-10-06T15:47:30.888Z 69/720 http-client-F-collaborator-personal-r1
2026-10-06T15:47:30.898Z 70/720 http-client-F-collaborator-team-r1
2026-10-06T15:47:30.949Z 71/720 http-client-F-owner-team-r1
2026-10-06T15:47:30.977Z 72/720 http-client-F-owner-personal-r1
2026-10-06T15:47:31.995Z 73/720 config-loader-B0-student-personal-r1
2026-10-06T15:47:32.019Z 74/720 config-loader-B0-student-team-r1
2026-10-06T15:47:32.024Z 75/720 config-loader-B0-collaborator-personal-r1
2026-10-06T15:47:32.041Z 76/720 config-loader-B0-collaborator-team-r1
2026-10-06T15:47:32.847Z 77/720 config-loader-B2-student-personal-r1
2026-10-06T15:47:32.884Z 78/720 config-loader-B0-owner-personal-r1
2026-10-06T15:47:32.896Z 79/720 config-loader-B2-student-team-r1
2026-10-06T15:47:32.920Z 80/720 config-loader-B0-owner-team-r1
2026-10-06T15:47:33.884Z 81/720 config-loader-B2-owner-personal-r1
2026-10-06T15:47:33.918Z 82/720 config-loader-B2-collaborator-personal-r1
2026-10-06T15:47:33.924Z 83/720 config-loader-B2-owner-team-r1
2026-10-06T15:47:33.956Z 84/720 config-loader-B2-collaborator-team-r1
2026-10-06T15:47:38.709Z 85/720 config-loader-B3-student-personal-r1
2026-10-06T15:47:38.718Z 86/720 config-loader-B3-collaborator-personal-r1
2026-10-06T15:47:38.815Z 87/720 config-loader-B3-student-team-r1
2026-10-06T15:47:38.875Z 88/720 config-loader-B3-collaborator-team-r1
2026-10-06T15:47:43.728Z 89/720 config-loader-B3-owner-personal-r1
2026-10-06T15:47:43.757Z 90/720 config-loader-B3-owner-team-r1
2026-10-06T15:47:45.678Z 91/720 config-loader-F-student-personal-r1
2026-10-06T15:47:45.692Z 92/720 config-loader-F-student-team-r1
2026-10-06T15:47:50.977Z 93/720 config-loader-F-collaborator-personal-r1
2026-10-06T15:47:51.001Z 94/720 config-loader-F-owner-personal-r1
2026-10-06T15:47:51.025Z 95/720 config-loader-F-collaborator-team-r1
2026-10-06T15:47:51.046Z 96/720 config-loader-F-owner-team-r1
2026-10-06T15:47:52.229Z 98/720 test-fix-B0-student-team-r1
2026-10-06T15:47:52.230Z 98/720 test-fix-B0-collaborator-team-r1
2026-10-06T15:47:52.232Z 99/720 test-fix-B0-collaborator-personal-r1
2026-10-06T15:47:52.234Z 100/720 test-fix-B0-student-personal-r1
2026-10-06T15:47:53.830Z 102/720 test-fix-B0-owner-team-r1
2026-10-06T15:47:53.831Z 102/720 test-fix-B0-owner-personal-r1
2026-10-06T15:47:53.832Z 103/720 test-fix-B2-student-personal-r1
2026-10-06T15:47:53.872Z 104/720 test-fix-B2-student-team-r1
2026-10-06T15:47:55.105Z 105/720 test-fix-B2-collaborator-personal-r1
2026-10-06T15:47:55.157Z 106/720 test-fix-B2-owner-personal-r1
2026-10-06T15:47:55.170Z 107/720 test-fix-B2-owner-team-r1
2026-10-06T15:47:55.263Z 108/720 test-fix-B2-collaborator-team-r1
2026-10-06T15:47:56.826Z 109/720 test-fix-B3-collaborator-personal-r1
2026-10-06T15:47:56.829Z 110/720 test-fix-B3-student-personal-r1
2026-10-06T15:47:56.839Z 111/720 test-fix-B3-student-team-r1
2026-10-06T15:47:56.852Z 112/720 test-fix-B3-collaborator-team-r1
2026-10-06T15:47:57.631Z 113/720 test-fix-B3-owner-personal-r1
2026-10-06T15:47:57.680Z 114/720 test-fix-B3-owner-team-r1
2026-10-06T15:47:59.613Z 115/720 test-fix-F-student-personal-r1
2026-10-06T15:47:59.661Z 116/720 test-fix-F-student-team-r1
2026-10-06T15:48:00.647Z 117/720 test-fix-F-owner-personal-r1
2026-10-06T15:48:00.661Z 118/720 test-fix-F-collaborator-personal-r1
2026-10-06T15:48:00.664Z 119/720 test-fix-F-owner-team-r1
2026-10-06T15:48:00.672Z 120/720 test-fix-F-collaborator-team-r1
2026-10-06T15:48:01.326Z 121/720 log-parser-B0-student-personal-r1
2026-10-06T15:48:01.352Z 122/720 log-parser-B0-collaborator-personal-r1
2026-10-06T15:48:01.358Z 123/720 log-parser-B0-student-team-r1
2026-10-06T15:48:01.389Z 124/720 log-parser-B0-collaborator-team-r1
2026-10-06T15:48:02.023Z 125/720 log-parser-B2-student-personal-r1
2026-10-06T15:48:02.029Z 126/720 log-parser-B0-owner-personal-r1
2026-10-06T15:48:02.057Z 127/720 log-parser-B0-owner-team-r1
2026-10-06T15:48:02.063Z 128/720 log-parser-B2-student-team-r1
2026-10-06T15:48:02.692Z 129/720 log-parser-B2-collaborator-personal-r1
2026-10-06T15:48:02.692Z 130/720 log-parser-B2-owner-team-r1
2026-10-06T15:48:02.697Z 131/720 log-parser-B2-owner-personal-r1
2026-10-06T15:48:02.735Z 132/720 log-parser-B2-collaborator-team-r1
2026-10-06T15:48:07.376Z 133/720 log-parser-B3-student-personal-r1
2026-10-06T15:48:07.383Z 134/720 log-parser-B3-collaborator-personal-r1
2026-10-06T15:48:07.387Z 135/720 log-parser-B3-collaborator-team-r1
2026-10-06T15:48:07.406Z 136/720 log-parser-B3-student-team-r1
2026-10-06T15:48:12.209Z 137/720 log-parser-B3-owner-personal-r1
2026-10-06T15:48:12.235Z 138/720 log-parser-B3-owner-team-r1
2026-10-06T15:48:14.086Z 139/720 log-parser-F-student-personal-r1
2026-10-06T15:48:14.126Z 140/720 log-parser-F-student-team-r1
2026-10-06T15:48:19.037Z 141/720 log-parser-F-collaborator-team-r1
2026-10-06T15:48:19.045Z 142/720 log-parser-F-collaborator-personal-r1
2026-10-06T15:48:19.066Z 143/720 log-parser-F-owner-personal-r1
2026-10-06T15:48:19.082Z 144/720 log-parser-F-owner-team-r1
2026-10-06T15:48:20.113Z 145/720 markdown-index-B0-collaborator-personal-r1
2026-10-06T15:48:20.120Z 146/720 markdown-index-B0-collaborator-team-r1
2026-10-06T15:48:20.136Z 147/720 markdown-index-B0-student-team-r1
2026-10-06T15:48:20.160Z 148/720 markdown-index-B0-student-personal-r1
2026-10-06T15:48:21.084Z 150/720 markdown-index-B0-owner-personal-r1
2026-10-06T15:48:21.084Z 150/720 markdown-index-B2-student-personal-r1
2026-10-06T15:48:21.147Z 151/720 markdown-index-B0-owner-team-r1
2026-10-06T15:48:21.175Z 152/720 markdown-index-B2-student-team-r1
2026-10-06T15:48:22.641Z 153/720 markdown-index-B2-owner-personal-r1
2026-10-06T15:48:22.677Z 154/720 markdown-index-B2-collaborator-personal-r1
2026-10-06T15:48:22.698Z 155/720 markdown-index-B2-collaborator-team-r1
2026-10-06T15:48:22.740Z 156/720 markdown-index-B2-owner-team-r1
2026-10-06T15:48:27.823Z 157/720 markdown-index-B3-collaborator-personal-r1
2026-10-06T15:48:27.860Z 158/720 markdown-index-B3-student-personal-r1
2026-10-06T15:48:27.910Z 159/720 markdown-index-B3-collaborator-team-r1
2026-10-06T15:48:27.943Z 160/720 markdown-index-B3-student-team-r1
2026-10-06T15:48:32.794Z 161/720 markdown-index-B3-owner-personal-r1
2026-10-06T15:48:32.795Z 162/720 markdown-index-B3-owner-team-r1
2026-10-06T15:48:34.737Z 163/720 markdown-index-F-student-personal-r1
2026-10-06T15:48:34.784Z 164/720 markdown-index-F-student-team-r1
2026-10-06T15:48:39.463Z 165/720 markdown-index-F-owner-personal-r1
2026-10-06T15:48:39.495Z 166/720 markdown-index-F-collaborator-team-r1
2026-10-06T15:48:39.499Z 167/720 markdown-index-F-collaborator-personal-r1
2026-10-06T15:48:39.537Z 168/720 markdown-index-F-owner-team-r1
2026-10-06T15:48:40.079Z 169/720 backup-script-B0-collaborator-personal-r1
2026-10-06T15:48:40.096Z 170/720 backup-script-B0-student-personal-r1
2026-10-06T15:48:40.115Z 171/720 backup-script-B0-collaborator-team-r1
2026-10-06T15:48:40.120Z 172/720 backup-script-B0-student-team-r1
2026-10-06T15:48:40.659Z 173/720 backup-script-B0-owner-personal-r1
2026-10-06T15:48:40.706Z 174/720 backup-script-B2-student-personal-r1
2026-10-06T15:48:40.715Z 175/720 backup-script-B0-owner-team-r1
2026-10-06T15:48:40.747Z 176/720 backup-script-B2-student-team-r1
2026-10-06T15:48:41.323Z 177/720 backup-script-B2-collaborator-personal-r1
2026-10-06T15:48:41.334Z 178/720 backup-script-B2-owner-personal-r1
2026-10-06T15:48:41.372Z 179/720 backup-script-B2-collaborator-team-r1
2026-10-06T15:48:41.381Z 180/720 backup-script-B2-owner-team-r1
2026-10-06T15:48:47.981Z 182/720 backup-script-B3-student-personal-r1
2026-10-06T15:48:47.981Z 182/720 backup-script-B3-collaborator-personal-r1
2026-10-06T15:48:47.984Z 183/720 backup-script-B3-collaborator-team-r1
2026-10-06T15:48:47.989Z 184/720 backup-script-B3-student-team-r1
2026-10-06T15:48:54.650Z 185/720 backup-script-B3-owner-personal-r1
2026-10-06T15:48:54.655Z 186/720 backup-script-B3-owner-team-r1
2026-10-06T15:48:56.591Z 187/720 backup-script-F-student-personal-r1
2026-10-06T15:48:56.633Z 188/720 backup-script-F-student-team-r1
2026-10-06T15:49:03.225Z 189/720 backup-script-F-collaborator-personal-r1
2026-10-06T15:49:03.272Z 190/720 backup-script-F-owner-team-r1
2026-10-06T15:49:03.301Z 191/720 backup-script-F-collaborator-team-r1
2026-10-06T15:49:03.314Z 192/720 backup-script-F-owner-personal-r1
2026-10-06T15:49:04.169Z 194/720 team-greeting-B0-student-team-r1
2026-10-06T15:49:04.169Z 194/720 team-greeting-B0-collaborator-personal-r1
2026-10-06T15:49:04.185Z 195/720 team-greeting-B0-collaborator-team-r1
2026-10-06T15:49:04.206Z 196/720 team-greeting-B0-student-personal-r1
2026-10-06T15:49:04.946Z 197/720 team-greeting-B0-owner-team-r1
2026-10-06T15:49:04.992Z 198/720 team-greeting-B2-student-personal-r1
2026-10-06T15:49:05.003Z 199/720 team-greeting-B0-owner-personal-r1
2026-10-06T15:49:05.014Z 200/720 team-greeting-B2-student-team-r1
2026-10-06T15:49:05.734Z 201/720 team-greeting-B2-collaborator-personal-r1
2026-10-06T15:49:05.750Z 202/720 team-greeting-B2-owner-personal-r1
2026-10-06T15:49:05.772Z 203/720 team-greeting-B2-collaborator-team-r1
2026-10-06T15:49:05.772Z 204/720 team-greeting-B2-owner-team-r1
2026-10-06T15:49:06.491Z 206/720 team-greeting-B3-collaborator-team-r1
2026-10-06T15:49:06.491Z 206/720 team-greeting-B3-collaborator-personal-r1
2026-10-06T15:49:06.497Z 207/720 team-greeting-B3-student-team-r1
2026-10-06T15:49:06.518Z 208/720 team-greeting-B3-student-personal-r1
2026-10-06T15:49:07.239Z 209/720 team-greeting-B3-owner-personal-r1
2026-10-06T15:49:07.281Z 210/720 team-greeting-B3-owner-team-r1
2026-10-06T15:49:11.151Z 211/720 team-greeting-F-student-team-r1
2026-10-06T15:49:11.166Z 212/720 team-greeting-F-student-personal-r1
2026-10-06T15:49:11.931Z 213/720 team-greeting-F-collaborator-personal-r1
2026-10-06T15:49:11.932Z 214/720 team-greeting-F-owner-personal-r1
2026-10-06T15:49:11.933Z 215/720 team-greeting-F-collaborator-team-r1
2026-10-06T15:49:11.935Z 216/720 team-greeting-F-owner-team-r1
2026-10-06T15:49:12.668Z 218/720 module-refactor-B0-collaborator-personal-r1
2026-10-06T15:49:12.668Z 218/720 module-refactor-B0-collaborator-team-r1
2026-10-06T15:49:12.668Z 220/720 module-refactor-B0-student-team-r1
2026-10-06T15:49:12.668Z 220/720 module-refactor-B0-student-personal-r1
2026-10-06T15:49:13.334Z 221/720 module-refactor-B2-student-personal-r1
2026-10-06T15:49:13.338Z 222/720 module-refactor-B0-owner-personal-r1
2026-10-06T15:49:13.354Z 223/720 module-refactor-B2-student-team-r1
2026-10-06T15:49:13.361Z 224/720 module-refactor-B0-owner-team-r1
2026-10-06T15:49:14.088Z 225/720 module-refactor-B2-owner-personal-r1
2026-10-06T15:49:14.089Z 226/720 module-refactor-B2-collaborator-personal-r1
2026-10-06T15:49:14.099Z 227/720 module-refactor-B2-collaborator-team-r1
2026-10-06T15:49:14.110Z 228/720 module-refactor-B2-owner-team-r1
2026-10-06T15:49:14.879Z 229/720 module-refactor-B3-collaborator-personal-r1
2026-10-06T15:49:14.898Z 230/720 module-refactor-B3-student-personal-r1
2026-10-06T15:49:14.921Z 232/720 module-refactor-B3-collaborator-team-r1
2026-10-06T15:49:14.921Z 232/720 module-refactor-B3-student-team-r1
2026-10-06T15:49:15.711Z 233/720 module-refactor-B3-owner-personal-r1
2026-10-06T15:49:15.751Z 234/720 module-refactor-B3-owner-team-r1
2026-10-06T15:49:17.742Z 235/720 module-refactor-F-student-personal-r1
2026-10-06T15:49:17.756Z 236/720 module-refactor-F-student-team-r1
2026-10-06T15:49:18.470Z 238/720 module-refactor-F-owner-personal-r1
2026-10-06T15:49:18.470Z 238/720 module-refactor-F-collaborator-personal-r1
2026-10-06T15:49:18.499Z 240/720 module-refactor-F-collaborator-team-r1
2026-10-06T15:49:18.499Z 240/720 module-refactor-F-owner-team-r1
2026-10-06T15:49:19.074Z 241/720 todo-cli-B0-student-personal-r2
2026-10-06T15:49:19.076Z 242/720 todo-cli-B0-collaborator-personal-r2
2026-10-06T15:49:19.096Z 243/720 todo-cli-B0-student-team-r2
2026-10-06T15:49:19.113Z 244/720 todo-cli-B0-collaborator-team-r2
2026-10-06T15:49:19.679Z 245/720 todo-cli-B0-owner-personal-r2
2026-10-06T15:49:19.685Z 246/720 todo-cli-B2-student-personal-r2
2026-10-06T15:49:19.718Z 247/720 todo-cli-B2-student-team-r2
2026-10-06T15:49:19.726Z 248/720 todo-cli-B0-owner-team-r2
2026-10-06T15:49:20.330Z 249/720 todo-cli-B2-collaborator-personal-r2
2026-10-06T15:49:20.345Z 250/720 todo-cli-B2-owner-personal-r2
2026-10-06T15:49:20.425Z 251/720 todo-cli-B2-owner-team-r2
2026-10-06T15:49:20.426Z 252/720 todo-cli-B2-collaborator-team-r2
2026-10-06T15:49:21.032Z 253/720 todo-cli-B3-student-personal-r2
2026-10-06T15:49:21.037Z 254/720 todo-cli-B3-collaborator-personal-r2
2026-10-06T15:49:21.080Z 255/720 todo-cli-B3-student-team-r2
2026-10-06T15:49:21.083Z 256/720 todo-cli-B3-collaborator-team-r2
2026-10-06T15:49:21.700Z 257/720 todo-cli-B3-owner-personal-r2
2026-10-06T15:49:21.733Z 258/720 todo-cli-B3-owner-team-r2
2026-10-06T15:49:25.688Z 259/720 todo-cli-F-student-personal-r2
2026-10-06T15:49:25.704Z 260/720 todo-cli-F-student-team-r2
2026-10-06T15:49:26.369Z 262/720 todo-cli-F-owner-personal-r2
2026-10-06T15:49:26.369Z 262/720 todo-cli-F-collaborator-personal-r2
2026-10-06T15:49:26.390Z 263/720 todo-cli-F-collaborator-team-r2
2026-10-06T15:49:26.399Z 264/720 todo-cli-F-owner-team-r2
2026-10-06T15:49:27.245Z 265/720 csv-summary-B0-collaborator-team-r2
2026-10-06T15:49:27.248Z 266/720 csv-summary-B0-student-personal-r2
2026-10-06T15:49:27.264Z 267/720 csv-summary-B0-student-team-r2
2026-10-06T15:49:27.302Z 268/720 csv-summary-B0-collaborator-personal-r2
2026-10-06T15:49:28.195Z 271/720 csv-summary-B0-owner-team-r2
2026-10-06T15:49:28.195Z 271/720 csv-summary-B2-student-team-r2
2026-10-06T15:49:28.195Z 271/720 csv-summary-B0-owner-personal-r2
2026-10-06T15:49:28.257Z 272/720 csv-summary-B2-student-personal-r2
2026-10-06T15:49:29.167Z 274/720 csv-summary-B2-owner-team-r2
2026-10-06T15:49:29.167Z 274/720 csv-summary-B2-collaborator-team-r2
2026-10-06T15:49:29.170Z 275/720 csv-summary-B2-owner-personal-r2
2026-10-06T15:49:29.211Z 276/720 csv-summary-B2-collaborator-personal-r2
2026-10-06T15:49:34.067Z 277/720 csv-summary-B3-student-personal-r2
2026-10-06T15:49:34.083Z 278/720 csv-summary-B3-collaborator-personal-r2
2026-10-06T15:49:34.122Z 279/720 csv-summary-B3-student-team-r2
2026-10-06T15:49:34.126Z 280/720 csv-summary-B3-collaborator-team-r2
2026-10-06T15:49:39.135Z 281/720 csv-summary-B3-owner-personal-r2
2026-10-06T15:49:39.138Z 282/720 csv-summary-B3-owner-team-r2
2026-10-06T15:49:40.955Z 284/720 csv-summary-F-student-team-r2
2026-10-06T15:49:40.955Z 284/720 csv-summary-F-student-personal-r2
2026-10-06T15:49:45.899Z 285/720 csv-summary-F-collaborator-team-r2
2026-10-06T15:49:45.904Z 286/720 csv-summary-F-collaborator-personal-r2
2026-10-06T15:49:45.948Z 287/720 csv-summary-F-owner-personal-r2
2026-10-06T15:49:46.005Z 288/720 csv-summary-F-owner-team-r2
2026-10-06T15:49:46.585Z 289/720 http-client-B0-collaborator-personal-r2
2026-10-06T15:49:46.601Z 290/720 http-client-B0-student-team-r2
2026-10-06T15:49:46.613Z 291/720 http-client-B0-student-personal-r2
2026-10-06T15:49:46.616Z 292/720 http-client-B0-collaborator-team-r2
2026-10-06T15:49:47.197Z 293/720 http-client-B2-student-personal-r2
2026-10-06T15:49:47.218Z 294/720 http-client-B0-owner-team-r2
2026-10-06T15:49:47.231Z 295/720 http-client-B0-owner-personal-r2
2026-10-06T15:49:47.264Z 296/720 http-client-B2-student-team-r2
2026-10-06T15:49:47.848Z 298/720 http-client-B2-owner-personal-r2
2026-10-06T15:49:47.848Z 298/720 http-client-B2-collaborator-personal-r2
2026-10-06T15:49:47.894Z 300/720 http-client-B2-owner-team-r2
2026-10-06T15:49:47.894Z 300/720 http-client-B2-collaborator-team-r2
2026-10-06T15:49:52.481Z 301/720 http-client-B3-student-personal-r2
2026-10-06T15:49:52.526Z 302/720 http-client-B3-student-team-r2
2026-10-06T15:49:52.565Z 303/720 http-client-B3-collaborator-personal-r2
2026-10-06T15:49:52.578Z 304/720 http-client-B3-collaborator-team-r2
2026-10-06T15:49:57.303Z 305/720 http-client-B3-owner-personal-r2
2026-10-06T15:49:57.352Z 306/720 http-client-B3-owner-team-r2
2026-10-06T15:49:59.246Z 307/720 http-client-F-student-personal-r2
2026-10-06T15:49:59.295Z 308/720 http-client-F-student-team-r2
2026-10-06T15:50:03.886Z 309/720 http-client-F-owner-team-r2
2026-10-06T15:50:03.891Z 310/720 http-client-F-collaborator-personal-r2
2026-10-06T15:50:03.912Z 311/720 http-client-F-collaborator-team-r2
2026-10-06T15:50:03.927Z 312/720 http-client-F-owner-personal-r2
2026-10-06T15:50:04.491Z 313/720 config-loader-B0-student-personal-r2
2026-10-06T15:50:04.497Z 314/720 config-loader-B0-collaborator-personal-r2
2026-10-06T15:50:04.522Z 315/720 config-loader-B0-collaborator-team-r2
2026-10-06T15:50:04.543Z 316/720 config-loader-B0-student-team-r2
2026-10-06T15:50:05.100Z 317/720 config-loader-B2-student-personal-r2
2026-10-06T15:50:05.117Z 318/720 config-loader-B0-owner-personal-r2
2026-10-06T15:50:05.154Z 319/720 config-loader-B0-owner-team-r2
2026-10-06T15:50:05.159Z 320/720 config-loader-B2-student-team-r2
2026-10-06T15:50:05.753Z 321/720 config-loader-B2-owner-personal-r2
2026-10-06T15:50:05.756Z 322/720 config-loader-B2-collaborator-personal-r2
2026-10-06T15:50:05.784Z 323/720 config-loader-B2-owner-team-r2
2026-10-06T15:50:05.795Z 324/720 config-loader-B2-collaborator-team-r2
2026-10-06T15:50:10.360Z 325/720 config-loader-B3-student-personal-r2
2026-10-06T15:50:10.363Z 326/720 config-loader-B3-collaborator-personal-r2
2026-10-06T15:50:10.382Z 327/720 config-loader-B3-collaborator-team-r2
2026-10-06T15:50:10.382Z 328/720 config-loader-B3-student-team-r2
2026-10-06T15:50:15.075Z 329/720 config-loader-B3-owner-personal-r2
2026-10-06T15:50:15.075Z 330/720 config-loader-B3-owner-team-r2
2026-10-06T15:50:17.016Z 331/720 config-loader-F-student-personal-r2
2026-10-06T15:50:17.051Z 332/720 config-loader-F-student-team-r2
2026-10-06T15:50:21.646Z 333/720 config-loader-F-collaborator-personal-r2
2026-10-06T15:50:21.665Z 335/720 config-loader-F-owner-personal-r2
2026-10-06T15:50:21.665Z 335/720 config-loader-F-collaborator-team-r2
2026-10-06T15:50:21.715Z 336/720 config-loader-F-owner-team-r2
2026-10-06T15:50:23.102Z 337/720 test-fix-B0-collaborator-team-r2
2026-10-06T15:50:23.103Z 338/720 test-fix-B0-student-personal-r2
2026-10-06T15:50:23.103Z 339/720 test-fix-B0-student-team-r2
2026-10-06T15:50:23.104Z 340/720 test-fix-B0-collaborator-personal-r2
2026-10-06T15:50:24.018Z 341/720 test-fix-B0-owner-personal-r2
2026-10-06T15:50:24.035Z 342/720 test-fix-B2-student-personal-r2
2026-10-06T15:50:24.069Z 343/720 test-fix-B0-owner-team-r2
2026-10-06T15:50:24.087Z 344/720 test-fix-B2-student-team-r2
2026-10-06T15:50:24.837Z 345/720 test-fix-B2-collaborator-personal-r2
2026-10-06T15:50:24.839Z 346/720 test-fix-B2-owner-personal-r2
2026-10-06T15:50:24.865Z 348/720 test-fix-B2-owner-team-r2
2026-10-06T15:50:24.865Z 348/720 test-fix-B2-collaborator-team-r2
2026-10-06T15:50:25.629Z 349/720 test-fix-B3-student-personal-r2
2026-10-06T15:50:25.649Z 350/720 test-fix-B3-collaborator-personal-r2
2026-10-06T15:50:25.675Z 352/720 test-fix-B3-collaborator-team-r2
2026-10-06T15:50:25.675Z 352/720 test-fix-B3-student-team-r2
2026-10-06T15:50:26.463Z 353/720 test-fix-B3-owner-personal-r2
2026-10-06T15:50:26.540Z 354/720 test-fix-B3-owner-team-r2
2026-10-06T15:50:28.473Z 355/720 test-fix-F-student-personal-r2
2026-10-06T15:50:28.500Z 356/720 test-fix-F-student-team-r2
2026-10-06T15:50:29.319Z 357/720 test-fix-F-owner-personal-r2
2026-10-06T15:50:29.325Z 358/720 test-fix-F-collaborator-team-r2
2026-10-06T15:50:29.340Z 359/720 test-fix-F-collaborator-personal-r2
2026-10-06T15:50:29.362Z 360/720 test-fix-F-owner-team-r2
2026-10-06T15:50:30.065Z 361/720 log-parser-B0-student-personal-r2
2026-10-06T15:50:30.074Z 362/720 log-parser-B0-collaborator-personal-r2
2026-10-06T15:50:30.118Z 364/720 log-parser-B0-collaborator-team-r2
2026-10-06T15:50:30.118Z 364/720 log-parser-B0-student-team-r2
2026-10-06T15:50:30.831Z 365/720 log-parser-B2-student-personal-r2
2026-10-06T15:50:30.838Z 366/720 log-parser-B0-owner-personal-r2
2026-10-06T15:50:30.901Z 367/720 log-parser-B0-owner-team-r2
2026-10-06T15:50:30.906Z 368/720 log-parser-B2-student-team-r2
2026-10-06T15:50:31.590Z 369/720 log-parser-B2-owner-personal-r2
2026-10-06T15:50:31.594Z 370/720 log-parser-B2-collaborator-personal-r2
2026-10-06T15:50:31.632Z 371/720 log-parser-B2-owner-team-r2
2026-10-06T15:50:31.652Z 372/720 log-parser-B2-collaborator-team-r2
2026-10-06T15:50:36.295Z 373/720 log-parser-B3-student-personal-r2
2026-10-06T15:50:36.315Z 374/720 log-parser-B3-student-team-r2
2026-10-06T15:50:36.322Z 375/720 log-parser-B3-collaborator-personal-r2
2026-10-06T15:50:36.335Z 376/720 log-parser-B3-collaborator-team-r2
2026-10-06T15:50:40.950Z 377/720 log-parser-B3-owner-personal-r2
2026-10-06T15:50:40.969Z 378/720 log-parser-B3-owner-team-r2
2026-10-06T15:50:42.919Z 379/720 log-parser-F-student-team-r2
2026-10-06T15:50:43.021Z 380/720 log-parser-F-student-personal-r2
2026-10-06T15:50:47.618Z 381/720 log-parser-F-owner-personal-r2
2026-10-06T15:50:47.634Z 382/720 log-parser-F-collaborator-personal-r2
2026-10-06T15:50:47.644Z 383/720 log-parser-F-owner-team-r2
2026-10-06T15:50:47.659Z 384/720 log-parser-F-collaborator-team-r2
2026-10-06T15:50:48.342Z 385/720 markdown-index-B0-student-personal-r2
2026-10-06T15:50:48.343Z 386/720 markdown-index-B0-student-team-r2
2026-10-06T15:50:48.351Z 387/720 markdown-index-B0-collaborator-team-r2
2026-10-06T15:50:48.362Z 388/720 markdown-index-B0-collaborator-personal-r2
2026-10-06T15:50:49.025Z 389/720 markdown-index-B0-owner-personal-r2
2026-10-06T15:50:49.031Z 390/720 markdown-index-B2-student-personal-r2
2026-10-06T15:50:49.046Z 391/720 markdown-index-B2-student-team-r2
2026-10-06T15:50:49.067Z 392/720 markdown-index-B0-owner-team-r2
2026-10-06T15:50:49.740Z 393/720 markdown-index-B2-collaborator-team-r2
2026-10-06T15:50:49.745Z 394/720 markdown-index-B2-owner-team-r2
2026-10-06T15:50:49.753Z 395/720 markdown-index-B2-owner-personal-r2
2026-10-06T15:50:49.794Z 396/720 markdown-index-B2-collaborator-personal-r2
2026-10-06T15:50:54.423Z 397/720 markdown-index-B3-collaborator-team-r2
2026-10-06T15:50:54.471Z 398/720 markdown-index-B3-collaborator-personal-r2
2026-10-06T15:50:54.477Z 399/720 markdown-index-B3-student-team-r2
2026-10-06T15:50:54.524Z 400/720 markdown-index-B3-student-personal-r2
2026-10-06T15:50:59.196Z 402/720 markdown-index-B3-owner-team-r2
2026-10-06T15:50:59.196Z 402/720 markdown-index-B3-owner-personal-r2
2026-10-06T15:51:01.172Z 403/720 markdown-index-F-student-team-r2
2026-10-06T15:51:01.234Z 404/720 markdown-index-F-student-personal-r2
2026-10-06T15:51:05.939Z 405/720 markdown-index-F-collaborator-personal-r2
2026-10-06T15:51:05.977Z 406/720 markdown-index-F-owner-team-r2
2026-10-06T15:51:06.030Z 407/720 markdown-index-F-collaborator-team-r2
2026-10-06T15:51:06.034Z 408/720 markdown-index-F-owner-personal-r2
2026-10-06T15:51:06.629Z 409/720 backup-script-B0-student-personal-r2
2026-10-06T15:51:06.643Z 410/720 backup-script-B0-collaborator-team-r2
2026-10-06T15:51:06.646Z 411/720 backup-script-B0-collaborator-personal-r2
2026-10-06T15:51:06.646Z 412/720 backup-script-B0-student-team-r2
2026-10-06T15:51:07.228Z 413/720 backup-script-B2-student-personal-r2
2026-10-06T15:51:07.240Z 414/720 backup-script-B0-owner-personal-r2
2026-10-06T15:51:07.275Z 415/720 backup-script-B0-owner-team-r2
2026-10-06T15:51:07.311Z 416/720 backup-script-B2-student-team-r2
2026-10-06T15:51:07.923Z 417/720 backup-script-B2-owner-personal-r2
2026-10-06T15:51:07.933Z 419/720 backup-script-B2-owner-team-r2
2026-10-06T15:51:07.933Z 419/720 backup-script-B2-collaborator-personal-r2
2026-10-06T15:51:07.967Z 420/720 backup-script-B2-collaborator-team-r2
2026-10-06T15:51:14.560Z 421/720 backup-script-B3-student-personal-r2
2026-10-06T15:51:14.561Z 423/720 backup-script-B3-collaborator-team-r2
2026-10-06T15:51:14.561Z 423/720 backup-script-B3-collaborator-personal-r2
2026-10-06T15:51:14.579Z 424/720 backup-script-B3-student-team-r2
2026-10-06T15:51:21.210Z 425/720 backup-script-B3-owner-personal-r2
2026-10-06T15:51:21.243Z 426/720 backup-script-B3-owner-team-r2
2026-10-06T15:51:23.302Z 427/720 backup-script-F-student-personal-r2
2026-10-06T15:51:23.331Z 428/720 backup-script-F-student-team-r2
2026-10-06T15:51:30.260Z 429/720 backup-script-F-collaborator-personal-r2
2026-10-06T15:51:30.286Z 430/720 backup-script-F-owner-personal-r2
2026-10-06T15:51:30.291Z 431/720 backup-script-F-collaborator-team-r2
2026-10-06T15:51:30.323Z 432/720 backup-script-F-owner-team-r2
2026-10-06T15:51:31.054Z 433/720 team-greeting-B0-collaborator-personal-r2
2026-10-06T15:51:31.071Z 434/720 team-greeting-B0-student-personal-r2
2026-10-06T15:51:31.071Z 435/720 team-greeting-B0-student-team-r2
2026-10-06T15:51:31.118Z 436/720 team-greeting-B0-collaborator-team-r2
2026-10-06T15:51:31.935Z 437/720 team-greeting-B2-student-personal-r2
2026-10-06T15:51:31.940Z 438/720 team-greeting-B2-student-team-r2
2026-10-06T15:51:31.950Z 439/720 team-greeting-B0-owner-personal-r2
2026-10-06T15:51:31.975Z 440/720 team-greeting-B0-owner-team-r2
2026-10-06T15:51:32.986Z 441/720 team-greeting-B2-collaborator-team-r2
2026-10-06T15:51:33.009Z 442/720 team-greeting-B2-collaborator-personal-r2
2026-10-06T15:51:33.052Z 443/720 team-greeting-B2-owner-personal-r2
2026-10-06T15:51:33.073Z 444/720 team-greeting-B2-owner-team-r2
2026-10-06T15:51:34.260Z 445/720 team-greeting-B3-student-team-r2
2026-10-06T15:51:34.262Z 446/720 team-greeting-B3-collaborator-personal-r2
2026-10-06T15:51:34.281Z 447/720 team-greeting-B3-collaborator-team-r2
2026-10-06T15:51:34.318Z 448/720 team-greeting-B3-student-personal-r2
2026-10-06T15:51:35.613Z 449/720 team-greeting-B3-owner-personal-r2
2026-10-06T15:51:35.671Z 450/720 team-greeting-B3-owner-team-r2
2026-10-06T15:51:39.565Z 451/720 team-greeting-F-student-personal-r2
2026-10-06T15:51:39.570Z 452/720 team-greeting-F-student-team-r2
2026-10-06T15:51:40.279Z 453/720 team-greeting-F-owner-personal-r2
2026-10-06T15:51:40.295Z 454/720 team-greeting-F-collaborator-team-r2
2026-10-06T15:51:40.305Z 455/720 team-greeting-F-owner-team-r2
2026-10-06T15:51:40.316Z 456/720 team-greeting-F-collaborator-personal-r2
2026-10-06T15:51:41.099Z 457/720 module-refactor-B0-collaborator-personal-r2
2026-10-06T15:51:41.101Z 459/720 module-refactor-B0-student-team-r2
2026-10-06T15:51:41.101Z 460/720 module-refactor-B0-collaborator-team-r2
2026-10-06T15:51:41.101Z 460/720 module-refactor-B0-student-personal-r2
2026-10-06T15:51:41.947Z 461/720 module-refactor-B0-owner-personal-r2
2026-10-06T15:51:41.949Z 462/720 module-refactor-B2-student-personal-r2
2026-10-06T15:51:41.968Z 463/720 module-refactor-B0-owner-team-r2
2026-10-06T15:51:41.979Z 464/720 module-refactor-B2-student-team-r2
2026-10-06T15:51:42.752Z 465/720 module-refactor-B2-collaborator-personal-r2
2026-10-06T15:51:42.771Z 467/720 module-refactor-B2-collaborator-team-r2
2026-10-06T15:51:42.771Z 467/720 module-refactor-B2-owner-personal-r2
2026-10-06T15:51:42.787Z 468/720 module-refactor-B2-owner-team-r2
2026-10-06T15:51:43.553Z 470/720 module-refactor-B3-collaborator-personal-r2
2026-10-06T15:51:43.553Z 470/720 module-refactor-B3-student-personal-r2
2026-10-06T15:51:43.579Z 471/720 module-refactor-B3-collaborator-team-r2
2026-10-06T15:51:43.597Z 472/720 module-refactor-B3-student-team-r2
2026-10-06T15:51:44.333Z 473/720 module-refactor-B3-owner-personal-r2
2026-10-06T15:51:44.360Z 474/720 module-refactor-B3-owner-team-r2
2026-10-06T15:51:46.354Z 475/720 module-refactor-F-student-personal-r2
2026-10-06T15:51:46.365Z 476/720 module-refactor-F-student-team-r2
2026-10-06T15:51:47.107Z 477/720 module-refactor-F-owner-personal-r2
2026-10-06T15:51:47.119Z 478/720 module-refactor-F-collaborator-personal-r2
2026-10-06T15:51:47.131Z 479/720 module-refactor-F-owner-team-r2
2026-10-06T15:51:47.141Z 480/720 module-refactor-F-collaborator-team-r2
2026-10-06T15:51:47.740Z 481/720 todo-cli-B0-collaborator-personal-r3
2026-10-06T15:51:47.747Z 482/720 todo-cli-B0-collaborator-team-r3
2026-10-06T15:51:47.758Z 483/720 todo-cli-B0-student-personal-r3
2026-10-06T15:51:47.766Z 484/720 todo-cli-B0-student-team-r3
2026-10-06T15:51:48.306Z 485/720 todo-cli-B0-owner-personal-r3
2026-10-06T15:51:48.326Z 486/720 todo-cli-B2-student-personal-r3
2026-10-06T15:51:48.352Z 487/720 todo-cli-B2-student-team-r3
2026-10-06T15:51:48.373Z 488/720 todo-cli-B0-owner-team-r3
2026-10-06T15:51:48.963Z 489/720 todo-cli-B2-owner-personal-r3
2026-10-06T15:51:48.975Z 490/720 todo-cli-B2-collaborator-personal-r3
2026-10-06T15:51:48.984Z 491/720 todo-cli-B2-owner-team-r3
2026-10-06T15:51:49.010Z 492/720 todo-cli-B2-collaborator-team-r3
2026-10-06T15:51:49.636Z 493/720 todo-cli-B3-student-personal-r3
2026-10-06T15:51:49.652Z 494/720 todo-cli-B3-collaborator-personal-r3
2026-10-06T15:51:49.656Z 495/720 todo-cli-B3-collaborator-team-r3
2026-10-06T15:51:49.658Z 496/720 todo-cli-B3-student-team-r3
2026-10-06T15:51:50.264Z 497/720 todo-cli-B3-owner-personal-r3
2026-10-06T15:51:50.312Z 498/720 todo-cli-B3-owner-team-r3
2026-10-06T15:51:54.258Z 499/720 todo-cli-F-student-personal-r3
2026-10-06T15:51:54.259Z 500/720 todo-cli-F-student-team-r3
2026-10-06T15:51:54.886Z 501/720 todo-cli-F-owner-personal-r3
2026-10-06T15:51:54.894Z 502/720 todo-cli-F-collaborator-personal-r3
2026-10-06T15:51:54.895Z 503/720 todo-cli-F-owner-team-r3
2026-10-06T15:51:54.947Z 504/720 todo-cli-F-collaborator-team-r3
2026-10-06T15:51:55.819Z 505/720 csv-summary-B0-collaborator-personal-r3
2026-10-06T15:51:55.830Z 506/720 csv-summary-B0-student-team-r3
2026-10-06T15:51:55.849Z 507/720 csv-summary-B0-collaborator-team-r3
2026-10-06T15:51:55.896Z 508/720 csv-summary-B0-student-personal-r3
2026-10-06T15:51:56.687Z 509/720 csv-summary-B0-owner-team-r3
2026-10-06T15:51:56.703Z 511/720 csv-summary-B2-student-personal-r3
2026-10-06T15:51:56.703Z 511/720 csv-summary-B0-owner-personal-r3
2026-10-06T15:51:56.717Z 512/720 csv-summary-B2-student-team-r3
2026-10-06T15:51:57.518Z 513/720 csv-summary-B2-owner-personal-r3
2026-10-06T15:51:57.538Z 514/720 csv-summary-B2-owner-team-r3
2026-10-06T15:51:57.616Z 515/720 csv-summary-B2-collaborator-personal-r3
2026-10-06T15:51:57.626Z 516/720 csv-summary-B2-collaborator-team-r3
2026-10-06T15:52:02.326Z 517/720 csv-summary-B3-student-personal-r3
2026-10-06T15:52:02.342Z 518/720 csv-summary-B3-collaborator-team-r3
2026-10-06T15:52:02.371Z 519/720 csv-summary-B3-collaborator-personal-r3
2026-10-06T15:52:02.424Z 520/720 csv-summary-B3-student-team-r3
2026-10-06T15:52:07.606Z 521/720 csv-summary-B3-owner-personal-r3
2026-10-06T15:52:07.659Z 522/720 csv-summary-B3-owner-team-r3
2026-10-06T15:52:09.432Z 523/720 csv-summary-F-student-team-r3
2026-10-06T15:52:09.443Z 524/720 csv-summary-F-student-personal-r3
2026-10-06T15:52:14.468Z 525/720 csv-summary-F-collaborator-personal-r3
2026-10-06T15:52:14.533Z 526/720 csv-summary-F-collaborator-team-r3
2026-10-06T15:52:14.675Z 527/720 csv-summary-F-owner-personal-r3
2026-10-06T15:52:14.717Z 528/720 csv-summary-F-owner-team-r3
2026-10-06T15:52:15.296Z 529/720 http-client-B0-collaborator-personal-r3
2026-10-06T15:52:15.302Z 530/720 http-client-B0-student-team-r3
2026-10-06T15:52:15.316Z 531/720 http-client-B0-student-personal-r3
2026-10-06T15:52:15.368Z 532/720 http-client-B0-collaborator-team-r3
2026-10-06T15:52:15.953Z 533/720 http-client-B0-owner-team-r3
2026-10-06T15:52:15.957Z 534/720 http-client-B0-owner-personal-r3
2026-10-06T15:52:15.967Z 535/720 http-client-B2-student-personal-r3
2026-10-06T15:52:15.997Z 536/720 http-client-B2-student-team-r3
2026-10-06T15:52:16.589Z 537/720 http-client-B2-owner-personal-r3
2026-10-06T15:52:16.609Z 538/720 http-client-B2-collaborator-team-r3
2026-10-06T15:52:16.648Z 539/720 http-client-B2-collaborator-personal-r3
2026-10-06T15:52:16.698Z 540/720 http-client-B2-owner-team-r3
2026-10-06T15:52:21.224Z 541/720 http-client-B3-student-personal-r3
2026-10-06T15:52:21.284Z 542/720 http-client-B3-collaborator-personal-r3
2026-10-06T15:52:21.318Z 543/720 http-client-B3-collaborator-team-r3
2026-10-06T15:52:21.349Z 544/720 http-client-B3-student-team-r3
2026-10-06T15:52:25.985Z 545/720 http-client-B3-owner-personal-r3
2026-10-06T15:52:26.073Z 546/720 http-client-B3-owner-team-r3
2026-10-06T15:52:27.952Z 547/720 http-client-F-student-team-r3
2026-10-06T15:52:28.012Z 548/720 http-client-F-student-personal-r3
2026-10-06T15:52:32.601Z 549/720 http-client-F-collaborator-personal-r3
2026-10-06T15:52:32.655Z 550/720 http-client-F-owner-team-r3
2026-10-06T15:52:32.680Z 551/720 http-client-F-collaborator-team-r3
2026-10-06T15:52:32.680Z 552/720 http-client-F-owner-personal-r3
2026-10-06T15:52:33.254Z 553/720 config-loader-B0-student-personal-r3
2026-10-06T15:52:33.269Z 554/720 config-loader-B0-collaborator-personal-r3
2026-10-06T15:52:33.281Z 555/720 config-loader-B0-student-team-r3
2026-10-06T15:52:33.296Z 556/720 config-loader-B0-collaborator-team-r3
2026-10-06T15:52:33.872Z 558/720 config-loader-B2-student-personal-r3
2026-10-06T15:52:33.872Z 558/720 config-loader-B0-owner-personal-r3
2026-10-06T15:52:33.919Z 560/720 config-loader-B2-student-team-r3
2026-10-06T15:52:33.919Z 560/720 config-loader-B0-owner-team-r3
2026-10-06T15:52:34.472Z 561/720 config-loader-B2-collaborator-personal-r3
2026-10-06T15:52:34.505Z 562/720 config-loader-B2-owner-personal-r3
2026-10-06T15:52:34.519Z 563/720 config-loader-B2-collaborator-team-r3
2026-10-06T15:52:34.536Z 564/720 config-loader-B2-owner-team-r3
2026-10-06T15:52:39.105Z 565/720 config-loader-B3-collaborator-personal-r3
2026-10-06T15:52:39.191Z 566/720 config-loader-B3-student-team-r3
2026-10-06T15:52:39.195Z 567/720 config-loader-B3-student-personal-r3
2026-10-06T15:52:39.202Z 568/720 config-loader-B3-collaborator-team-r3
2026-10-06T15:52:43.833Z 569/720 config-loader-B3-owner-personal-r3
2026-10-06T15:52:43.933Z 570/720 config-loader-B3-owner-team-r3
2026-10-06T15:52:45.818Z 571/720 config-loader-F-student-personal-r3
2026-10-06T15:52:45.857Z 572/720 config-loader-F-student-team-r3
2026-10-06T15:52:50.466Z 573/720 config-loader-F-owner-personal-r3
2026-10-06T15:52:50.498Z 574/720 config-loader-F-collaborator-team-r3
2026-10-06T15:52:50.536Z 575/720 config-loader-F-collaborator-personal-r3
2026-10-06T15:52:50.590Z 576/720 config-loader-F-owner-team-r3
2026-10-06T15:52:51.340Z 577/720 test-fix-B0-student-team-r3
2026-10-06T15:52:51.340Z 578/720 test-fix-B0-collaborator-personal-r3
2026-10-06T15:52:51.341Z 580/720 test-fix-B0-student-personal-r3
2026-10-06T15:52:51.341Z 580/720 test-fix-B0-collaborator-team-r3
2026-10-06T15:52:52.026Z 582/720 test-fix-B0-owner-personal-r3
2026-10-06T15:52:52.026Z 582/720 test-fix-B2-student-personal-r3
2026-10-06T15:52:52.049Z 584/720 test-fix-B0-owner-team-r3
2026-10-06T15:52:52.049Z 584/720 test-fix-B2-student-team-r3
2026-10-06T15:52:52.698Z 585/720 test-fix-B2-owner-personal-r3
2026-10-06T15:52:52.709Z 586/720 test-fix-B2-collaborator-personal-r3
2026-10-06T15:52:52.733Z 588/720 test-fix-B2-collaborator-team-r3
2026-10-06T15:52:52.733Z 588/720 test-fix-B2-owner-team-r3
2026-10-06T15:52:53.418Z 589/720 test-fix-B3-student-personal-r3
2026-10-06T15:52:53.425Z 590/720 test-fix-B3-collaborator-personal-r3
2026-10-06T15:52:53.434Z 591/720 test-fix-B3-student-team-r3
2026-10-06T15:52:53.446Z 592/720 test-fix-B3-collaborator-team-r3
2026-10-06T15:52:54.126Z 594/720 test-fix-B3-owner-team-r3
2026-10-06T15:52:54.126Z 594/720 test-fix-B3-owner-personal-r3
2026-10-06T15:52:56.123Z 595/720 test-fix-F-student-personal-r3
2026-10-06T15:52:56.152Z 596/720 test-fix-F-student-team-r3
2026-10-06T15:52:56.930Z 597/720 test-fix-F-owner-personal-r3
2026-10-06T15:52:56.952Z 598/720 test-fix-F-collaborator-personal-r3
2026-10-06T15:52:56.981Z 599/720 test-fix-F-owner-team-r3
2026-10-06T15:52:56.993Z 600/720 test-fix-F-collaborator-team-r3
2026-10-06T15:52:57.696Z 601/720 log-parser-B0-collaborator-personal-r3
2026-10-06T15:52:57.768Z 602/720 log-parser-B0-student-personal-r3
2026-10-06T15:52:57.776Z 603/720 log-parser-B0-student-team-r3
2026-10-06T15:52:57.794Z 604/720 log-parser-B0-collaborator-team-r3
2026-10-06T15:52:58.439Z 605/720 log-parser-B2-student-personal-r3
2026-10-06T15:52:58.450Z 606/720 log-parser-B0-owner-personal-r3
2026-10-06T15:52:58.490Z 607/720 log-parser-B2-student-team-r3
2026-10-06T15:52:58.501Z 608/720 log-parser-B0-owner-team-r3
2026-10-06T15:52:59.180Z 609/720 log-parser-B2-collaborator-personal-r3
2026-10-06T15:52:59.209Z 610/720 log-parser-B2-collaborator-team-r3
2026-10-06T15:52:59.219Z 611/720 log-parser-B2-owner-personal-r3
2026-10-06T15:52:59.262Z 612/720 log-parser-B2-owner-team-r3
2026-10-06T15:53:03.910Z 613/720 log-parser-B3-collaborator-personal-r3
2026-10-06T15:53:03.932Z 614/720 log-parser-B3-student-team-r3
2026-10-06T15:53:03.989Z 615/720 log-parser-B3-student-personal-r3
2026-10-06T15:53:04.035Z 616/720 log-parser-B3-collaborator-team-r3
2026-10-06T15:53:08.615Z 617/720 log-parser-B3-owner-team-r3
2026-10-06T15:53:08.649Z 618/720 log-parser-B3-owner-personal-r3
2026-10-06T15:53:10.581Z 619/720 log-parser-F-student-team-r3
2026-10-06T15:53:10.628Z 620/720 log-parser-F-student-personal-r3
2026-10-06T15:53:15.256Z 621/720 log-parser-F-owner-team-r3
2026-10-06T15:53:15.277Z 622/720 log-parser-F-collaborator-team-r3
2026-10-06T15:53:15.297Z 623/720 log-parser-F-collaborator-personal-r3
2026-10-06T15:53:15.325Z 624/720 log-parser-F-owner-personal-r3
2026-10-06T15:53:15.958Z 625/720 markdown-index-B0-collaborator-personal-r3
2026-10-06T15:53:15.987Z 626/720 markdown-index-B0-student-team-r3
2026-10-06T15:53:16.002Z 627/720 markdown-index-B0-collaborator-team-r3
2026-10-06T15:53:16.021Z 628/720 markdown-index-B0-student-personal-r3
2026-10-06T15:53:16.673Z 629/720 markdown-index-B0-owner-personal-r3
2026-10-06T15:53:16.683Z 630/720 markdown-index-B2-student-personal-r3
2026-10-06T15:53:16.712Z 631/720 markdown-index-B2-student-team-r3
2026-10-06T15:53:16.743Z 632/720 markdown-index-B0-owner-team-r3
2026-10-06T15:53:17.416Z 633/720 markdown-index-B2-owner-team-r3
2026-10-06T15:53:17.434Z 634/720 markdown-index-B2-owner-personal-r3
2026-10-06T15:53:17.462Z 635/720 markdown-index-B2-collaborator-team-r3
2026-10-06T15:53:17.470Z 636/720 markdown-index-B2-collaborator-personal-r3
2026-10-06T15:53:22.119Z 637/720 markdown-index-B3-student-personal-r3
2026-10-06T15:53:22.131Z 639/720 markdown-index-B3-collaborator-personal-r3
2026-10-06T15:53:22.131Z 639/720 markdown-index-B3-collaborator-team-r3
2026-10-06T15:53:22.131Z 640/720 markdown-index-B3-student-team-r3
2026-10-06T15:53:26.826Z 641/720 markdown-index-B3-owner-team-r3
2026-10-06T15:53:26.880Z 642/720 markdown-index-B3-owner-personal-r3
2026-10-06T15:53:28.802Z 643/720 markdown-index-F-student-personal-r3
2026-10-06T15:53:28.811Z 644/720 markdown-index-F-student-team-r3
2026-10-06T15:53:33.458Z 645/720 markdown-index-F-collaborator-personal-r3
2026-10-06T15:53:33.462Z 646/720 markdown-index-F-collaborator-team-r3
2026-10-06T15:53:33.537Z 647/720 markdown-index-F-owner-personal-r3
2026-10-06T15:53:33.580Z 648/720 markdown-index-F-owner-team-r3
2026-10-06T15:53:34.212Z 650/720 backup-script-B0-collaborator-personal-r3
2026-10-06T15:53:34.212Z 650/720 backup-script-B0-student-personal-r3
2026-10-06T15:53:34.263Z 651/720 backup-script-B0-collaborator-team-r3
2026-10-06T15:53:34.265Z 652/720 backup-script-B0-student-team-r3
2026-10-06T15:53:34.833Z 653/720 backup-script-B0-owner-personal-r3
2026-10-06T15:53:34.872Z 654/720 backup-script-B2-student-personal-r3
2026-10-06T15:53:34.893Z 655/720 backup-script-B2-student-team-r3
2026-10-06T15:53:34.908Z 656/720 backup-script-B0-owner-team-r3
2026-10-06T15:53:35.543Z 657/720 backup-script-B2-owner-personal-r3
2026-10-06T15:53:35.560Z 658/720 backup-script-B2-collaborator-personal-r3
2026-10-06T15:53:35.561Z 659/720 backup-script-B2-collaborator-team-r3
2026-10-06T15:53:35.567Z 660/720 backup-script-B2-owner-team-r3
2026-10-06T15:53:42.149Z 661/720 backup-script-B3-student-personal-r3
2026-10-06T15:53:42.160Z 662/720 backup-script-B3-collaborator-team-r3
2026-10-06T15:53:42.165Z 663/720 backup-script-B3-collaborator-personal-r3
2026-10-06T15:53:42.188Z 664/720 backup-script-B3-student-team-r3
2026-10-06T15:53:48.835Z 665/720 backup-script-B3-owner-personal-r3
2026-10-06T15:53:48.920Z 666/720 backup-script-B3-owner-team-r3
2026-10-06T15:53:50.826Z 667/720 backup-script-F-student-personal-r3
2026-10-06T15:53:50.830Z 668/720 backup-script-F-student-team-r3
2026-10-06T15:53:57.444Z 669/720 backup-script-F-collaborator-personal-r3
2026-10-06T15:53:57.453Z 670/720 backup-script-F-collaborator-team-r3
2026-10-06T15:53:57.530Z 671/720 backup-script-F-owner-personal-r3
2026-10-06T15:53:57.544Z 672/720 backup-script-F-owner-team-r3
2026-10-06T15:53:58.186Z 673/720 team-greeting-B0-collaborator-personal-r3
2026-10-06T15:53:58.193Z 674/720 team-greeting-B0-collaborator-team-r3
2026-10-06T15:53:58.193Z 675/720 team-greeting-B0-student-personal-r3
2026-10-06T15:53:58.220Z 676/720 team-greeting-B0-student-team-r3
2026-10-06T15:53:58.883Z 678/720 team-greeting-B0-owner-personal-r3
2026-10-06T15:53:58.883Z 678/720 team-greeting-B2-student-team-r3
2026-10-06T15:53:58.890Z 679/720 team-greeting-B0-owner-team-r3
2026-10-06T15:53:58.897Z 680/720 team-greeting-B2-student-personal-r3
2026-10-06T15:53:59.606Z 681/720 team-greeting-B2-owner-team-r3
2026-10-06T15:53:59.617Z 682/720 team-greeting-B2-owner-personal-r3
2026-10-06T15:53:59.627Z 683/720 team-greeting-B2-collaborator-personal-r3
2026-10-06T15:53:59.632Z 684/720 team-greeting-B2-collaborator-team-r3
2026-10-06T15:54:00.352Z 685/720 team-greeting-B3-student-team-r3
2026-10-06T15:54:00.361Z 686/720 team-greeting-B3-student-personal-r3
2026-10-06T15:54:00.366Z 687/720 team-greeting-B3-collaborator-personal-r3
2026-10-06T15:54:00.374Z 688/720 team-greeting-B3-collaborator-team-r3
2026-10-06T15:54:01.098Z 689/720 team-greeting-B3-owner-personal-r3
2026-10-06T15:54:01.100Z 690/720 team-greeting-B3-owner-team-r3
2026-10-06T15:54:05.083Z 691/720 team-greeting-F-student-personal-r3
2026-10-06T15:54:05.104Z 692/720 team-greeting-F-student-team-r3
2026-10-06T15:54:05.792Z 693/720 team-greeting-F-owner-team-r3
2026-10-06T15:54:05.808Z 694/720 team-greeting-F-collaborator-team-r3
2026-10-06T15:54:05.812Z 695/720 team-greeting-F-owner-personal-r3
2026-10-06T15:54:05.825Z 696/720 team-greeting-F-collaborator-personal-r3
2026-10-06T15:54:06.567Z 698/720 module-refactor-B0-collaborator-team-r3
2026-10-06T15:54:06.567Z 698/720 module-refactor-B0-student-team-r3
2026-10-06T15:54:06.567Z 700/720 module-refactor-B0-collaborator-personal-r3
2026-10-06T15:54:06.567Z 700/720 module-refactor-B0-student-personal-r3
2026-10-06T15:54:07.257Z 701/720 module-refactor-B0-owner-personal-r3
2026-10-06T15:54:07.276Z 702/720 module-refactor-B2-student-personal-r3
2026-10-06T15:54:07.284Z 704/720 module-refactor-B2-student-team-r3
2026-10-06T15:54:07.284Z 704/720 module-refactor-B0-owner-team-r3
2026-10-06T15:54:07.958Z 705/720 module-refactor-B2-collaborator-personal-r3
2026-10-06T15:54:07.966Z 706/720 module-refactor-B2-owner-personal-r3
2026-10-06T15:54:07.985Z 708/720 module-refactor-B2-owner-team-r3
2026-10-06T15:54:07.985Z 708/720 module-refactor-B2-collaborator-team-r3
2026-10-06T15:54:08.686Z 709/720 module-refactor-B3-collaborator-personal-r3
2026-10-06T15:54:08.697Z 710/720 module-refactor-B3-student-personal-r3
2026-10-06T15:54:08.719Z 711/720 module-refactor-B3-collaborator-team-r3
2026-10-06T15:54:08.727Z 712/720 module-refactor-B3-student-team-r3
2026-10-06T15:54:09.418Z 713/720 module-refactor-B3-owner-personal-r3
2026-10-06T15:54:09.461Z 714/720 module-refactor-B3-owner-team-r3
2026-10-06T15:54:11.468Z 715/720 module-refactor-F-student-personal-r3
2026-10-06T15:54:11.475Z 716/720 module-refactor-F-student-team-r3
2026-10-06T15:54:12.213Z 717/720 module-refactor-F-collaborator-personal-r3
2026-10-06T15:54:12.224Z 718/720 module-refactor-F-owner-personal-r3
2026-10-06T15:54:12.255Z 719/720 module-refactor-F-collaborator-team-r3
2026-10-06T15:54:12.257Z 720/720 module-refactor-F-owner-team-r3
