2026-10-06T04:00:57.718Z 649/72 backup-script-B0-collaborator-personal-r1
2026-10-06T04:00:57.774Z 650/72 backup-script-B0-student-personal-r1
2026-10-06T04:00:57.789Z 651/72 backup-script-B0-collaborator-team-r1
2026-10-06T04:00:57.793Z 652/72 backup-script-B0-student-team-r1
2026-10-06T04:00:58.450Z 653/72 backup-script-B2-student-personal-r1
2026-10-06T04:00:58.452Z 654/72 backup-script-B0-owner-personal-r1
2026-10-06T04:00:58.493Z 655/72 backup-script-B0-owner-team-r1
2026-10-06T04:00:58.509Z 656/72 backup-script-B2-student-team-r1
2026-10-06T04:00:59.171Z 657/72 backup-script-B2-owner-personal-r1
2026-10-06T04:00:59.202Z 658/72 backup-script-B2-collaborator-personal-r1
2026-10-06T04:00:59.239Z 660/72 backup-script-B2-owner-team-r1
2026-10-06T04:00:59.239Z 660/72 backup-script-B2-collaborator-team-r1
2026-10-06T04:01:05.905Z 661/72 backup-script-B3-collaborator-personal-r1
2026-10-06T04:01:05.918Z 662/72 backup-script-B3-student-personal-r1
2026-10-06T04:01:05.955Z 663/72 backup-script-B3-collaborator-team-r1
2026-10-06T04:01:05.966Z 664/72 backup-script-B3-student-team-r1
2026-10-06T04:01:12.624Z 665/72 backup-script-B3-owner-personal-r1
2026-10-06T04:01:12.633Z 666/72 backup-script-B3-owner-team-r1
2026-10-06T04:01:14.567Z 667/72 backup-script-F-student-personal-r1
2026-10-06T04:01:14.607Z 668/72 backup-script-F-student-team-r1
2026-10-06T04:01:21.240Z 669/72 backup-script-F-collaborator-personal-r1
2026-10-06T04:01:21.291Z 670/72 backup-script-F-owner-team-r1
2026-10-06T04:01:21.342Z 672/72 backup-script-F-collaborator-team-r1
2026-10-06T04:01:21.342Z 672/72 backup-script-F-owner-personal-r1
2026-10-06T04:01:21.946Z 673/72 backup-script-B0-collaborator-personal-r2
2026-10-06T04:01:21.951Z 674/72 backup-script-B0-student-personal-r2
2026-10-06T04:01:21.968Z 675/72 backup-script-B0-collaborator-team-r2
2026-10-06T04:01:21.973Z 676/72 backup-script-B0-student-team-r2
2026-10-06T04:01:22.631Z 677/72 backup-script-B2-student-personal-r2
2026-10-06T04:01:22.659Z 678/72 backup-script-B0-owner-personal-r2
2026-10-06T04:01:22.679Z 679/72 backup-script-B2-student-team-r2
2026-10-06T04:01:22.689Z 680/72 backup-script-B0-owner-team-r2
2026-10-06T04:01:23.357Z 681/72 backup-script-B2-collaborator-personal-r2
2026-10-06T04:01:23.381Z 682/72 backup-script-B2-owner-personal-r2
2026-10-06T04:01:23.424Z 683/72 backup-script-B2-owner-team-r2
2026-10-06T04:01:23.463Z 684/72 backup-script-B2-collaborator-team-r2
2026-10-06T04:01:30.311Z 685/72 backup-script-B3-student-personal-r2
2026-10-06T04:01:30.318Z 686/72 backup-script-B3-collaborator-personal-r2
2026-10-06T04:01:30.362Z 687/72 backup-script-B3-student-team-r2
2026-10-06T04:01:30.372Z 688/72 backup-script-B3-collaborator-team-r2
2026-10-06T04:01:37.080Z 689/72 backup-script-B3-owner-personal-r2
2026-10-06T04:01:37.133Z 690/72 backup-script-B3-owner-team-r2
2026-10-06T04:01:39.050Z 691/72 backup-script-F-student-personal-r2
2026-10-06T04:01:39.165Z 692/72 backup-script-F-student-team-r2
2026-10-06T04:01:45.760Z 693/72 backup-script-F-collaborator-personal-r2
2026-10-06T04:01:45.804Z 694/72 backup-script-F-collaborator-team-r2
2026-10-06T04:01:45.817Z 695/72 backup-script-F-owner-personal-r2
2026-10-06T04:01:45.841Z 696/72 backup-script-F-owner-team-r2
2026-10-06T04:01:46.437Z 697/72 backup-script-B0-student-personal-r3
2026-10-06T04:01:46.454Z 698/72 backup-script-B0-collaborator-personal-r3
2026-10-06T04:01:46.493Z 699/72 backup-script-B0-collaborator-team-r3
2026-10-06T04:01:46.494Z 700/72 backup-script-B0-student-team-r3
2026-10-06T04:01:47.217Z 701/72 backup-script-B0-owner-personal-r3
2026-10-06T04:01:47.232Z 702/72 backup-script-B2-student-personal-r3
2026-10-06T04:01:47.277Z 704/72 backup-script-B2-student-team-r3
2026-10-06T04:01:47.278Z 704/72 backup-script-B0-owner-team-r3
2026-10-06T04:01:48.155Z 705/72 backup-script-B2-collaborator-team-r3
2026-10-06T04:01:48.177Z 707/72 backup-script-B2-collaborator-personal-r3
2026-10-06T04:01:48.177Z 707/72 backup-script-B2-owner-personal-r3
2026-10-06T04:01:48.183Z 708/72 backup-script-B2-owner-team-r3
2026-10-06T04:01:54.858Z 709/72 backup-script-B3-student-personal-r3
2026-10-06T04:01:54.872Z 710/72 backup-script-B3-collaborator-personal-r3
2026-10-06T04:01:54.874Z 711/72 backup-script-B3-student-team-r3
2026-10-06T04:01:54.888Z 712/72 backup-script-B3-collaborator-team-r3
2026-10-06T04:02:01.481Z 713/72 backup-script-B3-owner-personal-r3
2026-10-06T04:02:01.576Z 714/72 backup-script-B3-owner-team-r3
2026-10-06T04:02:03.450Z 715/72 backup-script-F-student-personal-r3
2026-10-06T04:02:03.471Z 716/72 backup-script-F-student-team-r3
2026-10-06T04:02:10.041Z 717/72 backup-script-F-collaborator-personal-r3
2026-10-06T04:02:10.066Z 718/72 backup-script-F-collaborator-team-r3
2026-10-06T04:02:10.106Z 719/72 backup-script-F-owner-team-r3
2026-10-06T04:02:10.152Z 720/72 backup-script-F-owner-personal-r3
