2026-10-06T03:49:40.220Z 1/720 todo-cli-B0-student-personal-r1
2026-10-06T03:49:40.276Z 2/720 todo-cli-B0-collaborator-team-r1
2026-10-06T03:49:40.299Z 3/720 todo-cli-B0-student-team-r1
2026-10-06T03:49:40.361Z 4/720 todo-cli-B0-collaborator-personal-r1
2026-10-06T03:49:41.167Z 5/720 todo-cli-B0-owner-personal-r1
2026-10-06T03:49:41.179Z 6/720 todo-cli-B2-student-personal-r1
2026-10-06T03:49:41.182Z 7/720 todo-cli-B2-student-team-r1
2026-10-06T03:49:41.246Z 8/720 todo-cli-B0-owner-team-r1
2026-10-06T03:49:42.335Z 9/720 todo-cli-B2-collaborator-personal-r1
2026-10-06T03:49:42.357Z 10/720 todo-cli-B2-owner-team-r1
2026-10-06T03:49:42.364Z 11/720 todo-cli-B2-owner-personal-r1
2026-10-06T03:49:42.396Z 12/720 todo-cli-B2-collaborator-team-r1
2026-10-06T03:49:43.278Z 13/720 todo-cli-B3-student-personal-r1
2026-10-06T03:49:43.331Z 14/720 todo-cli-B3-student-team-r1
2026-10-06T03:49:43.331Z 15/720 todo-cli-B3-collaborator-personal-r1
2026-10-06T03:49:43.333Z 16/720 todo-cli-B3-collaborator-team-r1
2026-10-06T03:49:44.038Z 18/720 todo-cli-B3-owner-personal-r1
2026-10-06T03:49:44.038Z 18/720 todo-cli-B3-owner-team-r1
2026-10-06T03:49:47.985Z 19/720 todo-cli-F-student-team-r1
2026-10-06T03:49:47.990Z 20/720 todo-cli-F-student-personal-r1
2026-10-06T03:49:48.723Z 21/720 todo-cli-F-owner-personal-r1
2026-10-06T03:49:48.742Z 22/720 todo-cli-F-owner-team-r1
2026-10-06T03:49:48.749Z 23/720 todo-cli-F-collaborator-personal-r1
2026-10-06T03:49:48.795Z 24/720 todo-cli-F-collaborator-team-r1
2026-10-06T03:49:49.723Z 26/720 csv-summary-B0-student-team-r1
2026-10-06T03:49:49.723Z 26/720 csv-summary-B0-student-personal-r1
2026-10-06T03:49:49.739Z 27/720 csv-summary-B0-collaborator-team-r1
2026-10-06T03:49:49.798Z 28/720 csv-summary-B0-collaborator-personal-r1
2026-10-06T03:49:50.833Z 29/720 csv-summary-B0-owner-personal-r1
2026-10-06T03:49:50.890Z 30/720 csv-summary-B2-student-team-r1
2026-10-06T03:49:50.909Z 31/720 csv-summary-B2-student-personal-r1
2026-10-06T03:49:50.920Z 32/720 csv-summary-B0-owner-team-r1
2026-10-06T03:49:52.070Z 33/720 csv-summary-B2-collaborator-personal-r1
2026-10-06T03:49:52.080Z 34/720 csv-summary-B2-owner-personal-r1
2026-10-06T03:49:52.082Z 36/720 csv-summary-B2-owner-team-r1
2026-10-06T03:49:52.082Z 36/720 csv-summary-B2-collaborator-team-r1
2026-10-06T03:49:57.147Z 37/720 csv-summary-B3-student-personal-r1
2026-10-06T03:49:57.172Z 38/720 csv-summary-B3-collaborator-team-r1
2026-10-06T03:49:57.177Z 39/720 csv-summary-B3-collaborator-personal-r1
2026-10-06T03:49:57.180Z 40/720 csv-summary-B3-student-team-r1
2026-10-06T03:50:02.373Z 41/720 csv-summary-B3-owner-personal-r1
2026-10-06T03:50:02.428Z 42/720 csv-summary-B3-owner-team-r1
2026-10-06T03:50:04.186Z 43/720 csv-summary-F-student-personal-r1
2026-10-06T03:50:04.198Z 44/720 csv-summary-F-student-team-r1
2026-10-06T03:50:09.619Z 45/720 csv-summary-F-collaborator-team-r1
2026-10-06T03:50:09.682Z 46/720 csv-summary-F-collaborator-personal-r1
2026-10-06T03:50:09.860Z 47/720 csv-summary-F-owner-personal-r1
2026-10-06T03:50:09.892Z 48/720 csv-summary-F-owner-team-r1
2026-10-06T03:50:11.194Z 49/720 http-client-B0-collaborator-team-r1
2026-10-06T03:50:11.235Z 50/720 http-client-B0-student-personal-r1
2026-10-06T03:50:11.286Z 51/720 http-client-B0-collaborator-personal-r1
2026-10-06T03:50:11.309Z 52/720 http-client-B0-student-team-r1
2026-10-06T03:50:12.047Z 53/720 http-client-B2-student-personal-r1
2026-10-06T03:50:12.107Z 54/720 http-client-B0-owner-personal-r1
2026-10-06T03:50:12.147Z 55/720 http-client-B0-owner-team-r1
2026-10-06T03:50:12.168Z 56/720 http-client-B2-student-team-r1
2026-10-06T03:50:13.464Z 57/720 http-client-B2-collaborator-personal-r1
2026-10-06T03:50:13.597Z 58/720 http-client-B2-owner-team-r1
2026-10-06T03:50:13.634Z 59/720 http-client-B2-collaborator-team-r1
2026-10-06T03:50:13.668Z 60/720 http-client-B2-owner-personal-r1
2026-10-06T03:50:19.065Z 61/720 http-client-B3-student-personal-r1
2026-10-06T03:50:19.171Z 62/720 http-client-B3-collaborator-personal-r1
2026-10-06T03:50:19.237Z 63/720 http-client-B3-student-team-r1
2026-10-06T03:50:19.462Z 64/720 http-client-B3-collaborator-team-r1
2026-10-06T03:50:25.011Z 65/720 http-client-B3-owner-team-r1
2026-10-06T03:50:25.090Z 66/720 http-client-B3-owner-personal-r1
2026-10-06T03:50:26.967Z 67/720 http-client-F-student-personal-r1
2026-10-06T03:50:27.014Z 68/720 http-client-F-student-team-r1
2026-10-06T03:50:32.462Z 69/720 http-client-F-collaborator-personal-r1
2026-10-06T03:50:32.497Z 70/720 http-client-F-collaborator-team-r1
2026-10-06T03:50:32.516Z 71/720 http-client-F-owner-personal-r1
2026-10-06T03:50:32.596Z 72/720 http-client-F-owner-team-r1
2026-10-06T03:50:33.701Z 73/720 config-loader-B0-student-personal-r1
2026-10-06T03:50:33.712Z 74/720 config-loader-B0-collaborator-personal-r1
2026-10-06T03:50:33.733Z 75/720 config-loader-B0-student-team-r1
2026-10-06T03:50:33.734Z 76/720 config-loader-B0-collaborator-team-r1
2026-10-06T03:50:35.035Z 77/720 config-loader-B2-student-personal-r1
2026-10-06T03:50:35.075Z 78/720 config-loader-B0-owner-personal-r1
2026-10-06T03:50:35.161Z 79/720 config-loader-B2-student-team-r1
2026-10-06T03:50:35.187Z 80/720 config-loader-B0-owner-team-r1
2026-10-06T03:50:36.352Z 81/720 config-loader-B2-collaborator-personal-r1
2026-10-06T03:50:36.399Z 82/720 config-loader-B2-owner-team-r1
2026-10-06T03:50:36.403Z 83/720 config-loader-B2-collaborator-team-r1
2026-10-06T03:50:36.407Z 84/720 config-loader-B2-owner-personal-r1
2026-10-06T03:50:41.884Z 85/720 config-loader-B3-student-personal-r1
2026-10-06T03:50:41.904Z 86/720 config-loader-B3-collaborator-personal-r1
2026-10-06T03:50:41.932Z 87/720 config-loader-B3-student-team-r1
2026-10-06T03:50:42.005Z 88/720 config-loader-B3-collaborator-team-r1
2026-10-06T03:50:46.961Z 89/720 config-loader-B3-owner-personal-r1
2026-10-06T03:50:46.964Z 90/720 config-loader-B3-owner-team-r1
2026-10-06T03:50:48.836Z 91/720 config-loader-F-student-personal-r1
2026-10-06T03:50:48.892Z 92/720 config-loader-F-student-team-r1
2026-10-06T03:50:53.926Z 93/720 config-loader-F-collaborator-team-r1
2026-10-06T03:50:53.951Z 94/720 config-loader-F-collaborator-personal-r1
2026-10-06T03:50:54.022Z 95/720 config-loader-F-owner-team-r1
2026-10-06T03:50:54.898Z 96/720 config-loader-F-owner-personal-r1
2026-10-06T03:50:56.216Z 98/720 test-fix-B0-student-personal-r1
2026-10-06T03:50:56.216Z 98/720 test-fix-B0-student-team-r1
2026-10-06T03:50:56.217Z 99/720 test-fix-B0-collaborator-personal-r1
2026-10-06T03:50:56.247Z 100/720 test-fix-B0-collaborator-team-r1
2026-10-06T03:50:57.057Z 101/720 test-fix-B0-owner-personal-r1
2026-10-06T03:50:57.101Z 102/720 test-fix-B2-student-team-r1
2026-10-06T03:50:57.107Z 103/720 test-fix-B2-student-personal-r1
2026-10-06T03:50:57.120Z 104/720 test-fix-B0-owner-team-r1
2026-10-06T03:50:58.120Z 105/720 test-fix-B2-collaborator-personal-r1
2026-10-06T03:50:58.145Z 106/720 test-fix-B2-owner-personal-r1
2026-10-06T03:50:58.186Z 107/720 test-fix-B2-collaborator-team-r1
2026-10-06T03:50:58.187Z 108/720 test-fix-B2-owner-team-r1
2026-10-06T03:50:59.981Z 109/720 test-fix-B3-collaborator-personal-r1
2026-10-06T03:50:59.995Z 111/720 test-fix-B3-student-team-r1
2026-10-06T03:50:59.995Z 111/720 test-fix-B3-student-personal-r1
2026-10-06T03:51:00.050Z 112/720 test-fix-B3-collaborator-team-r1
2026-10-06T03:51:00.847Z 113/720 test-fix-B3-owner-personal-r1
2026-10-06T03:51:00.892Z 114/720 test-fix-B3-owner-team-r1
2026-10-06T03:51:02.856Z 116/720 test-fix-F-student-personal-r1
2026-10-06T03:51:02.856Z 116/720 test-fix-F-student-team-r1
2026-10-06T03:51:04.013Z 117/720 test-fix-F-owner-personal-r1
2026-10-06T03:51:04.014Z 118/720 test-fix-F-collaborator-personal-r1
2026-10-06T03:51:04.019Z 119/720 test-fix-F-owner-team-r1
2026-10-06T03:51:04.025Z 120/720 test-fix-F-collaborator-team-r1
2026-10-06T03:51:04.742Z 121/720 log-parser-B0-student-personal-r1
2026-10-06T03:51:04.771Z 122/720 log-parser-B0-student-team-r1
2026-10-06T03:51:04.802Z 123/720 log-parser-B0-collaborator-personal-r1
2026-10-06T03:51:04.809Z 124/720 log-parser-B0-collaborator-team-r1
2026-10-06T03:51:05.490Z 125/720 log-parser-B2-student-personal-r1
2026-10-06T03:51:05.507Z 126/720 log-parser-B0-owner-personal-r1
2026-10-06T03:51:05.536Z 127/720 log-parser-B0-owner-team-r1
2026-10-06T03:51:05.565Z 128/720 log-parser-B2-student-team-r1
2026-10-06T03:51:06.213Z 129/720 log-parser-B2-owner-team-r1
2026-10-06T03:51:06.214Z 130/720 log-parser-B2-collaborator-team-r1
2026-10-06T03:51:06.214Z 131/720 log-parser-B2-owner-personal-r1
2026-10-06T03:51:06.226Z 132/720 log-parser-B2-collaborator-personal-r1
2026-10-06T03:51:08.852Z 134/720 log-parser-B3-student-personal-r1
2026-10-06T03:51:08.852Z 134/720 log-parser-B3-collaborator-personal-r1
2026-10-06T03:51:08.945Z 135/720 log-parser-B3-student-team-r1
2026-10-06T03:51:08.950Z 136/720 log-parser-B3-collaborator-team-r1
2026-10-06T03:51:11.478Z 137/720 log-parser-B3-owner-personal-r1
2026-10-06T03:51:11.599Z 138/720 log-parser-B3-owner-team-r1
2026-10-06T03:51:15.531Z 139/720 log-parser-F-student-personal-r1
2026-10-06T03:51:15.541Z 140/720 log-parser-F-student-team-r1
2026-10-06T03:51:18.159Z 141/720 log-parser-F-collaborator-personal-r1
2026-10-06T03:51:18.167Z 142/720 log-parser-F-owner-team-r1
2026-10-06T03:51:18.203Z 143/720 log-parser-F-owner-personal-r1
2026-10-06T03:51:18.222Z 144/720 log-parser-F-collaborator-team-r1
2026-10-06T03:51:18.863Z 146/720 markdown-index-B0-collaborator-team-r1
2026-10-06T03:51:18.863Z 146/720 markdown-index-B0-student-personal-r1
2026-10-06T03:51:18.893Z 148/720 markdown-index-B0-student-team-r1
2026-10-06T03:51:18.893Z 148/720 markdown-index-B0-collaborator-personal-r1
2026-10-06T03:51:19.534Z 149/720 markdown-index-B2-student-personal-r1
2026-10-06T03:51:19.544Z 150/720 markdown-index-B0-owner-personal-r1
2026-10-06T03:51:19.612Z 151/720 markdown-index-B2-student-team-r1
2026-10-06T03:51:19.613Z 152/720 markdown-index-B0-owner-team-r1
2026-10-06T03:51:20.306Z 153/720 markdown-index-B2-collaborator-personal-r1
2026-10-06T03:51:20.321Z 154/720 markdown-index-B2-collaborator-team-r1
2026-10-06T03:51:20.359Z 155/720 markdown-index-B2-owner-personal-r1
2026-10-06T03:51:20.387Z 156/720 markdown-index-B2-owner-team-r1
2026-10-06T03:51:21.233Z 157/720 markdown-index-B3-student-team-r1
2026-10-06T03:51:21.238Z 158/720 markdown-index-B3-student-personal-r1
2026-10-06T03:51:21.245Z 159/720 markdown-index-B3-collaborator-personal-r1
2026-10-06T03:51:21.327Z 160/720 markdown-index-B3-collaborator-team-r1
2026-10-06T03:51:22.105Z 161/720 markdown-index-B3-owner-personal-r1
2026-10-06T03:51:22.146Z 162/720 markdown-index-B3-owner-team-r1
2026-10-06T03:51:28.013Z 164/720 markdown-index-F-student-personal-r1
2026-10-06T03:51:28.013Z 164/720 markdown-index-F-student-team-r1
2026-10-06T03:51:28.854Z 165/720 markdown-index-F-collaborator-personal-r1
2026-10-06T03:51:28.855Z 166/720 markdown-index-F-collaborator-team-r1
2026-10-06T03:51:32.747Z 167/720 markdown-index-F-owner-personal-r1
2026-10-06T03:51:32.813Z 168/720 markdown-index-F-owner-team-r1
2026-10-06T03:51:33.417Z 169/720 backup-script-B0-collaborator-personal-r1
2026-10-06T03:51:33.436Z 170/720 backup-script-B0-student-personal-r1
2026-10-06T03:51:33.458Z 171/720 backup-script-B0-collaborator-team-r1
2026-10-06T03:51:33.473Z 172/720 backup-script-B0-student-team-r1
2026-10-06T03:51:34.195Z 173/720 backup-script-B0-owner-personal-r1
2026-10-06T03:51:34.200Z 175/720 backup-script-B0-owner-team-r1
2026-10-06T03:51:34.200Z 175/720 backup-script-B2-student-personal-r1
2026-10-06T03:51:34.224Z 176/720 backup-script-B2-student-team-r1
2026-10-06T03:51:34.797Z 177/720 backup-script-B2-owner-personal-r1
2026-10-06T03:51:34.804Z 178/720 backup-script-B2-collaborator-personal-r1
2026-10-06T03:51:34.845Z 180/720 backup-script-B2-owner-team-r1
2026-10-06T03:51:34.845Z 180/720 backup-script-B2-collaborator-team-r1
2026-10-06T03:51:41.424Z 181/720 backup-script-B3-student-personal-r1
2026-10-06T03:51:41.434Z 182/720 backup-script-B3-collaborator-personal-r1
2026-10-06T03:51:41.434Z 183/720 backup-script-B3-collaborator-team-r1
2026-10-06T03:51:41.438Z 184/720 backup-script-B3-student-team-r1
2026-10-06T03:51:48.013Z 185/720 backup-script-B3-owner-personal-r1
2026-10-06T03:51:48.017Z 186/720 backup-script-B3-owner-team-r1
2026-10-06T03:51:50.002Z 187/720 backup-script-F-student-personal-r1
2026-10-06T03:51:50.016Z 188/720 backup-script-F-student-team-r1
2026-10-06T03:51:56.626Z 189/720 backup-script-F-collaborator-personal-r1
2026-10-06T03:51:56.650Z 190/720 backup-script-F-owner-team-r1
2026-10-06T03:51:56.702Z 191/720 backup-script-F-collaborator-team-r1
2026-10-06T03:51:56.710Z 192/720 backup-script-F-owner-personal-r1
2026-10-06T03:51:57.363Z 193/720 team-greeting-B0-collaborator-personal-r1
2026-10-06T03:51:57.385Z 196/720 team-greeting-B0-student-personal-r1
2026-10-06T03:51:57.385Z 196/720 team-greeting-B0-collaborator-team-r1
2026-10-06T03:51:57.385Z 196/720 team-greeting-B0-student-team-r1
2026-10-06T03:51:58.016Z 197/720 team-greeting-B2-student-personal-r1
2026-10-06T03:51:58.044Z 198/720 team-greeting-B2-student-team-r1
2026-10-06T03:51:58.054Z 199/720 team-greeting-B0-owner-personal-r1
2026-10-06T03:51:58.055Z 200/720 team-greeting-B0-owner-team-r1
2026-10-06T03:51:58.754Z 201/720 team-greeting-B2-owner-personal-r1
2026-10-06T03:51:58.756Z 202/720 team-greeting-B2-collaborator-team-r1
2026-10-06T03:51:58.778Z 203/720 team-greeting-B2-owner-team-r1
2026-10-06T03:51:58.793Z 204/720 team-greeting-B2-collaborator-personal-r1
2026-10-06T03:51:59.478Z 205/720 team-greeting-B3-student-personal-r1
2026-10-06T03:51:59.499Z 206/720 team-greeting-B3-collaborator-team-r1
2026-10-06T03:51:59.509Z 207/720 team-greeting-B3-collaborator-personal-r1
2026-10-06T03:51:59.515Z 208/720 team-greeting-B3-student-team-r1
2026-10-06T03:52:00.253Z 209/720 team-greeting-B3-owner-personal-r1
2026-10-06T03:52:00.255Z 210/720 team-greeting-B3-owner-team-r1
2026-10-06T03:52:04.142Z 211/720 team-greeting-F-student-team-r1
2026-10-06T03:52:04.194Z 212/720 team-greeting-F-student-personal-r1
2026-10-06T03:52:04.873Z 213/720 team-greeting-F-owner-personal-r1
2026-10-06T03:52:04.882Z 214/720 team-greeting-F-collaborator-personal-r1
2026-10-06T03:52:04.887Z 215/720 team-greeting-F-owner-team-r1
2026-10-06T03:52:04.914Z 216/720 team-greeting-F-collaborator-team-r1
2026-10-06T03:52:05.700Z 219/720 module-refactor-B0-student-team-r1
2026-10-06T03:52:05.700Z 219/720 module-refactor-B0-collaborator-team-r1
2026-10-06T03:52:05.700Z 219/720 module-refactor-B0-collaborator-personal-r1
2026-10-06T03:52:05.705Z 220/720 module-refactor-B0-student-personal-r1
2026-10-06T03:52:06.340Z 221/720 module-refactor-B0-owner-personal-r1
2026-10-06T03:52:06.345Z 222/720 module-refactor-B2-student-personal-r1
2026-10-06T03:52:06.389Z 224/720 module-refactor-B2-student-team-r1
2026-10-06T03:52:06.389Z 224/720 module-refactor-B0-owner-team-r1
2026-10-06T03:52:07.046Z 225/720 module-refactor-B2-collaborator-personal-r1
2026-10-06T03:52:07.058Z 226/720 module-refactor-B2-owner-personal-r1
2026-10-06T03:52:07.070Z 227/720 module-refactor-B2-collaborator-team-r1
2026-10-06T03:52:07.085Z 228/720 module-refactor-B2-owner-team-r1
2026-10-06T03:52:07.826Z 229/720 module-refactor-B3-collaborator-personal-r1
2026-10-06T03:52:07.831Z 230/720 module-refactor-B3-student-personal-r1
2026-10-06T03:52:07.845Z 232/720 module-refactor-B3-collaborator-team-r1
2026-10-06T03:52:07.845Z 232/720 module-refactor-B3-student-team-r1
2026-10-06T03:52:08.570Z 233/720 module-refactor-B3-owner-personal-r1
2026-10-06T03:52:08.612Z 234/720 module-refactor-B3-owner-team-r1
2026-10-06T03:52:10.842Z 235/720 module-refactor-F-student-team-r1
2026-10-06T03:52:10.861Z 236/720 module-refactor-F-student-personal-r1
2026-10-06T03:52:12.481Z 238/720 module-refactor-F-collaborator-personal-r1
2026-10-06T03:52:12.481Z 238/720 module-refactor-F-owner-personal-r1
2026-10-06T03:52:12.520Z 239/720 module-refactor-F-owner-team-r1
2026-10-06T03:52:12.633Z 240/720 module-refactor-F-collaborator-team-r1
2026-10-06T03:52:13.769Z 241/720 todo-cli-B0-collaborator-personal-r2
2026-10-06T03:52:13.820Z 242/720 todo-cli-B0-student-personal-r2
2026-10-06T03:52:13.820Z 243/720 todo-cli-B0-collaborator-team-r2
2026-10-06T03:52:13.849Z 244/720 todo-cli-B0-student-team-r2
2026-10-06T03:52:14.635Z 245/720 todo-cli-B2-student-personal-r2
2026-10-06T03:52:14.651Z 246/720 todo-cli-B0-owner-personal-r2
2026-10-06T03:52:14.694Z 247/720 todo-cli-B2-student-team-r2
2026-10-06T03:52:14.733Z 248/720 todo-cli-B0-owner-team-r2
2026-10-06T03:52:16.087Z 249/720 todo-cli-B2-collaborator-personal-r2
2026-10-06T03:52:16.190Z 250/720 todo-cli-B2-owner-team-r2
2026-10-06T03:52:16.215Z 252/720 todo-cli-B2-collaborator-team-r2
2026-10-06T03:52:16.215Z 252/720 todo-cli-B2-owner-personal-r2
2026-10-06T03:52:17.325Z 253/720 todo-cli-B3-student-personal-r2
2026-10-06T03:52:17.341Z 254/720 todo-cli-B3-collaborator-personal-r2
2026-10-06T03:52:17.381Z 255/720 todo-cli-B3-student-team-r2
2026-10-06T03:52:17.389Z 256/720 todo-cli-B3-collaborator-team-r2
2026-10-06T03:52:18.547Z 257/720 todo-cli-B3-owner-personal-r2
2026-10-06T03:52:18.554Z 258/720 todo-cli-B3-owner-team-r2
2026-10-06T03:52:22.797Z 259/720 todo-cli-F-student-personal-r2
2026-10-06T03:52:22.906Z 260/720 todo-cli-F-student-team-r2
2026-10-06T03:52:25.152Z 261/720 todo-cli-F-owner-team-r2
2026-10-06T03:52:25.164Z 262/720 todo-cli-F-collaborator-personal-r2
2026-10-06T03:52:25.176Z 263/720 todo-cli-F-collaborator-team-r2
2026-10-06T03:52:25.212Z 264/720 todo-cli-F-owner-personal-r2
2026-10-06T03:52:27.079Z 265/720 csv-summary-B0-student-personal-r2
2026-10-06T03:52:27.266Z 266/720 csv-summary-B0-student-team-r2
2026-10-06T03:52:27.312Z 267/720 csv-summary-B0-collaborator-personal-r2
2026-10-06T03:52:27.658Z 268/720 csv-summary-B0-collaborator-team-r2
2026-10-06T03:52:30.288Z 269/720 csv-summary-B2-student-personal-r2
2026-10-06T03:52:30.347Z 270/720 csv-summary-B0-owner-team-r2
2026-10-06T03:52:30.412Z 271/720 csv-summary-B2-student-team-r2
2026-10-06T03:52:30.433Z 272/720 csv-summary-B0-owner-personal-r2
2026-10-06T03:52:39.786Z 273/720 csv-summary-B2-owner-personal-r2
2026-10-06T03:52:39.934Z 275/720 csv-summary-B2-collaborator-team-r2
2026-10-06T03:52:39.937Z 275/720 csv-summary-B2-owner-team-r2
2026-10-06T03:52:40.276Z 276/720 csv-summary-B2-collaborator-personal-r2
2026-10-06T03:52:47.639Z 277/720 csv-summary-B3-collaborator-team-r2
2026-10-06T03:52:48.317Z 278/720 csv-summary-B3-student-personal-r2
2026-10-06T03:52:48.547Z 279/720 csv-summary-B3-collaborator-personal-r2
2026-10-06T03:52:48.565Z 280/720 csv-summary-B3-student-team-r2
2026-10-06T03:52:55.371Z 281/720 csv-summary-B3-owner-personal-r2
2026-10-06T03:52:55.413Z 282/720 csv-summary-B3-owner-team-r2
2026-10-06T03:52:57.103Z 284/720 csv-summary-F-student-personal-r2
2026-10-06T03:52:57.104Z 284/720 csv-summary-F-student-team-r2
2026-10-06T03:53:02.732Z 285/720 csv-summary-F-collaborator-team-r2
2026-10-06T03:53:02.759Z 286/720 csv-summary-F-collaborator-personal-r2
2026-10-06T03:53:02.891Z 287/720 csv-summary-F-owner-personal-r2
2026-10-06T03:53:02.891Z 288/720 csv-summary-F-owner-team-r2
2026-10-06T03:53:04.185Z 289/720 http-client-B0-collaborator-team-r2
2026-10-06T03:53:04.195Z 290/720 http-client-B0-collaborator-personal-r2
2026-10-06T03:53:04.209Z 291/720 http-client-B0-student-team-r2
2026-10-06T03:53:04.243Z 292/720 http-client-B0-student-personal-r2
2026-10-06T03:53:05.852Z 293/720 http-client-B2-student-personal-r2
2026-10-06T03:53:05.865Z 294/720 http-client-B0-owner-team-r2
2026-10-06T03:53:05.951Z 295/720 http-client-B2-student-team-r2
2026-10-06T03:53:05.996Z 296/720 http-client-B0-owner-personal-r2
2026-10-06T03:53:07.420Z 297/720 http-client-B2-collaborator-personal-r2
2026-10-06T03:53:07.424Z 298/720 http-client-B2-owner-personal-r2
2026-10-06T03:53:07.449Z 299/720 http-client-B2-owner-team-r2
2026-10-06T03:53:07.489Z 300/720 http-client-B2-collaborator-team-r2
2026-10-06T03:53:13.313Z 301/720 http-client-B3-student-personal-r2
2026-10-06T03:53:13.320Z 302/720 http-client-B3-collaborator-personal-r2
2026-10-06T03:53:13.496Z 303/720 http-client-B3-student-team-r2
2026-10-06T03:53:13.588Z 304/720 http-client-B3-collaborator-team-r2
2026-10-06T03:53:18.474Z 305/720 http-client-B3-owner-personal-r2
2026-10-06T03:53:18.478Z 306/720 http-client-B3-owner-team-r2
2026-10-06T03:53:20.377Z 307/720 http-client-F-student-personal-r2
2026-10-06T03:53:20.436Z 308/720 http-client-F-student-team-r2
2026-10-06T03:53:25.303Z 309/720 http-client-F-collaborator-personal-r2
2026-10-06T03:53:25.374Z 310/720 http-client-F-owner-team-r2
2026-10-06T03:53:25.404Z 311/720 http-client-F-collaborator-team-r2
2026-10-06T03:53:25.435Z 312/720 http-client-F-owner-personal-r2
2026-10-06T03:53:26.076Z 313/720 config-loader-B0-collaborator-personal-r2
2026-10-06T03:53:26.118Z 314/720 config-loader-B0-collaborator-team-r2
2026-10-06T03:53:26.123Z 315/720 config-loader-B0-student-personal-r2
2026-10-06T03:53:26.134Z 316/720 config-loader-B0-student-team-r2
2026-10-06T03:53:26.865Z 317/720 config-loader-B2-student-personal-r2
2026-10-06T03:53:26.888Z 318/720 config-loader-B0-owner-personal-r2
2026-10-06T03:53:26.892Z 319/720 config-loader-B2-student-team-r2
2026-10-06T03:53:26.920Z 320/720 config-loader-B0-owner-team-r2
2026-10-06T03:53:27.567Z 321/720 config-loader-B2-collaborator-personal-r2
2026-10-06T03:53:27.612Z 322/720 config-loader-B2-owner-team-r2
2026-10-06T03:53:27.615Z 323/720 config-loader-B2-owner-personal-r2
2026-10-06T03:53:27.677Z 324/720 config-loader-B2-collaborator-team-r2
2026-10-06T03:53:32.386Z 325/720 config-loader-B3-collaborator-personal-r2
2026-10-06T03:53:32.387Z 326/720 config-loader-B3-student-personal-r2
2026-10-06T03:53:32.424Z 327/720 config-loader-B3-collaborator-team-r2
2026-10-06T03:53:32.440Z 328/720 config-loader-B3-student-team-r2
2026-10-06T03:53:37.081Z 329/720 config-loader-B3-owner-team-r2
2026-10-06T03:53:37.087Z 330/720 config-loader-B3-owner-personal-r2
2026-10-06T03:53:39.033Z 331/720 config-loader-F-student-personal-r2
2026-10-06T03:53:39.063Z 332/720 config-loader-F-student-team-r2
2026-10-06T03:53:43.822Z 333/720 config-loader-F-owner-personal-r2
2026-10-06T03:53:43.856Z 334/720 config-loader-F-collaborator-personal-r2
2026-10-06T03:53:43.956Z 335/720 config-loader-F-owner-team-r2
2026-10-06T03:53:43.962Z 336/720 config-loader-F-collaborator-team-r2
2026-10-06T03:53:45.001Z 340/720 test-fix-B0-collaborator-team-r2
2026-10-06T03:53:45.001Z 340/720 test-fix-B0-student-personal-r2
2026-10-06T03:53:45.001Z 340/720 test-fix-B0-collaborator-personal-r2
2026-10-06T03:53:45.001Z 340/720 test-fix-B0-student-team-r2
2026-10-06T03:53:46.196Z 341/720 test-fix-B2-student-personal-r2
2026-10-06T03:53:46.231Z 342/720 test-fix-B0-owner-personal-r2
2026-10-06T03:53:46.245Z 343/720 test-fix-B0-owner-team-r2
2026-10-06T03:53:46.289Z 344/720 test-fix-B2-student-team-r2
2026-10-06T03:53:47.091Z 346/720 test-fix-B2-owner-personal-r2
2026-10-06T03:53:47.092Z 346/720 test-fix-B2-collaborator-personal-r2
2026-10-06T03:53:47.099Z 347/720 test-fix-B2-owner-team-r2
2026-10-06T03:53:47.107Z 348/720 test-fix-B2-collaborator-team-r2
2026-10-06T03:53:48.135Z 349/720 test-fix-B3-student-personal-r2
2026-10-06T03:53:48.157Z 350/720 test-fix-B3-collaborator-personal-r2
2026-10-06T03:53:48.232Z 351/720 test-fix-B3-collaborator-team-r2
2026-10-06T03:53:48.240Z 352/720 test-fix-B3-student-team-r2
2026-10-06T03:53:49.855Z 353/720 test-fix-B3-owner-personal-r2
2026-10-06T03:53:49.904Z 354/720 test-fix-B3-owner-team-r2
2026-10-06T03:53:51.699Z 356/720 test-fix-F-student-team-r2
2026-10-06T03:53:51.699Z 356/720 test-fix-F-student-personal-r2
2026-10-06T03:53:52.547Z 357/720 test-fix-F-owner-personal-r2
2026-10-06T03:53:52.548Z 358/720 test-fix-F-collaborator-personal-r2
2026-10-06T03:53:52.587Z 359/720 test-fix-F-collaborator-team-r2
2026-10-06T03:53:52.599Z 360/720 test-fix-F-owner-team-r2
2026-10-06T03:53:53.343Z 362/720 log-parser-B0-collaborator-team-r2
2026-10-06T03:53:53.343Z 362/720 log-parser-B0-student-personal-r2
2026-10-06T03:53:53.363Z 364/720 log-parser-B0-collaborator-personal-r2
2026-10-06T03:53:53.363Z 364/720 log-parser-B0-student-team-r2
2026-10-06T03:53:53.975Z 365/720 log-parser-B0-owner-personal-r2
2026-10-06T03:53:54.007Z 366/720 log-parser-B2-student-personal-r2
2026-10-06T03:53:54.033Z 367/720 log-parser-B2-student-team-r2
2026-10-06T03:53:54.042Z 368/720 log-parser-B0-owner-team-r2
2026-10-06T03:53:54.743Z 369/720 log-parser-B2-collaborator-personal-r2
2026-10-06T03:53:54.751Z 370/720 log-parser-B2-owner-personal-r2
2026-10-06T03:53:54.763Z 371/720 log-parser-B2-collaborator-team-r2
2026-10-06T03:53:54.765Z 372/720 log-parser-B2-owner-team-r2
2026-10-06T03:53:57.861Z 373/720 log-parser-B3-student-personal-r2
2026-10-06T03:53:57.863Z 374/720 log-parser-B3-collaborator-personal-r2
2026-10-06T03:53:57.975Z 375/720 log-parser-B3-collaborator-team-r2
2026-10-06T03:53:58.008Z 376/720 log-parser-B3-student-team-r2
2026-10-06T03:54:00.966Z 377/720 log-parser-B3-owner-personal-r2
2026-10-06T03:54:00.978Z 378/720 log-parser-B3-owner-team-r2
2026-10-06T03:54:05.009Z 379/720 log-parser-F-student-personal-r2
2026-10-06T03:54:05.012Z 380/720 log-parser-F-student-team-r2
2026-10-06T03:54:07.737Z 381/720 log-parser-F-owner-personal-r2
2026-10-06T03:54:07.780Z 382/720 log-parser-F-owner-team-r2
2026-10-06T03:54:07.785Z 383/720 log-parser-F-collaborator-personal-r2
2026-10-06T03:54:07.828Z 384/720 log-parser-F-collaborator-team-r2
2026-10-06T03:54:08.781Z 385/720 markdown-index-B0-collaborator-team-r2
2026-10-06T03:54:08.785Z 387/720 markdown-index-B0-student-personal-r2
2026-10-06T03:54:08.785Z 387/720 markdown-index-B0-collaborator-personal-r2
2026-10-06T03:54:08.800Z 388/720 markdown-index-B0-student-team-r2
2026-10-06T03:54:09.603Z 389/720 markdown-index-B0-owner-team-r2
2026-10-06T03:54:09.623Z 390/720 markdown-index-B0-owner-personal-r2
2026-10-06T03:54:09.625Z 391/720 markdown-index-B2-student-personal-r2
2026-10-06T03:54:09.658Z 392/720 markdown-index-B2-student-team-r2
2026-10-06T03:54:10.518Z 393/720 markdown-index-B2-collaborator-personal-r2
2026-10-06T03:54:10.533Z 394/720 markdown-index-B2-collaborator-team-r2
2026-10-06T03:54:10.584Z 395/720 markdown-index-B2-owner-personal-r2
2026-10-06T03:54:10.596Z 396/720 markdown-index-B2-owner-team-r2
2026-10-06T03:54:11.636Z 397/720 markdown-index-B3-student-personal-r2
2026-10-06T03:54:11.643Z 398/720 markdown-index-B3-collaborator-team-r2
2026-10-06T03:54:11.657Z 399/720 markdown-index-B3-collaborator-personal-r2
2026-10-06T03:54:11.719Z 400/720 markdown-index-B3-student-team-r2
2026-10-06T03:54:12.721Z 401/720 markdown-index-B3-owner-personal-r2
2026-10-06T03:54:12.757Z 402/720 markdown-index-B3-owner-team-r2
2026-10-06T03:54:18.817Z 403/720 markdown-index-F-student-team-r2
2026-10-06T03:54:18.820Z 404/720 markdown-index-F-student-personal-r2
2026-10-06T03:54:19.795Z 405/720 markdown-index-F-collaborator-team-r2
2026-10-06T03:54:19.799Z 406/720 markdown-index-F-collaborator-personal-r2
2026-10-06T03:54:23.806Z 407/720 markdown-index-F-owner-team-r2
2026-10-06T03:54:23.850Z 408/720 markdown-index-F-owner-personal-r2
2026-10-06T03:54:24.601Z 409/720 backup-script-B0-student-personal-r2
2026-10-06T03:54:24.614Z 410/720 backup-script-B0-collaborator-personal-r2
2026-10-06T03:54:24.653Z 411/720 backup-script-B0-collaborator-team-r2
2026-10-06T03:54:24.659Z 412/720 backup-script-B0-student-team-r2
2026-10-06T03:54:25.271Z 413/720 backup-script-B2-student-personal-r2
2026-10-06T03:54:25.279Z 414/720 backup-script-B0-owner-personal-r2
2026-10-06T03:54:25.322Z 415/720 backup-script-B2-student-team-r2
2026-10-06T03:54:25.334Z 416/720 backup-script-B0-owner-team-r2
2026-10-06T03:54:25.954Z 417/720 backup-script-B2-collaborator-personal-r2
2026-10-06T03:54:25.985Z 418/720 backup-script-B2-owner-personal-r2
2026-10-06T03:54:26.059Z 419/720 backup-script-B2-collaborator-team-r2
2026-10-06T03:54:26.060Z 420/720 backup-script-B2-owner-team-r2
2026-10-06T03:54:33.047Z 421/720 backup-script-B3-student-personal-r2
2026-10-06T03:54:33.069Z 422/720 backup-script-B3-collaborator-personal-r2
2026-10-06T03:54:33.084Z 423/720 backup-script-B3-student-team-r2
2026-10-06T03:54:33.099Z 424/720 backup-script-B3-collaborator-team-r2
2026-10-06T03:54:41.123Z 425/720 backup-script-B3-owner-personal-r2
2026-10-06T03:54:41.173Z 426/720 backup-script-B3-owner-team-r2
2026-10-06T03:54:43.084Z 427/720 backup-script-F-student-personal-r2
2026-10-06T03:54:43.366Z 428/720 backup-script-F-student-team-r2
2026-10-06T03:54:50.197Z 430/720 backup-script-F-collaborator-team-r2
2026-10-06T03:54:50.197Z 430/720 backup-script-F-collaborator-personal-r2
2026-10-06T03:54:50.227Z 431/720 backup-script-F-owner-personal-r2
2026-10-06T03:54:50.250Z 432/720 backup-script-F-owner-team-r2
2026-10-06T03:54:51.605Z 434/720 team-greeting-B0-student-personal-r2
2026-10-06T03:54:51.605Z 434/720 team-greeting-B0-collaborator-team-r2
2026-10-06T03:54:51.631Z 435/720 team-greeting-B0-collaborator-personal-r2
2026-10-06T03:54:51.654Z 436/720 team-greeting-B0-student-team-r2
2026-10-06T03:54:53.154Z 437/720 team-greeting-B2-student-personal-r2
2026-10-06T03:54:53.206Z 439/720 team-greeting-B0-owner-team-r2
2026-10-06T03:54:53.206Z 439/720 team-greeting-B2-student-team-r2
2026-10-06T03:54:53.210Z 440/720 team-greeting-B0-owner-personal-r2
2026-10-06T03:54:54.733Z 441/720 team-greeting-B2-owner-team-r2
2026-10-06T03:54:54.735Z 442/720 team-greeting-B2-owner-personal-r2
2026-10-06T03:54:54.748Z 443/720 team-greeting-B2-collaborator-team-r2
2026-10-06T03:54:54.849Z 444/720 team-greeting-B2-collaborator-personal-r2
2026-10-06T03:54:56.607Z 445/720 team-greeting-B3-student-personal-r2
2026-10-06T03:54:56.654Z 446/720 team-greeting-B3-collaborator-personal-r2
2026-10-06T03:54:56.670Z 447/720 team-greeting-B3-student-team-r2
2026-10-06T03:54:56.686Z 448/720 team-greeting-B3-collaborator-team-r2
2026-10-06T03:54:58.588Z 449/720 team-greeting-B3-owner-personal-r2
2026-10-06T03:54:58.623Z 450/720 team-greeting-B3-owner-team-r2
2026-10-06T03:55:02.704Z 452/720 team-greeting-F-student-team-r2
2026-10-06T03:55:02.705Z 452/720 team-greeting-F-student-personal-r2
2026-10-06T03:55:04.339Z 454/720 team-greeting-F-owner-team-r2
2026-10-06T03:55:04.339Z 454/720 team-greeting-F-owner-personal-r2
2026-10-06T03:55:04.381Z 455/720 team-greeting-F-collaborator-personal-r2
2026-10-06T03:55:04.396Z 456/720 team-greeting-F-collaborator-team-r2
2026-10-06T03:55:06.695Z 458/720 module-refactor-B0-collaborator-team-r2
2026-10-06T03:55:06.695Z 458/720 module-refactor-B0-student-personal-r2
2026-10-06T03:55:06.742Z 459/720 module-refactor-B0-student-team-r2
2026-10-06T03:55:06.748Z 460/720 module-refactor-B0-collaborator-personal-r2
2026-10-06T03:55:10.324Z 461/720 module-refactor-B2-student-team-r2
2026-10-06T03:55:10.347Z 462/720 module-refactor-B0-owner-personal-r2
2026-10-06T03:55:10.354Z 463/720 module-refactor-B0-owner-team-r2
2026-10-06T03:55:10.369Z 464/720 module-refactor-B2-student-personal-r2
2026-10-06T03:55:11.734Z 465/720 module-refactor-B2-collaborator-personal-r2
2026-10-06T03:55:11.791Z 466/720 module-refactor-B2-collaborator-team-r2
2026-10-06T03:55:11.795Z 467/720 module-refactor-B2-owner-team-r2
2026-10-06T03:55:11.816Z 468/720 module-refactor-B2-owner-personal-r2
2026-10-06T03:55:13.122Z 469/720 module-refactor-B3-student-personal-r2
2026-10-06T03:55:13.145Z 471/720 module-refactor-B3-collaborator-personal-r2
2026-10-06T03:55:13.145Z 471/720 module-refactor-B3-student-team-r2
2026-10-06T03:55:13.153Z 472/720 module-refactor-B3-collaborator-team-r2
2026-10-06T03:55:14.203Z 473/720 module-refactor-B3-owner-personal-r2
2026-10-06T03:55:14.396Z 474/720 module-refactor-B3-owner-team-r2
2026-10-06T03:55:16.222Z 475/720 module-refactor-F-student-personal-r2
2026-10-06T03:55:16.345Z 476/720 module-refactor-F-student-team-r2
2026-10-06T03:55:17.629Z 477/720 module-refactor-F-collaborator-personal-r2
2026-10-06T03:55:17.642Z 478/720 module-refactor-F-owner-personal-r2
2026-10-06T03:55:17.647Z 479/720 module-refactor-F-collaborator-team-r2
2026-10-06T03:55:17.666Z 480/720 module-refactor-F-owner-team-r2
2026-10-06T03:55:18.531Z 481/720 todo-cli-B0-collaborator-personal-r3
2026-10-06T03:55:18.550Z 482/720 todo-cli-B0-student-personal-r3
2026-10-06T03:55:18.592Z 483/720 todo-cli-B0-student-team-r3
2026-10-06T03:55:18.745Z 484/720 todo-cli-B0-collaborator-team-r3
2026-10-06T03:55:19.801Z 485/720 todo-cli-B0-owner-personal-r3
2026-10-06T03:55:19.807Z 486/720 todo-cli-B2-student-personal-r3
2026-10-06T03:55:19.927Z 487/720 todo-cli-B2-student-team-r3
2026-10-06T03:55:19.954Z 488/720 todo-cli-B0-owner-team-r3
2026-10-06T03:55:21.309Z 489/720 todo-cli-B2-owner-personal-r3
2026-10-06T03:55:21.346Z 490/720 todo-cli-B2-collaborator-personal-r3
2026-10-06T03:55:21.410Z 491/720 todo-cli-B2-collaborator-team-r3
2026-10-06T03:55:21.439Z 492/720 todo-cli-B2-owner-team-r3
2026-10-06T03:55:22.468Z 493/720 todo-cli-B3-collaborator-personal-r3
2026-10-06T03:55:22.478Z 494/720 todo-cli-B3-student-personal-r3
2026-10-06T03:55:22.572Z 495/720 todo-cli-B3-student-team-r3
2026-10-06T03:55:22.593Z 496/720 todo-cli-B3-collaborator-team-r3
2026-10-06T03:55:23.643Z 497/720 todo-cli-B3-owner-personal-r3
2026-10-06T03:55:23.755Z 498/720 todo-cli-B3-owner-team-r3
2026-10-06T03:55:27.472Z 499/720 todo-cli-F-student-personal-r3
2026-10-06T03:55:27.547Z 500/720 todo-cli-F-student-team-r3
2026-10-06T03:55:28.389Z 501/720 todo-cli-F-collaborator-personal-r3
2026-10-06T03:55:28.412Z 502/720 todo-cli-F-owner-personal-r3
2026-10-06T03:55:28.433Z 503/720 todo-cli-F-collaborator-team-r3
2026-10-06T03:55:28.435Z 504/720 todo-cli-F-owner-team-r3
2026-10-06T03:55:30.097Z 505/720 csv-summary-B0-student-personal-r3
2026-10-06T03:55:30.116Z 506/720 csv-summary-B0-collaborator-personal-r3
2026-10-06T03:55:30.173Z 507/720 csv-summary-B0-collaborator-team-r3
2026-10-06T03:55:30.188Z 508/720 csv-summary-B0-student-team-r3
2026-10-06T03:55:31.637Z 509/720 csv-summary-B0-owner-team-r3
2026-10-06T03:55:31.650Z 510/720 csv-summary-B2-student-personal-r3
2026-10-06T03:55:31.656Z 511/720 csv-summary-B0-owner-personal-r3
2026-10-06T03:55:31.710Z 512/720 csv-summary-B2-student-team-r3
2026-10-06T03:55:32.973Z 513/720 csv-summary-B2-collaborator-personal-r3
2026-10-06T03:55:33.004Z 514/720 csv-summary-B2-owner-personal-r3
2026-10-06T03:55:33.044Z 515/720 csv-summary-B2-owner-team-r3
2026-10-06T03:55:33.099Z 516/720 csv-summary-B2-collaborator-team-r3
2026-10-06T03:55:38.169Z 517/720 csv-summary-B3-collaborator-personal-r3
2026-10-06T03:55:38.188Z 518/720 csv-summary-B3-student-team-r3
2026-10-06T03:55:38.207Z 519/720 csv-summary-B3-student-personal-r3
2026-10-06T03:55:38.226Z 520/720 csv-summary-B3-collaborator-team-r3
2026-10-06T03:55:43.595Z 521/720 csv-summary-B3-owner-personal-r3
2026-10-06T03:55:43.631Z 522/720 csv-summary-B3-owner-team-r3
2026-10-06T03:55:45.468Z 523/720 csv-summary-F-student-team-r3
2026-10-06T03:55:45.487Z 524/720 csv-summary-F-student-personal-r3
2026-10-06T03:55:50.997Z 525/720 csv-summary-F-collaborator-personal-r3
2026-10-06T03:55:51.080Z 526/720 csv-summary-F-collaborator-team-r3
2026-10-06T03:55:51.143Z 527/720 csv-summary-F-owner-team-r3
2026-10-06T03:55:51.281Z 528/720 csv-summary-F-owner-personal-r3
2026-10-06T03:55:52.293Z 529/720 http-client-B0-student-personal-r3
2026-10-06T03:55:52.294Z 530/720 http-client-B0-collaborator-personal-r3
2026-10-06T03:55:52.347Z 531/720 http-client-B0-student-team-r3
2026-10-06T03:55:52.391Z 532/720 http-client-B0-collaborator-team-r3
2026-10-06T03:55:53.330Z 533/720 http-client-B0-owner-personal-r3
2026-10-06T03:55:53.339Z 534/720 http-client-B2-student-personal-r3
2026-10-06T03:55:53.391Z 535/720 http-client-B2-student-team-r3
2026-10-06T03:55:53.406Z 536/720 http-client-B0-owner-team-r3
2026-10-06T03:55:54.272Z 538/720 http-client-B2-owner-personal-r3
2026-10-06T03:55:54.272Z 538/720 http-client-B2-collaborator-personal-r3
2026-10-06T03:55:54.311Z 539/720 http-client-B2-owner-team-r3
2026-10-06T03:55:54.312Z 540/720 http-client-B2-collaborator-team-r3
2026-10-06T03:55:59.740Z 541/720 http-client-B3-student-personal-r3
2026-10-06T03:55:59.747Z 542/720 http-client-B3-collaborator-personal-r3
2026-10-06T03:55:59.769Z 543/720 http-client-B3-student-team-r3
2026-10-06T03:55:59.811Z 544/720 http-client-B3-collaborator-team-r3
2026-10-06T03:56:04.814Z 545/720 http-client-B3-owner-personal-r3
2026-10-06T03:56:04.897Z 546/720 http-client-B3-owner-team-r3
2026-10-06T03:56:06.800Z 547/720 http-client-F-student-personal-r3
2026-10-06T03:56:06.817Z 548/720 http-client-F-student-team-r3
2026-10-06T03:56:11.502Z 549/720 http-client-F-collaborator-personal-r3
2026-10-06T03:56:11.566Z 550/720 http-client-F-owner-team-r3
2026-10-06T03:56:11.587Z 551/720 http-client-F-collaborator-team-r3
2026-10-06T03:56:11.597Z 552/720 http-client-F-owner-personal-r3
2026-10-06T03:56:12.440Z 553/720 config-loader-B0-student-personal-r3
2026-10-06T03:56:12.464Z 554/720 config-loader-B0-collaborator-personal-r3
2026-10-06T03:56:12.514Z 555/720 config-loader-B0-student-team-r3
2026-10-06T03:56:12.517Z 556/720 config-loader-B0-collaborator-team-r3
2026-10-06T03:56:13.324Z 557/720 config-loader-B0-owner-personal-r3
2026-10-06T03:56:13.343Z 558/720 config-loader-B2-student-personal-r3
2026-10-06T03:56:13.393Z 559/720 config-loader-B0-owner-team-r3
2026-10-06T03:56:13.404Z 560/720 config-loader-B2-student-team-r3
2026-10-06T03:56:14.161Z 561/720 config-loader-B2-owner-personal-r3
2026-10-06T03:56:14.169Z 562/720 config-loader-B2-collaborator-personal-r3
2026-10-06T03:56:14.244Z 563/720 config-loader-B2-collaborator-team-r3
2026-10-06T03:56:14.244Z 564/720 config-loader-B2-owner-team-r3
2026-10-06T03:56:19.066Z 565/720 config-loader-B3-collaborator-personal-r3
2026-10-06T03:56:19.112Z 566/720 config-loader-B3-student-personal-r3
2026-10-06T03:56:19.317Z 567/720 config-loader-B3-student-team-r3
2026-10-06T03:56:19.322Z 568/720 config-loader-B3-collaborator-team-r3
2026-10-06T03:56:24.381Z 569/720 config-loader-B3-owner-team-r3
2026-10-06T03:56:24.497Z 570/720 config-loader-B3-owner-personal-r3
2026-10-06T03:56:26.321Z 571/720 config-loader-F-student-personal-r3
2026-10-06T03:56:26.514Z 572/720 config-loader-F-student-team-r3
2026-10-06T03:56:31.232Z 573/720 config-loader-F-owner-personal-r3
2026-10-06T03:56:31.246Z 574/720 config-loader-F-collaborator-team-r3
2026-10-06T03:56:31.263Z 575/720 config-loader-F-collaborator-personal-r3
2026-10-06T03:56:31.358Z 576/720 config-loader-F-owner-team-r3
2026-10-06T03:56:32.332Z 578/720 test-fix-B0-collaborator-personal-r3
2026-10-06T03:56:32.333Z 578/720 test-fix-B0-student-personal-r3
2026-10-06T03:56:32.333Z 579/720 test-fix-B0-student-team-r3
2026-10-06T03:56:32.337Z 580/720 test-fix-B0-collaborator-team-r3
2026-10-06T03:56:33.660Z 581/720 test-fix-B0-owner-personal-r3
2026-10-06T03:56:33.666Z 582/720 test-fix-B2-student-personal-r3
2026-10-06T03:56:33.677Z 583/720 test-fix-B0-owner-team-r3
2026-10-06T03:56:33.689Z 584/720 test-fix-B2-student-team-r3
2026-10-06T03:56:34.878Z 585/720 test-fix-B2-owner-personal-r3
2026-10-06T03:56:34.918Z 586/720 test-fix-B2-collaborator-team-r3
2026-10-06T03:56:34.921Z 587/720 test-fix-B2-collaborator-personal-r3
2026-10-06T03:56:34.975Z 588/720 test-fix-B2-owner-team-r3
2026-10-06T03:56:36.398Z 589/720 test-fix-B3-collaborator-personal-r3
2026-10-06T03:56:36.411Z 590/720 test-fix-B3-student-personal-r3
2026-10-06T03:56:36.419Z 591/720 test-fix-B3-collaborator-team-r3
2026-10-06T03:56:36.428Z 592/720 test-fix-B3-student-team-r3
2026-10-06T03:56:37.652Z 593/720 test-fix-B3-owner-personal-r3
2026-10-06T03:56:37.680Z 594/720 test-fix-B3-owner-team-r3
2026-10-06T03:56:39.376Z 595/720 test-fix-F-student-personal-r3
2026-10-06T03:56:39.412Z 596/720 test-fix-F-student-team-r3
2026-10-06T03:56:40.244Z 598/720 test-fix-F-owner-personal-r3
2026-10-06T03:56:40.245Z 598/720 test-fix-F-collaborator-personal-r3
2026-10-06T03:56:40.267Z 599/720 test-fix-F-collaborator-team-r3
2026-10-06T03:56:40.272Z 600/720 test-fix-F-owner-team-r3
2026-10-06T03:56:40.901Z 601/720 log-parser-B0-student-personal-r3
2026-10-06T03:56:40.949Z 602/720 log-parser-B0-collaborator-personal-r3
2026-10-06T03:56:40.956Z 603/720 log-parser-B0-collaborator-team-r3
2026-10-06T03:56:41.060Z 604/720 log-parser-B0-student-team-r3
2026-10-06T03:56:41.974Z 606/720 log-parser-B0-owner-personal-r3
2026-10-06T03:56:41.974Z 606/720 log-parser-B2-student-personal-r3
2026-10-06T03:56:41.993Z 607/720 log-parser-B0-owner-team-r3
2026-10-06T03:56:42.097Z 608/720 log-parser-B2-student-team-r3
2026-10-06T03:56:42.736Z 609/720 log-parser-B2-collaborator-personal-r3
2026-10-06T03:56:42.741Z 610/720 log-parser-B2-owner-personal-r3
2026-10-06T03:56:42.752Z 611/720 log-parser-B2-collaborator-team-r3
2026-10-06T03:56:42.783Z 612/720 log-parser-B2-owner-team-r3
2026-10-06T03:56:45.514Z 613/720 log-parser-B3-collaborator-personal-r3
2026-10-06T03:56:45.556Z 614/720 log-parser-B3-student-personal-r3
2026-10-06T03:56:45.565Z 615/720 log-parser-B3-student-team-r3
2026-10-06T03:56:45.598Z 616/720 log-parser-B3-collaborator-team-r3
2026-10-06T03:56:48.323Z 617/720 log-parser-B3-owner-team-r3
2026-10-06T03:56:48.412Z 618/720 log-parser-B3-owner-personal-r3
2026-10-06T03:56:52.274Z 619/720 log-parser-F-student-personal-r3
2026-10-06T03:56:52.380Z 620/720 log-parser-F-student-team-r3
2026-10-06T03:56:55.091Z 621/720 log-parser-F-collaborator-personal-r3
2026-10-06T03:56:55.133Z 622/720 log-parser-F-owner-personal-r3
2026-10-06T03:56:55.172Z 623/720 log-parser-F-owner-team-r3
2026-10-06T03:56:55.203Z 624/720 log-parser-F-collaborator-team-r3
2026-10-06T03:56:56.010Z 625/720 markdown-index-B0-collaborator-personal-r3
2026-10-06T03:56:56.024Z 626/720 markdown-index-B0-student-personal-r3
2026-10-06T03:56:56.032Z 627/720 markdown-index-B0-student-team-r3
2026-10-06T03:56:56.045Z 628/720 markdown-index-B0-collaborator-team-r3
2026-10-06T03:56:57.092Z 629/720 markdown-index-B2-student-personal-r3
2026-10-06T03:56:57.097Z 630/720 markdown-index-B2-student-team-r3
2026-10-06T03:56:57.116Z 631/720 markdown-index-B0-owner-personal-r3
2026-10-06T03:56:57.190Z 632/720 markdown-index-B0-owner-team-r3
2026-10-06T03:56:58.362Z 633/720 markdown-index-B2-collaborator-team-r3
2026-10-06T03:56:58.384Z 634/720 markdown-index-B2-owner-team-r3
2026-10-06T03:56:58.417Z 635/720 markdown-index-B2-collaborator-personal-r3
2026-10-06T03:56:58.451Z 636/720 markdown-index-B2-owner-personal-r3
2026-10-06T03:56:59.896Z 637/720 markdown-index-B3-student-personal-r3
2026-10-06T03:56:59.905Z 638/720 markdown-index-B3-collaborator-team-r3
2026-10-06T03:56:59.905Z 639/720 markdown-index-B3-student-team-r3
2026-10-06T03:56:59.923Z 640/720 markdown-index-B3-collaborator-personal-r3
2026-10-06T03:57:01.321Z 641/720 markdown-index-B3-owner-personal-r3
2026-10-06T03:57:01.345Z 642/720 markdown-index-B3-owner-team-r3
2026-10-06T03:57:07.070Z 643/720 markdown-index-F-student-personal-r3
2026-10-06T03:57:07.169Z 644/720 markdown-index-F-student-team-r3
2026-10-06T03:57:08.268Z 645/720 markdown-index-F-collaborator-personal-r3
2026-10-06T03:57:08.282Z 646/720 markdown-index-F-collaborator-team-r3
2026-10-06T03:57:12.213Z 647/720 markdown-index-F-owner-personal-r3
2026-10-06T03:57:12.272Z 648/720 markdown-index-F-owner-team-r3
2026-10-06T03:57:13.036Z 650/720 backup-script-B0-student-personal-r3
2026-10-06T03:57:13.036Z 650/720 backup-script-B0-collaborator-personal-r3
2026-10-06T03:57:13.043Z 651/720 backup-script-B0-collaborator-team-r3
2026-10-06T03:57:13.076Z 652/720 backup-script-B0-student-team-r3
2026-10-06T03:57:13.899Z 653/720 backup-script-B2-student-personal-r3
2026-10-06T03:57:13.914Z 654/720 backup-script-B0-owner-personal-r3
2026-10-06T03:57:13.951Z 655/720 backup-script-B0-owner-team-r3
2026-10-06T03:57:14.019Z 656/720 backup-script-B2-student-team-r3
2026-10-06T03:57:15.203Z 657/720 backup-script-B2-owner-personal-r3
2026-10-06T03:57:15.260Z 658/720 backup-script-B2-collaborator-personal-r3
2026-10-06T03:57:15.265Z 659/720 backup-script-B2-owner-team-r3
2026-10-06T03:57:15.273Z 660/720 backup-script-B2-collaborator-team-r3
2026-10-06T03:57:22.037Z 661/720 backup-script-B3-collaborator-personal-r3
2026-10-06T03:57:22.087Z 662/720 backup-script-B3-collaborator-team-r3
2026-10-06T03:57:22.099Z 663/720 backup-script-B3-student-personal-r3
2026-10-06T03:57:22.140Z 664/720 backup-script-B3-student-team-r3
2026-10-06T03:57:28.831Z 665/720 backup-script-B3-owner-personal-r3
2026-10-06T03:57:28.950Z 666/720 backup-script-B3-owner-team-r3
2026-10-06T03:57:30.783Z 667/720 backup-script-F-student-personal-r3
2026-10-06T03:57:30.834Z 668/720 backup-script-F-student-team-r3
2026-10-06T03:57:37.645Z 669/720 backup-script-F-collaborator-personal-r3
2026-10-06T03:57:37.645Z 670/720 backup-script-F-collaborator-team-r3
2026-10-06T03:57:37.751Z 671/720 backup-script-F-owner-team-r3
2026-10-06T03:57:37.760Z 672/720 backup-script-F-owner-personal-r3
2026-10-06T03:57:38.523Z 673/720 team-greeting-B0-student-personal-r3
2026-10-06T03:57:38.524Z 674/720 team-greeting-B0-collaborator-team-r3
2026-10-06T03:57:38.533Z 675/720 team-greeting-B0-collaborator-personal-r3
2026-10-06T03:57:38.558Z 676/720 team-greeting-B0-student-team-r3
2026-10-06T03:57:39.233Z 677/720 team-greeting-B0-owner-personal-r3
2026-10-06T03:57:39.290Z 678/720 team-greeting-B2-student-team-r3
2026-10-06T03:57:39.295Z 680/720 team-greeting-B2-student-personal-r3
2026-10-06T03:57:39.295Z 680/720 team-greeting-B0-owner-team-r3
2026-10-06T03:57:40.208Z 681/720 team-greeting-B2-collaborator-personal-r3
2026-10-06T03:57:40.266Z 682/720 team-greeting-B2-owner-personal-r3
2026-10-06T03:57:40.276Z 683/720 team-greeting-B2-collaborator-team-r3
2026-10-06T03:57:40.282Z 684/720 team-greeting-B2-owner-team-r3
2026-10-06T03:57:41.255Z 686/720 team-greeting-B3-student-team-r3
2026-10-06T03:57:41.255Z 686/720 team-greeting-B3-collaborator-team-r3
2026-10-06T03:57:41.269Z 687/720 team-greeting-B3-collaborator-personal-r3
2026-10-06T03:57:41.279Z 688/720 team-greeting-B3-student-personal-r3
2026-10-06T03:57:42.165Z 689/720 team-greeting-B3-owner-personal-r3
2026-10-06T03:57:42.177Z 690/720 team-greeting-B3-owner-team-r3
2026-10-06T03:57:46.099Z 691/720 team-greeting-F-student-personal-r3
2026-10-06T03:57:46.171Z 692/720 team-greeting-F-student-team-r3
2026-10-06T03:57:47.419Z 693/720 team-greeting-F-owner-personal-r3
2026-10-06T03:57:47.452Z 695/720 team-greeting-F-owner-team-r3
2026-10-06T03:57:47.452Z 695/720 team-greeting-F-collaborator-personal-r3
2026-10-06T03:57:47.477Z 696/720 team-greeting-F-collaborator-team-r3
2026-10-06T03:57:48.684Z 700/720 module-refactor-B0-collaborator-personal-r3
2026-10-06T03:57:48.684Z 700/720 module-refactor-B0-student-personal-r3
2026-10-06T03:57:48.684Z 700/720 module-refactor-B0-student-team-r3
2026-10-06T03:57:48.684Z 700/720 module-refactor-B0-collaborator-team-r3
2026-10-06T03:57:50.001Z 701/720 module-refactor-B0-owner-personal-r3
2026-10-06T03:57:50.039Z 703/720 module-refactor-B2-student-personal-r3
2026-10-06T03:57:50.039Z 703/720 module-refactor-B0-owner-team-r3
2026-10-06T03:57:50.047Z 704/720 module-refactor-B2-student-team-r3
2026-10-06T03:57:51.465Z 705/720 module-refactor-B2-collaborator-personal-r3
2026-10-06T03:57:51.526Z 706/720 module-refactor-B2-owner-team-r3
2026-10-06T03:57:51.527Z 707/720 module-refactor-B2-owner-personal-r3
2026-10-06T03:57:51.569Z 708/720 module-refactor-B2-collaborator-team-r3
2026-10-06T03:57:52.826Z 709/720 module-refactor-B3-student-personal-r3
2026-10-06T03:57:52.841Z 710/720 module-refactor-B3-collaborator-personal-r3
2026-10-06T03:57:52.863Z 711/720 module-refactor-B3-student-team-r3
2026-10-06T03:57:52.888Z 712/720 module-refactor-B3-collaborator-team-r3
2026-10-06T03:57:54.191Z 713/720 module-refactor-B3-owner-personal-r3
2026-10-06T03:57:54.249Z 714/720 module-refactor-B3-owner-team-r3
2026-10-06T03:57:56.044Z 715/720 module-refactor-F-student-personal-r3
2026-10-06T03:57:56.071Z 716/720 module-refactor-F-student-team-r3
2026-10-06T03:57:57.300Z 717/720 module-refactor-F-owner-personal-r3
2026-10-06T03:57:57.303Z 718/720 module-refactor-F-collaborator-personal-r3
2026-10-06T03:57:57.321Z 719/720 module-refactor-F-owner-team-r3
2026-10-06T03:57:57.332Z 720/720 module-refactor-F-collaborator-team-r3
