2026-10-06T10:18:34.102Z 1/720 todo-cli-B0-student-personal-r1
2026-10-06T10:18:34.127Z 2/720 todo-cli-B0-collaborator-personal-r1
2026-10-06T10:18:34.145Z 3/720 todo-cli-B0-student-team-r1
2026-10-06T10:18:34.151Z 4/720 todo-cli-B0-collaborator-team-r1
2026-10-06T10:18:34.796Z 5/720 todo-cli-B0-owner-personal-r1
2026-10-06T10:18:34.816Z 6/720 todo-cli-B2-student-personal-r1
2026-10-06T10:18:34.836Z 7/720 todo-cli-B2-student-team-r1
2026-10-06T10:18:34.838Z 8/720 todo-cli-B0-owner-team-r1
2026-10-06T10:18:35.470Z 10/720 todo-cli-B2-owner-personal-r1
2026-10-06T10:18:35.470Z 10/720 todo-cli-B2-collaborator-personal-r1
2026-10-06T10:18:35.507Z 11/720 todo-cli-B2-owner-team-r1
2026-10-06T10:18:35.520Z 12/720 todo-cli-B2-collaborator-team-r1
2026-10-06T10:18:36.120Z 13/720 todo-cli-B3-student-personal-r1
2026-10-06T10:18:36.163Z 15/720 todo-cli-B3-collaborator-personal-r1
2026-10-06T10:18:36.163Z 15/720 todo-cli-B3-student-team-r1
2026-10-06T10:18:36.175Z 16/720 todo-cli-B3-collaborator-team-r1
2026-10-06T10:18:36.762Z 17/720 todo-cli-B3-owner-personal-r1
2026-10-06T10:18:36.812Z 18/720 todo-cli-B3-owner-team-r1
2026-10-06T10:18:40.756Z 19/720 todo-cli-F-student-personal-r1
2026-10-06T10:18:40.793Z 20/720 todo-cli-F-student-team-r1
2026-10-06T10:18:41.391Z 21/720 todo-cli-F-collaborator-personal-r1
2026-10-06T10:18:41.406Z 22/720 todo-cli-F-owner-team-r1
2026-10-06T10:18:41.409Z 23/720 todo-cli-F-owner-personal-r1
2026-10-06T10:18:41.417Z 24/720 todo-cli-F-collaborator-team-r1
2026-10-06T10:18:42.240Z 25/720 csv-summary-B0-student-personal-r1
2026-10-06T10:18:42.247Z 26/720 csv-summary-B0-student-team-r1
2026-10-06T10:18:42.262Z 27/720 csv-summary-B0-collaborator-team-r1
2026-10-06T10:18:42.287Z 28/720 csv-summary-B0-collaborator-personal-r1
2026-10-06T10:18:43.225Z 29/720 csv-summary-B0-owner-personal-r1
2026-10-06T10:18:43.269Z 30/720 csv-summary-B2-student-personal-r1
2026-10-06T10:18:43.295Z 32/720 csv-summary-B2-student-team-r1
2026-10-06T10:18:43.295Z 32/720 csv-summary-B0-owner-team-r1
2026-10-06T10:18:44.231Z 33/720 csv-summary-B2-owner-personal-r1
2026-10-06T10:18:44.288Z 34/720 csv-summary-B2-collaborator-team-r1
2026-10-06T10:18:44.300Z 35/720 csv-summary-B2-owner-team-r1
2026-10-06T10:18:44.307Z 36/720 csv-summary-B2-collaborator-personal-r1
2026-10-06T10:18:49.260Z 37/720 csv-summary-B3-collaborator-team-r1
2026-10-06T10:18:49.260Z 38/720 csv-summary-B3-student-personal-r1
2026-10-06T10:18:49.312Z 39/720 csv-summary-B3-student-team-r1
2026-10-06T10:18:49.313Z 40/720 csv-summary-B3-collaborator-personal-r1
2026-10-06T10:18:54.307Z 41/720 csv-summary-B3-owner-personal-r1
2026-10-06T10:18:54.308Z 42/720 csv-summary-B3-owner-team-r1
2026-10-06T10:18:56.079Z 43/720 csv-summary-F-student-personal-r1
2026-10-06T10:18:56.089Z 44/720 csv-summary-F-student-team-r1
2026-10-06T10:19:00.797Z 45/720 csv-summary-F-collaborator-personal-r1
2026-10-06T10:19:00.806Z 46/720 csv-summary-F-collaborator-team-r1
2026-10-06T10:19:00.937Z 47/720 csv-summary-F-owner-personal-r1
2026-10-06T10:19:01.021Z 48/720 csv-summary-F-owner-team-r1
2026-10-06T10:19:01.718Z 49/720 http-client-B0-collaborator-team-r1
2026-10-06T10:19:01.728Z 50/720 http-client-B0-collaborator-personal-r1
2026-10-06T10:19:01.740Z 52/720 http-client-B0-student-team-r1
2026-10-06T10:19:01.740Z 52/720 http-client-B0-student-personal-r1
2026-10-06T10:19:02.321Z 53/720 http-client-B0-owner-personal-r1
2026-10-06T10:19:02.344Z 54/720 http-client-B2-student-personal-r1
2026-10-06T10:19:02.381Z 55/720 http-client-B0-owner-team-r1
2026-10-06T10:19:02.395Z 56/720 http-client-B2-student-team-r1
2026-10-06T10:19:03.008Z 57/720 http-client-B2-collaborator-personal-r1
2026-10-06T10:19:03.042Z 59/720 http-client-B2-owner-personal-r1
2026-10-06T10:19:03.042Z 59/720 http-client-B2-collaborator-team-r1
2026-10-06T10:19:03.093Z 60/720 http-client-B2-owner-team-r1
2026-10-06T10:19:07.619Z 61/720 http-client-B3-student-personal-r1
2026-10-06T10:19:07.632Z 62/720 http-client-B3-collaborator-personal-r1
2026-10-06T10:19:07.647Z 63/720 http-client-B3-collaborator-team-r1
2026-10-06T10:19:07.649Z 64/720 http-client-B3-student-team-r1
2026-10-06T10:19:12.220Z 65/720 http-client-B3-owner-team-r1
2026-10-06T10:19:12.266Z 66/720 http-client-B3-owner-personal-r1
2026-10-06T10:19:14.202Z 67/720 http-client-F-student-team-r1
2026-10-06T10:19:14.246Z 68/720 http-client-F-student-personal-r1
2026-10-06T10:19:18.799Z 69/720 http-client-F-collaborator-personal-r1
2026-10-06T10:19:18.804Z 70/720 http-client-F-collaborator-team-r1
2026-10-06T10:19:18.814Z 71/720 http-client-F-owner-personal-r1
2026-10-06T10:19:18.892Z 72/720 http-client-F-owner-team-r1
2026-10-06T10:19:19.422Z 73/720 config-loader-B0-student-personal-r1
2026-10-06T10:19:19.434Z 74/720 config-loader-B0-collaborator-personal-r1
2026-10-06T10:19:19.475Z 75/720 config-loader-B0-student-team-r1
2026-10-06T10:19:19.481Z 76/720 config-loader-B0-collaborator-team-r1
2026-10-06T10:19:20.029Z 77/720 config-loader-B0-owner-team-r1
2026-10-06T10:19:20.035Z 78/720 config-loader-B2-student-personal-r1
2026-10-06T10:19:20.036Z 79/720 config-loader-B0-owner-personal-r1
2026-10-06T10:19:20.075Z 80/720 config-loader-B2-student-team-r1
2026-10-06T10:19:20.631Z 82/720 config-loader-B2-collaborator-personal-r1
2026-10-06T10:19:20.631Z 82/720 config-loader-B2-owner-personal-r1
2026-10-06T10:19:20.674Z 83/720 config-loader-B2-owner-team-r1
2026-10-06T10:19:20.681Z 84/720 config-loader-B2-collaborator-team-r1
2026-10-06T10:19:25.215Z 85/720 config-loader-B3-collaborator-personal-r1
2026-10-06T10:19:25.276Z 86/720 config-loader-B3-student-personal-r1
2026-10-06T10:19:25.304Z 87/720 config-loader-B3-student-team-r1
2026-10-06T10:19:25.346Z 88/720 config-loader-B3-collaborator-team-r1
2026-10-06T10:19:30.153Z 89/720 config-loader-B3-owner-personal-r1
2026-10-06T10:19:30.210Z 90/720 config-loader-B3-owner-team-r1
2026-10-06T10:19:32.090Z 91/720 config-loader-F-student-personal-r1
2026-10-06T10:19:32.163Z 92/720 config-loader-F-student-team-r1
2026-10-06T10:19:36.800Z 93/720 config-loader-F-collaborator-team-r1
2026-10-06T10:19:36.836Z 94/720 config-loader-F-collaborator-personal-r1
2026-10-06T10:19:36.879Z 95/720 config-loader-F-owner-personal-r1
2026-10-06T10:19:36.903Z 96/720 config-loader-F-owner-team-r1
2026-10-06T10:19:37.734Z 97/720 test-fix-B0-collaborator-team-r1
2026-10-06T10:19:37.742Z 100/720 test-fix-B0-collaborator-personal-r1
2026-10-06T10:19:37.743Z 100/720 test-fix-B0-student-team-r1
2026-10-06T10:19:37.743Z 100/720 test-fix-B0-student-personal-r1
2026-10-06T10:19:38.431Z 101/720 test-fix-B0-owner-personal-r1
2026-10-06T10:19:38.433Z 102/720 test-fix-B2-student-personal-r1
2026-10-06T10:19:38.454Z 104/720 test-fix-B0-owner-team-r1
2026-10-06T10:19:38.454Z 104/720 test-fix-B2-student-team-r1
2026-10-06T10:19:39.136Z 105/720 test-fix-B2-owner-personal-r1
2026-10-06T10:19:39.142Z 106/720 test-fix-B2-collaborator-personal-r1
2026-10-06T10:19:39.173Z 107/720 test-fix-B2-collaborator-team-r1
2026-10-06T10:19:39.176Z 108/720 test-fix-B2-owner-team-r1
2026-10-06T10:19:39.863Z 109/720 test-fix-B3-collaborator-personal-r1
2026-10-06T10:19:39.872Z 110/720 test-fix-B3-student-personal-r1
2026-10-06T10:19:39.892Z 112/720 test-fix-B3-collaborator-team-r1
2026-10-06T10:19:39.892Z 112/720 test-fix-B3-student-team-r1
2026-10-06T10:19:40.557Z 113/720 test-fix-B3-owner-personal-r1
2026-10-06T10:19:40.584Z 114/720 test-fix-B3-owner-team-r1
2026-10-06T10:19:42.557Z 115/720 test-fix-F-student-personal-r1
2026-10-06T10:19:42.585Z 116/720 test-fix-F-student-team-r1
2026-10-06T10:19:43.298Z 118/720 test-fix-F-owner-personal-r1
2026-10-06T10:19:43.298Z 118/720 test-fix-F-collaborator-personal-r1
2026-10-06T10:19:43.332Z 120/720 test-fix-F-collaborator-team-r1
2026-10-06T10:19:43.332Z 120/720 test-fix-F-owner-team-r1
2026-10-06T10:19:43.901Z 121/720 log-parser-B0-student-personal-r1
2026-10-06T10:19:43.961Z 122/720 log-parser-B0-collaborator-personal-r1
2026-10-06T10:19:43.969Z 123/720 log-parser-B0-student-team-r1
2026-10-06T10:19:44.009Z 124/720 log-parser-B0-collaborator-team-r1
2026-10-06T10:19:44.608Z 125/720 log-parser-B2-student-personal-r1
2026-10-06T10:19:44.640Z 126/720 log-parser-B0-owner-personal-r1
2026-10-06T10:19:44.666Z 127/720 log-parser-B0-owner-team-r1
2026-10-06T10:19:44.668Z 128/720 log-parser-B2-student-team-r1
2026-10-06T10:19:45.298Z 129/720 log-parser-B2-owner-personal-r1
2026-10-06T10:19:45.302Z 131/720 log-parser-B2-collaborator-personal-r1
2026-10-06T10:19:45.303Z 131/720 log-parser-B2-owner-team-r1
2026-10-06T10:19:45.348Z 132/720 log-parser-B2-collaborator-team-r1
2026-10-06T10:19:49.898Z 134/720 log-parser-B3-collaborator-personal-r1
2026-10-06T10:19:49.898Z 134/720 log-parser-B3-student-personal-r1
2026-10-06T10:19:49.926Z 136/720 log-parser-B3-collaborator-team-r1
2026-10-06T10:19:49.926Z 136/720 log-parser-B3-student-team-r1
2026-10-06T10:19:54.572Z 137/720 log-parser-B3-owner-personal-r1
2026-10-06T10:19:54.667Z 138/720 log-parser-B3-owner-team-r1
2026-10-06T10:19:56.592Z 139/720 log-parser-F-student-personal-r1
2026-10-06T10:19:56.626Z 140/720 log-parser-F-student-team-r1
2026-10-06T10:20:01.236Z 141/720 log-parser-F-collaborator-personal-r1
2026-10-06T10:20:01.295Z 142/720 log-parser-F-collaborator-team-r1
2026-10-06T10:20:01.331Z 143/720 log-parser-F-owner-personal-r1
2026-10-06T10:20:01.352Z 144/720 log-parser-F-owner-team-r1
2026-10-06T10:20:02.699Z 145/720 markdown-index-B0-student-personal-r1
2026-10-06T10:20:02.735Z 146/720 markdown-index-B0-student-team-r1
2026-10-06T10:20:02.755Z 147/720 markdown-index-B0-collaborator-personal-r1
2026-10-06T10:20:02.833Z 148/720 markdown-index-B0-collaborator-team-r1
2026-10-06T10:20:04.308Z 150/720 markdown-index-B2-student-personal-r1
2026-10-06T10:20:04.309Z 150/720 markdown-index-B0-owner-team-r1
2026-10-06T10:20:04.318Z 152/720 markdown-index-B0-owner-personal-r1
2026-10-06T10:20:04.318Z 152/720 markdown-index-B2-student-team-r1
2026-10-06T10:20:05.777Z 153/720 markdown-index-B2-collaborator-team-r1
2026-10-06T10:20:05.819Z 154/720 markdown-index-B2-owner-personal-r1
2026-10-06T10:20:05.824Z 155/720 markdown-index-B2-collaborator-personal-r1
2026-10-06T10:20:05.857Z 156/720 markdown-index-B2-owner-team-r1
2026-10-06T10:20:10.830Z 157/720 markdown-index-B3-collaborator-personal-r1
2026-10-06T10:20:10.838Z 158/720 markdown-index-B3-student-personal-r1
2026-10-06T10:20:10.856Z 159/720 markdown-index-B3-student-team-r1
2026-10-06T10:20:10.936Z 160/720 markdown-index-B3-collaborator-team-r1
2026-10-06T10:20:15.657Z 161/720 markdown-index-B3-owner-personal-r1
2026-10-06T10:20:15.729Z 162/720 markdown-index-B3-owner-team-r1
2026-10-06T10:20:17.631Z 163/720 markdown-index-F-student-personal-r1
2026-10-06T10:20:17.646Z 164/720 markdown-index-F-student-team-r1
2026-10-06T10:20:22.691Z 165/720 markdown-index-F-collaborator-personal-r1
2026-10-06T10:20:22.700Z 166/720 markdown-index-F-owner-personal-r1
2026-10-06T10:20:22.717Z 167/720 markdown-index-F-collaborator-team-r1
2026-10-06T10:20:22.737Z 168/720 markdown-index-F-owner-team-r1
2026-10-06T10:20:23.333Z 169/720 backup-script-B0-collaborator-personal-r1
2026-10-06T10:20:23.367Z 170/720 backup-script-B0-collaborator-team-r1
2026-10-06T10:20:23.390Z 171/720 backup-script-B0-student-personal-r1
2026-10-06T10:20:23.401Z 172/720 backup-script-B0-student-team-r1
2026-10-06T10:20:24.048Z 173/720 backup-script-B2-student-personal-r1
2026-10-06T10:20:24.053Z 174/720 backup-script-B0-owner-personal-r1
2026-10-06T10:20:24.076Z 175/720 backup-script-B0-owner-team-r1
2026-10-06T10:20:24.098Z 176/720 backup-script-B2-student-team-r1
2026-10-06T10:20:24.943Z 177/720 backup-script-B2-owner-personal-r1
2026-10-06T10:20:24.944Z 178/720 backup-script-B2-collaborator-personal-r1
2026-10-06T10:20:24.988Z 179/720 backup-script-B2-collaborator-team-r1
2026-10-06T10:20:24.991Z 180/720 backup-script-B2-owner-team-r1
2026-10-06T10:20:31.641Z 181/720 backup-script-B3-student-personal-r1
2026-10-06T10:20:31.653Z 182/720 backup-script-B3-collaborator-team-r1
2026-10-06T10:20:31.654Z 183/720 backup-script-B3-collaborator-personal-r1
2026-10-06T10:20:31.657Z 184/720 backup-script-B3-student-team-r1
2026-10-06T10:20:38.230Z 185/720 backup-script-B3-owner-personal-r1
2026-10-06T10:20:38.252Z 186/720 backup-script-B3-owner-team-r1
2026-10-06T10:20:40.213Z 187/720 backup-script-F-student-personal-r1
2026-10-06T10:20:40.222Z 188/720 backup-script-F-student-team-r1
2026-10-06T10:20:46.777Z 189/720 backup-script-F-collaborator-personal-r1
2026-10-06T10:20:46.822Z 190/720 backup-script-F-owner-team-r1
2026-10-06T10:20:46.860Z 192/720 backup-script-F-collaborator-team-r1
2026-10-06T10:20:46.860Z 192/720 backup-script-F-owner-personal-r1
2026-10-06T10:20:47.686Z 193/720 team-greeting-B0-student-personal-r1
2026-10-06T10:20:47.689Z 194/720 team-greeting-B0-collaborator-team-r1
2026-10-06T10:20:47.694Z 195/720 team-greeting-B0-student-team-r1
2026-10-06T10:20:47.723Z 196/720 team-greeting-B0-collaborator-personal-r1
2026-10-06T10:20:48.390Z 197/720 team-greeting-B0-owner-personal-r1
2026-10-06T10:20:48.398Z 198/720 team-greeting-B2-student-personal-r1
2026-10-06T10:20:48.410Z 199/720 team-greeting-B2-student-team-r1
2026-10-06T10:20:48.416Z 200/720 team-greeting-B0-owner-team-r1
2026-10-06T10:20:49.122Z 201/720 team-greeting-B2-owner-personal-r1
2026-10-06T10:20:49.126Z 202/720 team-greeting-B2-owner-team-r1
2026-10-06T10:20:49.134Z 204/720 team-greeting-B2-collaborator-team-r1
2026-10-06T10:20:49.134Z 204/720 team-greeting-B2-collaborator-personal-r1
2026-10-06T10:20:49.817Z 205/720 team-greeting-B3-collaborator-personal-r1
2026-10-06T10:20:49.818Z 206/720 team-greeting-B3-student-personal-r1
2026-10-06T10:20:49.823Z 207/720 team-greeting-B3-student-team-r1
2026-10-06T10:20:49.838Z 208/720 team-greeting-B3-collaborator-team-r1
2026-10-06T10:20:50.571Z 210/720 team-greeting-B3-owner-team-r1
2026-10-06T10:20:50.571Z 210/720 team-greeting-B3-owner-personal-r1
2026-10-06T10:20:54.476Z 211/720 team-greeting-F-student-team-r1
2026-10-06T10:20:54.526Z 212/720 team-greeting-F-student-personal-r1
2026-10-06T10:20:55.306Z 213/720 team-greeting-F-collaborator-personal-r1
2026-10-06T10:20:55.316Z 216/720 team-greeting-F-owner-personal-r1
2026-10-06T10:20:55.316Z 216/720 team-greeting-F-collaborator-team-r1
2026-10-06T10:20:55.316Z 216/720 team-greeting-F-owner-team-r1
2026-10-06T10:20:56.140Z 219/720 module-refactor-B0-collaborator-personal-r1
2026-10-06T10:20:56.140Z 219/720 module-refactor-B0-student-team-r1
2026-10-06T10:20:56.140Z 219/720 module-refactor-B0-collaborator-team-r1
2026-10-06T10:20:56.145Z 220/720 module-refactor-B0-student-personal-r1
2026-10-06T10:20:56.865Z 221/720 module-refactor-B2-student-personal-r1
2026-10-06T10:20:56.865Z 222/720 module-refactor-B0-owner-personal-r1
2026-10-06T10:20:56.878Z 223/720 module-refactor-B0-owner-team-r1
2026-10-06T10:20:56.878Z 224/720 module-refactor-B2-student-team-r1
2026-10-06T10:20:57.556Z 225/720 module-refactor-B2-owner-personal-r1
2026-10-06T10:20:57.569Z 226/720 module-refactor-B2-collaborator-personal-r1
2026-10-06T10:20:57.587Z 227/720 module-refactor-B2-owner-team-r1
2026-10-06T10:20:57.597Z 228/720 module-refactor-B2-collaborator-team-r1
2026-10-06T10:20:58.419Z 229/720 module-refactor-B3-collaborator-personal-r1
2026-10-06T10:20:58.423Z 230/720 module-refactor-B3-student-personal-r1
2026-10-06T10:20:58.451Z 232/720 module-refactor-B3-student-team-r1
2026-10-06T10:20:58.452Z 232/720 module-refactor-B3-collaborator-team-r1
2026-10-06T10:20:59.157Z 233/720 module-refactor-B3-owner-personal-r1
2026-10-06T10:20:59.189Z 234/720 module-refactor-B3-owner-team-r1
2026-10-06T10:21:01.166Z 235/720 module-refactor-F-student-personal-r1
2026-10-06T10:21:01.183Z 236/720 module-refactor-F-student-team-r1
2026-10-06T10:21:01.951Z 237/720 module-refactor-F-owner-personal-r1
2026-10-06T10:21:01.963Z 238/720 module-refactor-F-collaborator-personal-r1
2026-10-06T10:21:01.983Z 239/720 module-refactor-F-collaborator-team-r1
2026-10-06T10:21:01.986Z 240/720 module-refactor-F-owner-team-r1
2026-10-06T10:21:02.584Z 241/720 todo-cli-B0-collaborator-personal-r2
2026-10-06T10:21:02.604Z 242/720 todo-cli-B0-student-personal-r2
2026-10-06T10:21:02.615Z 243/720 todo-cli-B0-student-team-r2
2026-10-06T10:21:02.636Z 244/720 todo-cli-B0-collaborator-team-r2
2026-10-06T10:21:03.184Z 245/720 todo-cli-B0-owner-personal-r2
2026-10-06T10:21:03.187Z 246/720 todo-cli-B2-student-personal-r2
2026-10-06T10:21:03.232Z 247/720 todo-cli-B0-owner-team-r2
2026-10-06T10:21:03.243Z 248/720 todo-cli-B2-student-team-r2
2026-10-06T10:21:03.788Z 249/720 todo-cli-B2-owner-personal-r2
2026-10-06T10:21:03.808Z 250/720 todo-cli-B2-collaborator-personal-r2
2026-10-06T10:21:03.843Z 251/720 todo-cli-B2-owner-team-r2
2026-10-06T10:21:03.850Z 252/720 todo-cli-B2-collaborator-team-r2
2026-10-06T10:21:04.471Z 253/720 todo-cli-B3-collaborator-personal-r2
2026-10-06T10:21:04.480Z 254/720 todo-cli-B3-student-personal-r2
2026-10-06T10:21:04.484Z 255/720 todo-cli-B3-collaborator-team-r2
2026-10-06T10:21:04.523Z 256/720 todo-cli-B3-student-team-r2
2026-10-06T10:21:05.295Z 257/720 todo-cli-B3-owner-personal-r2
2026-10-06T10:21:05.312Z 258/720 todo-cli-B3-owner-team-r2
2026-10-06T10:21:09.243Z 259/720 todo-cli-F-student-personal-r2
2026-10-06T10:21:09.272Z 260/720 todo-cli-F-student-team-r2
2026-10-06T10:21:09.930Z 261/720 todo-cli-F-owner-personal-r2
2026-10-06T10:21:09.938Z 262/720 todo-cli-F-collaborator-personal-r2
2026-10-06T10:21:09.939Z 263/720 todo-cli-F-owner-team-r2
2026-10-06T10:21:09.976Z 264/720 todo-cli-F-collaborator-team-r2
2026-10-06T10:21:10.804Z 265/720 csv-summary-B0-collaborator-team-r2
2026-10-06T10:21:10.805Z 266/720 csv-summary-B0-student-personal-r2
2026-10-06T10:21:10.813Z 267/720 csv-summary-B0-student-team-r2
2026-10-06T10:21:10.862Z 268/720 csv-summary-B0-collaborator-personal-r2
2026-10-06T10:21:11.755Z 269/720 csv-summary-B0-owner-team-r2
2026-10-06T10:21:11.781Z 270/720 csv-summary-B0-owner-personal-r2
2026-10-06T10:21:11.795Z 271/720 csv-summary-B2-student-personal-r2
2026-10-06T10:21:11.798Z 272/720 csv-summary-B2-student-team-r2
2026-10-06T10:21:12.700Z 273/720 csv-summary-B2-owner-team-r2
2026-10-06T10:21:12.703Z 274/720 csv-summary-B2-owner-personal-r2
2026-10-06T10:21:12.741Z 275/720 csv-summary-B2-collaborator-team-r2
2026-10-06T10:21:12.750Z 276/720 csv-summary-B2-collaborator-personal-r2
2026-10-06T10:21:17.490Z 278/720 csv-summary-B3-student-personal-r2
2026-10-06T10:21:17.490Z 278/720 csv-summary-B3-collaborator-personal-r2
2026-10-06T10:21:17.534Z 279/720 csv-summary-B3-student-team-r2
2026-10-06T10:21:17.538Z 280/720 csv-summary-B3-collaborator-team-r2
2026-10-06T10:21:22.468Z 282/720 csv-summary-B3-owner-personal-r2
2026-10-06T10:21:22.468Z 282/720 csv-summary-B3-owner-team-r2
2026-10-06T10:21:24.241Z 283/720 csv-summary-F-student-team-r2
2026-10-06T10:21:24.303Z 284/720 csv-summary-F-student-personal-r2
2026-10-06T10:21:29.051Z 285/720 csv-summary-F-collaborator-personal-r2
2026-10-06T10:21:29.090Z 286/720 csv-summary-F-collaborator-team-r2
2026-10-06T10:21:29.217Z 287/720 csv-summary-F-owner-personal-r2
2026-10-06T10:21:29.233Z 288/720 csv-summary-F-owner-team-r2
2026-10-06T10:21:29.843Z 289/720 http-client-B0-collaborator-personal-r2
2026-10-06T10:21:29.856Z 290/720 http-client-B0-collaborator-team-r2
2026-10-06T10:21:29.863Z 291/720 http-client-B0-student-team-r2
2026-10-06T10:21:29.864Z 292/720 http-client-B0-student-personal-r2
2026-10-06T10:21:30.513Z 293/720 http-client-B2-student-personal-r2
2026-10-06T10:21:30.538Z 294/720 http-client-B2-student-team-r2
2026-10-06T10:21:30.547Z 296/720 http-client-B0-owner-team-r2
2026-10-06T10:21:30.547Z 296/720 http-client-B0-owner-personal-r2
2026-10-06T10:21:31.134Z 297/720 http-client-B2-collaborator-personal-r2
2026-10-06T10:21:31.140Z 298/720 http-client-B2-owner-personal-r2
2026-10-06T10:21:31.151Z 299/720 http-client-B2-collaborator-team-r2
2026-10-06T10:21:31.179Z 300/720 http-client-B2-owner-team-r2
2026-10-06T10:21:35.727Z 301/720 http-client-B3-student-personal-r2
2026-10-06T10:21:35.788Z 302/720 http-client-B3-collaborator-personal-r2
2026-10-06T10:21:35.851Z 304/720 http-client-B3-collaborator-team-r2
2026-10-06T10:21:35.851Z 304/720 http-client-B3-student-team-r2
2026-10-06T10:21:42.186Z 305/720 http-client-B3-owner-personal-r2
2026-10-06T10:21:42.195Z 306/720 http-client-B3-owner-team-r2
2026-10-06T10:21:43.067Z 307/720 http-client-F-student-team-r2
2026-10-06T10:21:43.679Z 308/720 http-client-F-student-personal-r2
2026-10-06T10:21:48.332Z 309/720 http-client-F-collaborator-personal-r2
2026-10-06T10:21:48.383Z 310/720 http-client-F-owner-team-r2
2026-10-06T10:21:48.408Z 311/720 http-client-F-collaborator-team-r2
2026-10-06T10:21:48.459Z 312/720 http-client-F-owner-personal-r2
2026-10-06T10:21:49.006Z 313/720 config-loader-B0-collaborator-team-r2
2026-10-06T10:21:49.018Z 314/720 config-loader-B0-collaborator-personal-r2
2026-10-06T10:21:49.046Z 315/720 config-loader-B0-student-personal-r2
2026-10-06T10:21:49.052Z 316/720 config-loader-B0-student-team-r2
2026-10-06T10:21:49.610Z 317/720 config-loader-B0-owner-personal-r2
2026-10-06T10:21:49.611Z 318/720 config-loader-B2-student-personal-r2
2026-10-06T10:21:49.653Z 319/720 config-loader-B0-owner-team-r2
2026-10-06T10:21:49.656Z 320/720 config-loader-B2-student-team-r2
2026-10-06T10:21:50.203Z 321/720 config-loader-B2-collaborator-personal-r2
2026-10-06T10:21:50.205Z 322/720 config-loader-B2-owner-personal-r2
2026-10-06T10:21:50.211Z 323/720 config-loader-B2-owner-team-r2
2026-10-06T10:21:50.245Z 324/720 config-loader-B2-collaborator-team-r2
2026-10-06T10:21:54.986Z 325/720 config-loader-B3-student-team-r2
2026-10-06T10:21:54.987Z 326/720 config-loader-B3-collaborator-team-r2
2026-10-06T10:21:54.988Z 327/720 config-loader-B3-collaborator-personal-r2
2026-10-06T10:21:54.997Z 328/720 config-loader-B3-student-personal-r2
2026-10-06T10:21:59.563Z 329/720 config-loader-B3-owner-team-r2
2026-10-06T10:21:59.583Z 330/720 config-loader-B3-owner-personal-r2
2026-10-06T10:22:01.520Z 331/720 config-loader-F-student-personal-r2
2026-10-06T10:22:01.535Z 332/720 config-loader-F-student-team-r2
2026-10-06T10:22:06.170Z 333/720 config-loader-F-owner-personal-r2
2026-10-06T10:22:06.209Z 334/720 config-loader-F-collaborator-team-r2
2026-10-06T10:22:06.217Z 335/720 config-loader-F-owner-team-r2
2026-10-06T10:22:06.223Z 336/720 config-loader-F-collaborator-personal-r2
2026-10-06T10:22:07.060Z 337/720 test-fix-B0-collaborator-team-r2
2026-10-06T10:22:07.061Z 338/720 test-fix-B0-student-team-r2
2026-10-06T10:22:07.063Z 339/720 test-fix-B0-student-personal-r2
2026-10-06T10:22:07.063Z 340/720 test-fix-B0-collaborator-personal-r2
2026-10-06T10:22:07.859Z 341/720 test-fix-B2-student-personal-r2
2026-10-06T10:22:07.879Z 342/720 test-fix-B2-student-team-r2
2026-10-06T10:22:07.880Z 343/720 test-fix-B0-owner-personal-r2
2026-10-06T10:22:07.881Z 344/720 test-fix-B0-owner-team-r2
2026-10-06T10:22:08.710Z 345/720 test-fix-B2-owner-personal-r2
2026-10-06T10:22:08.735Z 346/720 test-fix-B2-collaborator-personal-r2
2026-10-06T10:22:08.739Z 347/720 test-fix-B2-collaborator-team-r2
2026-10-06T10:22:08.740Z 348/720 test-fix-B2-owner-team-r2
2026-10-06T10:22:09.488Z 350/720 test-fix-B3-collaborator-personal-r2
2026-10-06T10:22:09.489Z 350/720 test-fix-B3-student-personal-r2
2026-10-06T10:22:09.530Z 352/720 test-fix-B3-collaborator-team-r2
2026-10-06T10:22:09.530Z 352/720 test-fix-B3-student-team-r2
2026-10-06T10:22:10.240Z 353/720 test-fix-B3-owner-personal-r2
2026-10-06T10:22:10.274Z 354/720 test-fix-B3-owner-team-r2
2026-10-06T10:22:12.240Z 355/720 test-fix-F-student-personal-r2
2026-10-06T10:22:12.250Z 356/720 test-fix-F-student-team-r2
2026-10-06T10:22:12.963Z 357/720 test-fix-F-owner-personal-r2
2026-10-06T10:22:12.973Z 358/720 test-fix-F-collaborator-personal-r2
2026-10-06T10:22:13.010Z 359/720 test-fix-F-owner-team-r2
2026-10-06T10:22:13.020Z 360/720 test-fix-F-collaborator-team-r2
2026-10-06T10:22:13.636Z 361/720 log-parser-B0-student-team-r2
2026-10-06T10:22:13.639Z 362/720 log-parser-B0-collaborator-team-r2
2026-10-06T10:22:13.640Z 363/720 log-parser-B0-collaborator-personal-r2
2026-10-06T10:22:13.652Z 364/720 log-parser-B0-student-personal-r2
2026-10-06T10:22:14.335Z 365/720 log-parser-B2-student-personal-r2
2026-10-06T10:22:14.340Z 366/720 log-parser-B0-owner-personal-r2
2026-10-06T10:22:14.384Z 367/720 log-parser-B0-owner-team-r2
2026-10-06T10:22:14.400Z 368/720 log-parser-B2-student-team-r2
2026-10-06T10:22:15.176Z 369/720 log-parser-B2-owner-personal-r2
2026-10-06T10:22:15.185Z 370/720 log-parser-B2-collaborator-personal-r2
2026-10-06T10:22:15.239Z 371/720 log-parser-B2-owner-team-r2
2026-10-06T10:22:15.286Z 372/720 log-parser-B2-collaborator-team-r2
2026-10-06T10:22:19.960Z 373/720 log-parser-B3-collaborator-personal-r2
2026-10-06T10:22:19.964Z 374/720 log-parser-B3-collaborator-team-r2
2026-10-06T10:22:19.992Z 375/720 log-parser-B3-student-personal-r2
2026-10-06T10:22:19.993Z 376/720 log-parser-B3-student-team-r2
2026-10-06T10:22:24.567Z 377/720 log-parser-B3-owner-personal-r2
2026-10-06T10:22:24.650Z 378/720 log-parser-B3-owner-team-r2
2026-10-06T10:22:26.612Z 379/720 log-parser-F-student-team-r2
2026-10-06T10:22:26.627Z 380/720 log-parser-F-student-personal-r2
2026-10-06T10:22:31.208Z 381/720 log-parser-F-owner-personal-r2
2026-10-06T10:22:31.218Z 382/720 log-parser-F-owner-team-r2
2026-10-06T10:22:31.228Z 383/720 log-parser-F-collaborator-personal-r2
2026-10-06T10:22:31.244Z 384/720 log-parser-F-collaborator-team-r2
2026-10-06T10:22:31.873Z 385/720 markdown-index-B0-collaborator-personal-r2
2026-10-06T10:22:31.876Z 386/720 markdown-index-B0-collaborator-team-r2
2026-10-06T10:22:31.888Z 387/720 markdown-index-B0-student-team-r2
2026-10-06T10:22:31.932Z 388/720 markdown-index-B0-student-personal-r2
2026-10-06T10:22:32.582Z 389/720 markdown-index-B2-student-team-r2
2026-10-06T10:22:32.583Z 390/720 markdown-index-B0-owner-personal-r2
2026-10-06T10:22:32.598Z 391/720 markdown-index-B0-owner-team-r2
2026-10-06T10:22:32.635Z 392/720 markdown-index-B2-student-personal-r2
2026-10-06T10:22:33.266Z 393/720 markdown-index-B2-collaborator-team-r2
2026-10-06T10:22:33.281Z 394/720 markdown-index-B2-owner-personal-r2
2026-10-06T10:22:33.288Z 395/720 markdown-index-B2-owner-team-r2
2026-10-06T10:22:33.333Z 396/720 markdown-index-B2-collaborator-personal-r2
2026-10-06T10:22:37.999Z 398/720 markdown-index-B3-collaborator-team-r2
2026-10-06T10:22:37.999Z 398/720 markdown-index-B3-student-personal-r2
2026-10-06T10:22:38.053Z 399/720 markdown-index-B3-collaborator-personal-r2
2026-10-06T10:22:38.090Z 400/720 markdown-index-B3-student-team-r2
2026-10-06T10:22:42.889Z 401/720 markdown-index-B3-owner-personal-r2
2026-10-06T10:22:42.949Z 402/720 markdown-index-B3-owner-team-r2
2026-10-06T10:22:44.926Z 403/720 markdown-index-F-student-personal-r2
2026-10-06T10:22:44.930Z 404/720 markdown-index-F-student-team-r2
2026-10-06T10:22:49.624Z 405/720 markdown-index-F-collaborator-personal-r2
2026-10-06T10:22:49.647Z 406/720 markdown-index-F-owner-team-r2
2026-10-06T10:22:49.669Z 407/720 markdown-index-F-collaborator-team-r2
2026-10-06T10:22:49.710Z 408/720 markdown-index-F-owner-personal-r2
2026-10-06T10:22:50.352Z 409/720 backup-script-B0-student-personal-r2
2026-10-06T10:22:50.360Z 410/720 backup-script-B0-collaborator-personal-r2
2026-10-06T10:22:50.365Z 411/720 backup-script-B0-collaborator-team-r2
2026-10-06T10:22:50.394Z 412/720 backup-script-B0-student-team-r2
2026-10-06T10:22:50.957Z 413/720 backup-script-B2-student-personal-r2
2026-10-06T10:22:51.001Z 414/720 backup-script-B0-owner-personal-r2
2026-10-06T10:22:51.007Z 415/720 backup-script-B2-student-team-r2
2026-10-06T10:22:51.045Z 416/720 backup-script-B0-owner-team-r2
2026-10-06T10:22:51.616Z 417/720 backup-script-B2-collaborator-personal-r2
2026-10-06T10:22:51.625Z 418/720 backup-script-B2-owner-personal-r2
2026-10-06T10:22:51.659Z 419/720 backup-script-B2-collaborator-team-r2
2026-10-06T10:22:51.663Z 420/720 backup-script-B2-owner-team-r2
2026-10-06T10:22:58.250Z 421/720 backup-script-B3-student-personal-r2
2026-10-06T10:22:58.254Z 422/720 backup-script-B3-collaborator-personal-r2
2026-10-06T10:22:58.259Z 423/720 backup-script-B3-collaborator-team-r2
2026-10-06T10:22:58.265Z 424/720 backup-script-B3-student-team-r2
2026-10-06T10:23:04.927Z 425/720 backup-script-B3-owner-personal-r2
2026-10-06T10:23:04.956Z 426/720 backup-script-B3-owner-team-r2
2026-10-06T10:23:06.899Z 427/720 backup-script-F-student-personal-r2
2026-10-06T10:23:07.002Z 428/720 backup-script-F-student-team-r2
2026-10-06T10:23:13.727Z 429/720 backup-script-F-collaborator-personal-r2
2026-10-06T10:23:13.747Z 430/720 backup-script-F-collaborator-team-r2
2026-10-06T10:23:13.760Z 431/720 backup-script-F-owner-personal-r2
2026-10-06T10:23:13.779Z 432/720 backup-script-F-owner-team-r2
2026-10-06T10:23:14.470Z 433/720 team-greeting-B0-collaborator-team-r2
2026-10-06T10:23:14.483Z 434/720 team-greeting-B0-collaborator-personal-r2
2026-10-06T10:23:14.512Z 436/720 team-greeting-B0-student-personal-r2
2026-10-06T10:23:14.512Z 436/720 team-greeting-B0-student-team-r2
2026-10-06T10:23:15.249Z 437/720 team-greeting-B0-owner-personal-r2
2026-10-06T10:23:15.253Z 438/720 team-greeting-B0-owner-team-r2
2026-10-06T10:23:15.258Z 439/720 team-greeting-B2-student-personal-r2
2026-10-06T10:23:15.306Z 440/720 team-greeting-B2-student-team-r2
2026-10-06T10:23:16.003Z 441/720 team-greeting-B2-collaborator-team-r2
2026-10-06T10:23:16.007Z 442/720 team-greeting-B2-collaborator-personal-r2
2026-10-06T10:23:16.012Z 443/720 team-greeting-B2-owner-personal-r2
2026-10-06T10:23:16.020Z 444/720 team-greeting-B2-owner-team-r2
2026-10-06T10:23:16.722Z 446/720 team-greeting-B3-collaborator-personal-r2
2026-10-06T10:23:16.722Z 446/720 team-greeting-B3-student-personal-r2
2026-10-06T10:23:16.734Z 447/720 team-greeting-B3-collaborator-team-r2
2026-10-06T10:23:16.755Z 448/720 team-greeting-B3-student-team-r2
2026-10-06T10:23:17.464Z 449/720 team-greeting-B3-owner-team-r2
2026-10-06T10:23:17.471Z 450/720 team-greeting-B3-owner-personal-r2
2026-10-06T10:23:21.387Z 452/720 team-greeting-F-student-team-r2
2026-10-06T10:23:21.387Z 452/720 team-greeting-F-student-personal-r2
2026-10-06T10:23:22.087Z 453/720 team-greeting-F-owner-team-r2
2026-10-06T10:23:22.089Z 454/720 team-greeting-F-collaborator-personal-r2
2026-10-06T10:23:22.092Z 455/720 team-greeting-F-collaborator-team-r2
2026-10-06T10:23:22.121Z 456/720 team-greeting-F-owner-personal-r2
2026-10-06T10:23:22.917Z 458/720 module-refactor-B0-collaborator-team-r2
2026-10-06T10:23:22.917Z 458/720 module-refactor-B0-collaborator-personal-r2
2026-10-06T10:23:22.918Z 459/720 module-refactor-B0-student-personal-r2
2026-10-06T10:23:22.918Z 460/720 module-refactor-B0-student-team-r2
2026-10-06T10:23:23.608Z 461/720 module-refactor-B0-owner-personal-r2
2026-10-06T10:23:23.611Z 462/720 module-refactor-B2-student-personal-r2
2026-10-06T10:23:23.639Z 463/720 module-refactor-B0-owner-team-r2
2026-10-06T10:23:23.640Z 464/720 module-refactor-B2-student-team-r2
2026-10-06T10:23:24.380Z 465/720 module-refactor-B2-collaborator-personal-r2
2026-10-06T10:23:24.388Z 466/720 module-refactor-B2-owner-personal-r2
2026-10-06T10:23:24.402Z 467/720 module-refactor-B2-owner-team-r2
2026-10-06T10:23:24.417Z 468/720 module-refactor-B2-collaborator-team-r2
2026-10-06T10:23:25.153Z 469/720 module-refactor-B3-collaborator-personal-r2
2026-10-06T10:23:25.154Z 470/720 module-refactor-B3-student-personal-r2
2026-10-06T10:23:25.192Z 471/720 module-refactor-B3-student-team-r2
2026-10-06T10:23:25.194Z 472/720 module-refactor-B3-collaborator-team-r2
2026-10-06T10:23:25.882Z 473/720 module-refactor-B3-owner-personal-r2
2026-10-06T10:23:25.914Z 474/720 module-refactor-B3-owner-team-r2
2026-10-06T10:23:27.896Z 475/720 module-refactor-F-student-personal-r2
2026-10-06T10:23:27.919Z 476/720 module-refactor-F-student-team-r2
2026-10-06T10:23:28.668Z 478/720 module-refactor-F-collaborator-personal-r2
2026-10-06T10:23:28.668Z 478/720 module-refactor-F-owner-personal-r2
2026-10-06T10:23:28.709Z 480/720 module-refactor-F-collaborator-team-r2
2026-10-06T10:23:28.709Z 480/720 module-refactor-F-owner-team-r2
2026-10-06T10:23:29.313Z 481/720 todo-cli-B0-student-team-r3
2026-10-06T10:23:29.315Z 482/720 todo-cli-B0-collaborator-personal-r3
2026-10-06T10:23:29.323Z 483/720 todo-cli-B0-student-personal-r3
2026-10-06T10:23:29.345Z 484/720 todo-cli-B0-collaborator-team-r3
2026-10-06T10:23:29.899Z 485/720 todo-cli-B2-student-personal-r3
2026-10-06T10:23:29.901Z 486/720 todo-cli-B0-owner-personal-r3
2026-10-06T10:23:29.942Z 487/720 todo-cli-B0-owner-team-r3
2026-10-06T10:23:29.947Z 488/720 todo-cli-B2-student-team-r3
2026-10-06T10:23:30.492Z 489/720 todo-cli-B2-owner-personal-r3
2026-10-06T10:23:30.498Z 490/720 todo-cli-B2-collaborator-personal-r3
2026-10-06T10:23:30.535Z 491/720 todo-cli-B2-collaborator-team-r3
2026-10-06T10:23:30.539Z 492/720 todo-cli-B2-owner-team-r3
2026-10-06T10:23:31.153Z 494/720 todo-cli-B3-collaborator-personal-r3
2026-10-06T10:23:31.153Z 494/720 todo-cli-B3-student-team-r3
2026-10-06T10:23:31.155Z 495/720 todo-cli-B3-student-personal-r3
2026-10-06T10:23:31.158Z 496/720 todo-cli-B3-collaborator-team-r3
2026-10-06T10:23:31.744Z 497/720 todo-cli-B3-owner-personal-r3
2026-10-06T10:23:31.748Z 498/720 todo-cli-B3-owner-team-r3
2026-10-06T10:23:35.735Z 499/720 todo-cli-F-student-team-r3
2026-10-06T10:23:35.742Z 500/720 todo-cli-F-student-personal-r3
2026-10-06T10:23:36.328Z 501/720 todo-cli-F-owner-personal-r3
2026-10-06T10:23:36.332Z 502/720 todo-cli-F-owner-team-r3
2026-10-06T10:23:36.340Z 503/720 todo-cli-F-collaborator-personal-r3
2026-10-06T10:23:36.386Z 504/720 todo-cli-F-collaborator-team-r3
2026-10-06T10:23:37.229Z 505/720 csv-summary-B0-collaborator-team-r3
2026-10-06T10:23:37.247Z 507/720 csv-summary-B0-collaborator-personal-r3
2026-10-06T10:23:37.247Z 507/720 csv-summary-B0-student-team-r3
2026-10-06T10:23:37.269Z 508/720 csv-summary-B0-student-personal-r3
2026-10-06T10:23:38.234Z 509/720 csv-summary-B0-owner-personal-r3
2026-10-06T10:23:38.241Z 511/720 csv-summary-B0-owner-team-r3
2026-10-06T10:23:38.241Z 511/720 csv-summary-B2-student-team-r3
2026-10-06T10:23:38.246Z 512/720 csv-summary-B2-student-personal-r3
2026-10-06T10:23:39.242Z 513/720 csv-summary-B2-owner-personal-r3
2026-10-06T10:23:39.252Z 514/720 csv-summary-B2-collaborator-personal-r3
2026-10-06T10:23:39.264Z 515/720 csv-summary-B2-owner-team-r3
2026-10-06T10:23:39.305Z 516/720 csv-summary-B2-collaborator-team-r3
2026-10-06T10:23:44.354Z 517/720 csv-summary-B3-student-personal-r3
2026-10-06T10:23:44.365Z 518/720 csv-summary-B3-student-team-r3
2026-10-06T10:23:44.386Z 519/720 csv-summary-B3-collaborator-team-r3
2026-10-06T10:23:44.466Z 520/720 csv-summary-B3-collaborator-personal-r3
2026-10-06T10:23:49.545Z 521/720 csv-summary-B3-owner-personal-r3
2026-10-06T10:23:49.599Z 522/720 csv-summary-B3-owner-team-r3
2026-10-06T10:23:51.367Z 523/720 csv-summary-F-student-team-r3
2026-10-06T10:23:51.404Z 524/720 csv-summary-F-student-personal-r3
2026-10-06T10:23:56.568Z 525/720 csv-summary-F-collaborator-team-r3
2026-10-06T10:23:56.737Z 526/720 csv-summary-F-collaborator-personal-r3
2026-10-06T10:23:56.912Z 527/720 csv-summary-F-owner-team-r3
2026-10-06T10:23:56.919Z 528/720 csv-summary-F-owner-personal-r3
2026-10-06T10:23:57.861Z 530/720 http-client-B0-collaborator-team-r3
2026-10-06T10:23:57.861Z 530/720 http-client-B0-student-team-r3
2026-10-06T10:23:57.863Z 531/720 http-client-B0-collaborator-personal-r3
2026-10-06T10:23:57.915Z 532/720 http-client-B0-student-personal-r3
2026-10-06T10:23:58.583Z 534/720 http-client-B0-owner-personal-r3
2026-10-06T10:23:58.584Z 534/720 http-client-B2-student-personal-r3
2026-10-06T10:23:58.607Z 535/720 http-client-B0-owner-team-r3
2026-10-06T10:23:58.631Z 536/720 http-client-B2-student-team-r3
2026-10-06T10:23:59.506Z 537/720 http-client-B2-owner-personal-r3
2026-10-06T10:23:59.528Z 538/720 http-client-B2-collaborator-personal-r3
2026-10-06T10:23:59.531Z 539/720 http-client-B2-collaborator-team-r3
2026-10-06T10:23:59.569Z 540/720 http-client-B2-owner-team-r3
2026-10-06T10:24:04.306Z 541/720 http-client-B3-student-personal-r3
2026-10-06T10:24:04.334Z 542/720 http-client-B3-student-team-r3
2026-10-06T10:24:04.374Z 543/720 http-client-B3-collaborator-personal-r3
2026-10-06T10:24:04.388Z 544/720 http-client-B3-collaborator-team-r3
2026-10-06T10:24:09.170Z 545/720 http-client-B3-owner-personal-r3
2026-10-06T10:24:09.303Z 546/720 http-client-B3-owner-team-r3
2026-10-06T10:24:11.209Z 547/720 http-client-F-student-personal-r3
2026-10-06T10:24:11.220Z 548/720 http-client-F-student-team-r3
2026-10-06T10:24:15.793Z 549/720 http-client-F-collaborator-personal-r3
2026-10-06T10:24:15.823Z 550/720 http-client-F-owner-team-r3
2026-10-06T10:24:15.878Z 551/720 http-client-F-collaborator-team-r3
2026-10-06T10:24:15.884Z 552/720 http-client-F-owner-personal-r3
2026-10-06T10:24:16.441Z 554/720 config-loader-B0-student-personal-r3
2026-10-06T10:24:16.441Z 554/720 config-loader-B0-collaborator-personal-r3
2026-10-06T10:24:16.486Z 556/720 config-loader-B0-collaborator-team-r3
2026-10-06T10:24:16.486Z 556/720 config-loader-B0-student-team-r3
2026-10-06T10:24:17.053Z 557/720 config-loader-B2-student-personal-r3
2026-10-06T10:24:17.100Z 558/720 config-loader-B0-owner-personal-r3
2026-10-06T10:24:17.102Z 560/720 config-loader-B2-student-team-r3
2026-10-06T10:24:17.103Z 560/720 config-loader-B0-owner-team-r3
2026-10-06T10:24:17.731Z 561/720 config-loader-B2-owner-personal-r3
2026-10-06T10:24:17.740Z 562/720 config-loader-B2-collaborator-personal-r3
2026-10-06T10:24:17.788Z 563/720 config-loader-B2-owner-team-r3
2026-10-06T10:24:17.792Z 564/720 config-loader-B2-collaborator-team-r3
2026-10-06T10:24:22.382Z 565/720 config-loader-B3-collaborator-personal-r3
2026-10-06T10:24:22.477Z 566/720 config-loader-B3-student-personal-r3
2026-10-06T10:24:22.486Z 567/720 config-loader-B3-collaborator-team-r3
2026-10-06T10:24:22.498Z 568/720 config-loader-B3-student-team-r3
2026-10-06T10:24:27.078Z 569/720 config-loader-B3-owner-personal-r3
2026-10-06T10:24:27.099Z 570/720 config-loader-B3-owner-team-r3
2026-10-06T10:24:29.073Z 571/720 config-loader-F-student-personal-r3
2026-10-06T10:24:29.096Z 572/720 config-loader-F-student-team-r3
2026-10-06T10:24:33.619Z 573/720 config-loader-F-owner-personal-r3
2026-10-06T10:24:33.635Z 574/720 config-loader-F-collaborator-team-r3
2026-10-06T10:24:33.667Z 575/720 config-loader-F-collaborator-personal-r3
2026-10-06T10:24:33.734Z 576/720 config-loader-F-owner-team-r3
2026-10-06T10:24:34.559Z 577/720 test-fix-B0-collaborator-team-r3
2026-10-06T10:24:34.560Z 579/720 test-fix-B0-student-team-r3
2026-10-06T10:24:34.560Z 580/720 test-fix-B0-collaborator-personal-r3
2026-10-06T10:24:34.561Z 580/720 test-fix-B0-student-personal-r3
2026-10-06T10:24:35.265Z 581/720 test-fix-B0-owner-personal-r3
2026-10-06T10:24:35.268Z 582/720 test-fix-B2-student-personal-r3
2026-10-06T10:24:35.289Z 583/720 test-fix-B2-student-team-r3
2026-10-06T10:24:35.293Z 584/720 test-fix-B0-owner-team-r3
2026-10-06T10:24:35.972Z 585/720 test-fix-B2-collaborator-personal-r3
2026-10-06T10:24:35.980Z 586/720 test-fix-B2-owner-personal-r3
2026-10-06T10:24:35.987Z 587/720 test-fix-B2-collaborator-team-r3
2026-10-06T10:24:36.023Z 588/720 test-fix-B2-owner-team-r3
2026-10-06T10:24:36.734Z 589/720 test-fix-B3-student-personal-r3
2026-10-06T10:24:36.751Z 590/720 test-fix-B3-collaborator-personal-r3
2026-10-06T10:24:36.756Z 591/720 test-fix-B3-collaborator-team-r3
2026-10-06T10:24:36.773Z 592/720 test-fix-B3-student-team-r3
2026-10-06T10:24:37.430Z 593/720 test-fix-B3-owner-personal-r3
2026-10-06T10:24:37.456Z 594/720 test-fix-B3-owner-team-r3
2026-10-06T10:24:39.460Z 595/720 test-fix-F-student-personal-r3
2026-10-06T10:24:39.473Z 596/720 test-fix-F-student-team-r3
2026-10-06T10:24:40.160Z 598/720 test-fix-F-collaborator-personal-r3
2026-10-06T10:24:40.160Z 598/720 test-fix-F-owner-personal-r3
2026-10-06T10:24:40.181Z 599/720 test-fix-F-owner-team-r3
2026-10-06T10:24:40.191Z 600/720 test-fix-F-collaborator-team-r3
2026-10-06T10:24:40.985Z 601/720 log-parser-B0-collaborator-personal-r3
2026-10-06T10:24:41.009Z 602/720 log-parser-B0-student-personal-r3
2026-10-06T10:24:41.064Z 603/720 log-parser-B0-collaborator-team-r3
2026-10-06T10:24:41.086Z 604/720 log-parser-B0-student-team-r3
2026-10-06T10:24:41.835Z 605/720 log-parser-B2-student-personal-r3
2026-10-06T10:24:41.879Z 606/720 log-parser-B0-owner-personal-r3
2026-10-06T10:24:41.901Z 607/720 log-parser-B0-owner-team-r3
2026-10-06T10:24:41.942Z 608/720 log-parser-B2-student-team-r3
2026-10-06T10:24:42.646Z 609/720 log-parser-B2-owner-personal-r3
2026-10-06T10:24:42.651Z 610/720 log-parser-B2-collaborator-personal-r3
2026-10-06T10:24:42.670Z 611/720 log-parser-B2-collaborator-team-r3
2026-10-06T10:24:42.689Z 612/720 log-parser-B2-owner-team-r3
2026-10-06T10:24:47.420Z 613/720 log-parser-B3-student-team-r3
2026-10-06T10:24:47.426Z 614/720 log-parser-B3-collaborator-personal-r3
2026-10-06T10:24:47.467Z 615/720 log-parser-B3-student-personal-r3
2026-10-06T10:24:47.532Z 616/720 log-parser-B3-collaborator-team-r3
2026-10-06T10:24:52.146Z 617/720 log-parser-B3-owner-team-r3
2026-10-06T10:24:52.232Z 618/720 log-parser-B3-owner-personal-r3
2026-10-06T10:24:54.095Z 619/720 log-parser-F-student-personal-r3
2026-10-06T10:24:54.216Z 620/720 log-parser-F-student-team-r3
2026-10-06T10:24:58.851Z 621/720 log-parser-F-collaborator-personal-r3
2026-10-06T10:24:58.867Z 622/720 log-parser-F-collaborator-team-r3
2026-10-06T10:24:58.885Z 623/720 log-parser-F-owner-team-r3
2026-10-06T10:24:58.892Z 624/720 log-parser-F-owner-personal-r3
2026-10-06T10:24:59.557Z 626/720 markdown-index-B0-collaborator-personal-r3
2026-10-06T10:24:59.558Z 626/720 markdown-index-B0-student-personal-r3
2026-10-06T10:24:59.563Z 627/720 markdown-index-B0-student-team-r3
2026-10-06T10:24:59.569Z 628/720 markdown-index-B0-collaborator-team-r3
2026-10-06T10:25:00.231Z 629/720 markdown-index-B0-owner-personal-r3
2026-10-06T10:25:00.261Z 630/720 markdown-index-B2-student-personal-r3
2026-10-06T10:25:00.313Z 631/720 markdown-index-B2-student-team-r3
2026-10-06T10:25:00.319Z 632/720 markdown-index-B0-owner-team-r3
2026-10-06T10:25:00.969Z 633/720 markdown-index-B2-collaborator-personal-r3
2026-10-06T10:25:01.009Z 635/720 markdown-index-B2-owner-team-r3
2026-10-06T10:25:01.009Z 635/720 markdown-index-B2-owner-personal-r3
2026-10-06T10:25:01.010Z 636/720 markdown-index-B2-collaborator-team-r3
2026-10-06T10:25:05.738Z 637/720 markdown-index-B3-collaborator-personal-r3
2026-10-06T10:25:05.741Z 638/720 markdown-index-B3-collaborator-team-r3
2026-10-06T10:25:05.741Z 639/720 markdown-index-B3-student-personal-r3
2026-10-06T10:25:05.750Z 640/720 markdown-index-B3-student-team-r3
2026-10-06T10:25:10.419Z 641/720 markdown-index-B3-owner-personal-r3
2026-10-06T10:25:10.489Z 642/720 markdown-index-B3-owner-team-r3
2026-10-06T10:25:12.411Z 643/720 markdown-index-F-student-team-r3
2026-10-06T10:25:12.414Z 644/720 markdown-index-F-student-personal-r3
2026-10-06T10:25:17.071Z 645/720 markdown-index-F-collaborator-personal-r3
2026-10-06T10:25:17.099Z 646/720 markdown-index-F-owner-personal-r3
2026-10-06T10:25:17.154Z 648/720 markdown-index-F-owner-team-r3
2026-10-06T10:25:17.154Z 648/720 markdown-index-F-collaborator-team-r3
2026-10-06T10:25:17.748Z 649/720 backup-script-B0-student-personal-r3
2026-10-06T10:25:17.775Z 650/720 backup-script-B0-collaborator-personal-r3
2026-10-06T10:25:17.802Z 651/720 backup-script-B0-student-team-r3
2026-10-06T10:25:17.819Z 652/720 backup-script-B0-collaborator-team-r3
2026-10-06T10:25:18.471Z 653/720 backup-script-B0-owner-personal-r3
2026-10-06T10:25:18.477Z 654/720 backup-script-B2-student-personal-r3
2026-10-06T10:25:18.508Z 655/720 backup-script-B0-owner-team-r3
2026-10-06T10:25:18.509Z 656/720 backup-script-B2-student-team-r3
2026-10-06T10:25:19.116Z 657/720 backup-script-B2-owner-personal-r3
2026-10-06T10:25:19.126Z 658/720 backup-script-B2-collaborator-personal-r3
2026-10-06T10:25:19.131Z 659/720 backup-script-B2-collaborator-team-r3
2026-10-06T10:25:19.159Z 660/720 backup-script-B2-owner-team-r3
2026-10-06T10:25:25.806Z 661/720 backup-script-B3-student-personal-r3
2026-10-06T10:25:25.806Z 662/720 backup-script-B3-collaborator-personal-r3
2026-10-06T10:25:25.816Z 663/720 backup-script-B3-student-team-r3
2026-10-06T10:25:25.825Z 664/720 backup-script-B3-collaborator-team-r3
2026-10-06T10:25:32.498Z 665/720 backup-script-B3-owner-personal-r3
2026-10-06T10:25:32.583Z 666/720 backup-script-B3-owner-team-r3
2026-10-06T10:25:34.455Z 667/720 backup-script-F-student-personal-r3
2026-10-06T10:25:34.468Z 668/720 backup-script-F-student-team-r3
2026-10-06T10:25:41.029Z 669/720 backup-script-F-collaborator-personal-r3
2026-10-06T10:25:41.063Z 670/720 backup-script-F-collaborator-team-r3
2026-10-06T10:25:41.092Z 671/720 backup-script-F-owner-team-r3
2026-10-06T10:25:41.148Z 672/720 backup-script-F-owner-personal-r3
2026-10-06T10:25:41.868Z 673/720 team-greeting-B0-student-personal-r3
2026-10-06T10:25:41.874Z 674/720 team-greeting-B0-student-team-r3
2026-10-06T10:25:41.881Z 675/720 team-greeting-B0-collaborator-team-r3
2026-10-06T10:25:41.894Z 676/720 team-greeting-B0-collaborator-personal-r3
2026-10-06T10:25:42.579Z 677/720 team-greeting-B2-student-personal-r3
2026-10-06T10:25:42.625Z 678/720 team-greeting-B0-owner-team-r3
2026-10-06T10:25:42.630Z 679/720 team-greeting-B0-owner-personal-r3
2026-10-06T10:25:42.652Z 680/720 team-greeting-B2-student-team-r3
2026-10-06T10:25:43.290Z 681/720 team-greeting-B2-owner-personal-r3
2026-10-06T10:25:43.300Z 683/720 team-greeting-B2-collaborator-personal-r3
2026-10-06T10:25:43.300Z 683/720 team-greeting-B2-collaborator-team-r3
2026-10-06T10:25:43.311Z 684/720 team-greeting-B2-owner-team-r3
2026-10-06T10:25:43.967Z 685/720 team-greeting-B3-collaborator-personal-r3
2026-10-06T10:25:43.999Z 686/720 team-greeting-B3-collaborator-team-r3
2026-10-06T10:25:44.004Z 687/720 team-greeting-B3-student-personal-r3
2026-10-06T10:25:44.007Z 688/720 team-greeting-B3-student-team-r3
2026-10-06T10:25:44.697Z 689/720 team-greeting-B3-owner-team-r3
2026-10-06T10:25:44.699Z 690/720 team-greeting-B3-owner-personal-r3
2026-10-06T10:25:48.624Z 691/720 team-greeting-F-student-personal-r3
2026-10-06T10:25:48.682Z 692/720 team-greeting-F-student-team-r3
2026-10-06T10:25:49.373Z 694/720 team-greeting-F-collaborator-team-r3
2026-10-06T10:25:49.373Z 694/720 team-greeting-F-owner-team-r3
2026-10-06T10:25:49.377Z 695/720 team-greeting-F-collaborator-personal-r3
2026-10-06T10:25:49.399Z 696/720 team-greeting-F-owner-personal-r3
2026-10-06T10:25:50.224Z 698/720 module-refactor-B0-collaborator-personal-r3
2026-10-06T10:25:50.224Z 699/720 module-refactor-B0-student-personal-r3
2026-10-06T10:25:50.224Z 699/720 module-refactor-B0-collaborator-team-r3
2026-10-06T10:25:50.225Z 700/720 module-refactor-B0-student-team-r3
2026-10-06T10:25:50.896Z 701/720 module-refactor-B2-student-personal-r3
2026-10-06T10:25:50.932Z 702/720 module-refactor-B0-owner-personal-r3
2026-10-06T10:25:50.938Z 703/720 module-refactor-B2-student-team-r3
2026-10-06T10:25:50.941Z 704/720 module-refactor-B0-owner-team-r3
2026-10-06T10:25:51.835Z 705/720 module-refactor-B2-owner-personal-r3
2026-10-06T10:25:51.862Z 707/720 module-refactor-B2-collaborator-personal-r3
2026-10-06T10:25:51.862Z 707/720 module-refactor-B2-owner-team-r3
2026-10-06T10:25:51.866Z 708/720 module-refactor-B2-collaborator-team-r3
2026-10-06T10:25:52.568Z 709/720 module-refactor-B3-collaborator-personal-r3
2026-10-06T10:25:52.577Z 710/720 module-refactor-B3-student-personal-r3
2026-10-06T10:25:52.599Z 711/720 module-refactor-B3-collaborator-team-r3
2026-10-06T10:25:52.605Z 712/720 module-refactor-B3-student-team-r3
2026-10-06T10:25:53.291Z 713/720 module-refactor-B3-owner-personal-r3
2026-10-06T10:25:53.320Z 714/720 module-refactor-B3-owner-team-r3
2026-10-06T10:25:55.324Z 715/720 module-refactor-F-student-personal-r3
2026-10-06T10:25:55.338Z 716/720 module-refactor-F-student-team-r3
2026-10-06T10:25:56.052Z 717/720 module-refactor-F-owner-personal-r3
2026-10-06T10:25:56.053Z 718/720 module-refactor-F-collaborator-personal-r3
2026-10-06T10:25:56.068Z 720/720 module-refactor-F-collaborator-team-r3
2026-10-06T10:25:56.068Z 720/720 module-refactor-F-owner-team-r3
