
> simple-rcp-v2@0.1.0 test:collab /Users/baokker/Work/Master/CSCW/智能语义冲突预防-update/SimpleRCPv2
> playwright test --config tests/playwright.config.ts tests/e2e/collaboration.spec.ts

[2m[WebServer] [22m(node:45048) Warning: The 'NO_COLOR' env is ignored due to the 'FORCE_COLOR' env being set.
[2m[WebServer] [22m(Use `node --trace-warnings ...` to show where the warning was created)
[2m[WebServer] [22m(node:45064) Warning: The 'NO_COLOR' env is ignored due to the 'FORCE_COLOR' env being set.
[2m[WebServer] [22m(Use `node --trace-warnings ...` to show where the warning was created)
[2m[WebServer] [22m(node:45070) Warning: The 'NO_COLOR' env is ignored due to the 'FORCE_COLOR' env being set.
[2m[WebServer] [22m(Use `node --trace-warnings ...` to show where the warning was created)
[2m[WebServer] [22m(node:45070) Warning: The 'NO_COLOR' env is ignored due to the 'FORCE_COLOR' env being set.
[2m[WebServer] [22m(Use `node --trace-warnings ...` to show where the warning was created)
[2m[WebServer] [22m(node:45155) Warning: The 'NO_COLOR' env is ignored due to the 'FORCE_COLOR' env being set.
[2m[WebServer] [22m(Use `node --trace-warnings ...` to show where the warning was created)
[2m[WebServer] [22m(node:45156) Warning: The 'NO_COLOR' env is ignored due to the 'FORCE_COLOR' env being set.
[2m[WebServer] [22m(Use `node --trace-warnings ...` to show where the warning was created)

Running 2 tests using 1 worker

(node:45181) Warning: The 'NO_COLOR' env is ignored due to the 'FORCE_COLOR' env being set.
(Use `node --trace-warnings ...` to show where the warning was created)
(node:45181) Warning: The 'NO_COLOR' env is ignored due to the 'FORCE_COLOR' env being set.
(Use `node --trace-warnings ...` to show where the warning was created)
  ✓  1 tests/e2e/collaboration.spec.ts:11:1 › tabs in one browser can choose different project members (1.8s)
[2m[WebServer] [22m2:25:04 AM [vite] ws proxy socket error:
[2m[WebServer] [22mError: write EPIPE
[2m[WebServer] [22m    at afterWriteDispatched (node:internal/stream_base_commons:159:15)
[2m[WebServer] [22m    at writeGeneric (node:internal/stream_base_commons:150:3)
[2m[WebServer] [22m    at Socket._writeGeneric (node:net:966:11)
[2m[WebServer] [22m    at Socket._write (node:net:978:8)
[2m[WebServer] [22m    at writeOrBuffer (node:internal/streams/writable:570:12)
[2m[WebServer] [22m    at _write (node:internal/streams/writable:499:10)
[2m[WebServer] [22m    at Writable.write (node:internal/streams/writable:508:10)
[2m[WebServer] [22m    at Socket.ondata (node:internal/streams/readable:1008:24)
[2m[WebServer] [22m    at Socket.emit (node:events:508:28)
[2m[WebServer] [22m    at addChunk (node:internal/streams/readable:559:12)
[2m[WebServer] [22m    at readableAddChunkPushByteMode (node:internal/streams/readable:510:3)
[2m[WebServer] [22m    at Readable.push (node:internal/streams/readable:390:5)
[2m[WebServer] [22m    at TCP.onStreamRead (node:internal/stream_base_commons:189:23)
  ✓  2 tests/e2e/collaboration.spec.ts:54:1 › human collaborators share code, cursors, chat, activity, and terminal (17.4s)

  2 passed (23.0s)
