2026-10-06T14:10:46.264Z 1/720 todo-cli-B0-student-personal-r1
2026-10-06T14:10:46.291Z 2/720 todo-cli-B0-collaborator-personal-r1
2026-10-06T14:10:46.313Z 3/720 todo-cli-B0-student-team-r1
2026-10-06T14:10:46.317Z 4/720 todo-cli-B0-collaborator-team-r1
2026-10-06T14:10:47.471Z 5/720 todo-cli-B2-student-team-r1
2026-10-06T14:10:47.471Z 6/720 todo-cli-B2-student-personal-r1
2026-10-06T14:10:47.477Z 7/720 todo-cli-B0-owner-personal-r1
2026-10-06T14:10:47.504Z 8/720 todo-cli-B0-owner-team-r1
2026-10-06T14:10:48.473Z 10/720 todo-cli-B2-collaborator-personal-r1
2026-10-06T14:10:48.473Z 10/720 todo-cli-B2-owner-personal-r1
2026-10-06T14:10:48.475Z 11/720 todo-cli-B2-owner-team-r1
2026-10-06T14:10:48.499Z 12/720 todo-cli-B2-collaborator-team-r1
2026-10-06T14:10:49.297Z 13/720 todo-cli-B3-student-personal-r1
2026-10-06T14:10:49.309Z 14/720 todo-cli-B3-collaborator-personal-r1
2026-10-06T14:10:49.329Z 16/720 todo-cli-B3-collaborator-team-r1
2026-10-06T14:10:49.329Z 16/720 todo-cli-B3-student-team-r1
2026-10-06T14:10:50.149Z 17/720 todo-cli-B3-owner-personal-r1
2026-10-06T14:10:50.199Z 18/720 todo-cli-B3-owner-team-r1
2026-10-06T14:10:54.135Z 19/720 todo-cli-F-student-personal-r1
2026-10-06T14:10:54.151Z 20/720 todo-cli-F-student-team-r1
2026-10-06T14:10:54.963Z 21/720 todo-cli-F-owner-personal-r1
2026-10-06T14:10:55.005Z 23/720 todo-cli-F-owner-team-r1
2026-10-06T14:10:55.005Z 23/720 todo-cli-F-collaborator-personal-r1
2026-10-06T14:10:55.031Z 24/720 todo-cli-F-collaborator-team-r1
2026-10-06T14:10:56.423Z 25/720 csv-summary-B0-student-personal-r1
2026-10-06T14:10:56.424Z 26/720 csv-summary-B0-collaborator-team-r1
2026-10-06T14:10:56.441Z 27/720 csv-summary-B0-student-team-r1
2026-10-06T14:10:56.444Z 28/720 csv-summary-B0-collaborator-personal-r1
2026-10-06T14:10:57.653Z 29/720 csv-summary-B0-owner-personal-r1
2026-10-06T14:10:57.662Z 31/720 csv-summary-B2-student-personal-r1
2026-10-06T14:10:57.662Z 31/720 csv-summary-B2-student-team-r1
2026-10-06T14:10:57.667Z 32/720 csv-summary-B0-owner-team-r1
2026-10-06T14:10:58.988Z 33/720 csv-summary-B2-owner-team-r1
2026-10-06T14:10:58.999Z 34/720 csv-summary-B2-owner-personal-r1
2026-10-06T14:10:59.003Z 35/720 csv-summary-B2-collaborator-team-r1
2026-10-06T14:10:59.027Z 36/720 csv-summary-B2-collaborator-personal-r1
2026-10-06T14:11:04.344Z 37/720 csv-summary-B3-student-personal-r1
2026-10-06T14:11:04.347Z 38/720 csv-summary-B3-collaborator-team-r1
2026-10-06T14:11:04.352Z 39/720 csv-summary-B3-student-team-r1
2026-10-06T14:11:04.359Z 40/720 csv-summary-B3-collaborator-personal-r1
2026-10-06T14:11:09.650Z 41/720 csv-summary-B3-owner-personal-r1
2026-10-06T14:11:09.683Z 42/720 csv-summary-B3-owner-team-r1
2026-10-06T14:11:11.444Z 43/720 csv-summary-F-student-team-r1
2026-10-06T14:11:11.466Z 44/720 csv-summary-F-student-personal-r1
2026-10-06T14:11:16.350Z 45/720 csv-summary-F-collaborator-personal-r1
2026-10-06T14:11:16.383Z 46/720 csv-summary-F-collaborator-team-r1
2026-10-06T14:11:16.563Z 48/720 csv-summary-F-owner-team-r1
2026-10-06T14:11:16.563Z 48/720 csv-summary-F-owner-personal-r1
2026-10-06T14:11:17.568Z 50/720 http-client-B0-collaborator-personal-r1
2026-10-06T14:11:17.569Z 50/720 http-client-B0-student-team-r1
2026-10-06T14:11:17.573Z 51/720 http-client-B0-collaborator-team-r1
2026-10-06T14:11:17.588Z 52/720 http-client-B0-student-personal-r1
2026-10-06T14:11:18.586Z 53/720 http-client-B0-owner-personal-r1
2026-10-06T14:11:18.607Z 54/720 http-client-B0-owner-team-r1
2026-10-06T14:11:18.644Z 55/720 http-client-B2-student-personal-r1
2026-10-06T14:11:18.646Z 56/720 http-client-B2-student-team-r1
2026-10-06T14:11:19.724Z 57/720 http-client-B2-collaborator-personal-r1
2026-10-06T14:11:19.763Z 58/720 http-client-B2-owner-personal-r1
2026-10-06T14:11:19.779Z 59/720 http-client-B2-collaborator-team-r1
2026-10-06T14:11:19.829Z 60/720 http-client-B2-owner-team-r1
2026-10-06T14:11:24.721Z 61/720 http-client-B3-student-personal-r1
2026-10-06T14:11:24.732Z 62/720 http-client-B3-collaborator-personal-r1
2026-10-06T14:11:24.748Z 63/720 http-client-B3-student-team-r1
2026-10-06T14:11:24.750Z 64/720 http-client-B3-collaborator-team-r1
2026-10-06T14:11:29.509Z 65/720 http-client-B3-owner-personal-r1
2026-10-06T14:11:29.651Z 66/720 http-client-B3-owner-team-r1
2026-10-06T14:11:31.579Z 67/720 http-client-F-student-personal-r1
2026-10-06T14:11:31.591Z 68/720 http-client-F-student-team-r1
2026-10-06T14:11:36.445Z 69/720 http-client-F-collaborator-personal-r1
2026-10-06T14:11:36.465Z 70/720 http-client-F-collaborator-team-r1
2026-10-06T14:11:36.483Z 71/720 http-client-F-owner-personal-r1
2026-10-06T14:11:36.500Z 72/720 http-client-F-owner-team-r1
2026-10-06T14:11:37.245Z 73/720 config-loader-B0-collaborator-personal-r1
2026-10-06T14:11:37.248Z 74/720 config-loader-B0-student-personal-r1
2026-10-06T14:11:37.279Z 75/720 config-loader-B0-collaborator-team-r1
2026-10-06T14:11:37.294Z 76/720 config-loader-B0-student-team-r1
2026-10-06T14:11:38.058Z 77/720 config-loader-B2-student-personal-r1
2026-10-06T14:11:38.123Z 78/720 config-loader-B0-owner-team-r1
2026-10-06T14:11:38.124Z 79/720 config-loader-B2-student-team-r1
2026-10-06T14:11:38.135Z 80/720 config-loader-B0-owner-personal-r1
2026-10-06T14:11:39.123Z 81/720 config-loader-B2-collaborator-personal-r1
2026-10-06T14:11:39.136Z 82/720 config-loader-B2-owner-personal-r1
2026-10-06T14:11:39.155Z 83/720 config-loader-B2-collaborator-team-r1
2026-10-06T14:11:39.171Z 84/720 config-loader-B2-owner-team-r1
2026-10-06T14:11:44.085Z 85/720 config-loader-B3-collaborator-personal-r1
2026-10-06T14:11:44.094Z 86/720 config-loader-B3-student-personal-r1
2026-10-06T14:11:44.154Z 87/720 config-loader-B3-student-team-r1
2026-10-06T14:11:44.162Z 88/720 config-loader-B3-collaborator-team-r1
2026-10-06T14:11:49.622Z 89/720 config-loader-B3-owner-personal-r1
2026-10-06T14:11:49.703Z 90/720 config-loader-B3-owner-team-r1
2026-10-06T14:11:51.615Z 91/720 config-loader-F-student-team-r1
2026-10-06T14:11:51.657Z 92/720 config-loader-F-student-personal-r1
2026-10-06T14:11:56.655Z 93/720 config-loader-F-collaborator-team-r1
2026-10-06T14:11:56.672Z 94/720 config-loader-F-owner-personal-r1
2026-10-06T14:11:56.677Z 95/720 config-loader-F-collaborator-personal-r1
2026-10-06T14:11:56.774Z 96/720 config-loader-F-owner-team-r1
2026-10-06T14:11:58.708Z 99/720 test-fix-B0-collaborator-team-r1
2026-10-06T14:11:58.708Z 99/720 test-fix-B0-collaborator-personal-r1
2026-10-06T14:11:58.708Z 99/720 test-fix-B0-student-team-r1
2026-10-06T14:11:58.712Z 100/720 test-fix-B0-student-personal-r1
2026-10-06T14:12:00.135Z 101/720 test-fix-B0-owner-personal-r1
2026-10-06T14:12:00.173Z 102/720 test-fix-B2-student-personal-r1
2026-10-06T14:12:00.180Z 103/720 test-fix-B2-student-team-r1
2026-10-06T14:12:00.206Z 104/720 test-fix-B0-owner-team-r1
2026-10-06T14:12:02.058Z 105/720 test-fix-B2-owner-personal-r1
2026-10-06T14:12:02.060Z 106/720 test-fix-B2-collaborator-personal-r1
2026-10-06T14:12:02.126Z 107/720 test-fix-B2-collaborator-team-r1
2026-10-06T14:12:02.136Z 108/720 test-fix-B2-owner-team-r1
2026-10-06T14:12:03.945Z 109/720 test-fix-B3-collaborator-personal-r1
2026-10-06T14:12:03.966Z 110/720 test-fix-B3-student-personal-r1
2026-10-06T14:12:04.014Z 111/720 test-fix-B3-student-team-r1
2026-10-06T14:12:04.037Z 112/720 test-fix-B3-collaborator-team-r1
2026-10-06T14:12:05.416Z 113/720 test-fix-B3-owner-personal-r1
2026-10-06T14:12:05.469Z 114/720 test-fix-B3-owner-team-r1
2026-10-06T14:12:07.442Z 116/720 test-fix-F-student-personal-r1
2026-10-06T14:12:07.442Z 116/720 test-fix-F-student-team-r1
2026-10-06T14:12:08.751Z 117/720 test-fix-F-owner-personal-r1
2026-10-06T14:12:08.814Z 118/720 test-fix-F-collaborator-team-r1
2026-10-06T14:12:08.824Z 119/720 test-fix-F-owner-team-r1
2026-10-06T14:12:08.828Z 120/720 test-fix-F-collaborator-personal-r1
2026-10-06T14:12:09.967Z 121/720 log-parser-B0-student-personal-r1
2026-10-06T14:12:10.048Z 122/720 log-parser-B0-collaborator-team-r1
2026-10-06T14:12:10.051Z 123/720 log-parser-B0-collaborator-personal-r1
2026-10-06T14:12:10.066Z 124/720 log-parser-B0-student-team-r1
2026-10-06T14:12:11.307Z 125/720 log-parser-B0-owner-personal-r1
2026-10-06T14:12:11.308Z 126/720 log-parser-B2-student-personal-r1
2026-10-06T14:12:11.340Z 127/720 log-parser-B2-student-team-r1
2026-10-06T14:12:11.433Z 128/720 log-parser-B0-owner-team-r1
2026-10-06T14:12:12.761Z 129/720 log-parser-B2-owner-team-r1
2026-10-06T14:12:12.778Z 131/720 log-parser-B2-collaborator-personal-r1
2026-10-06T14:12:12.778Z 131/720 log-parser-B2-owner-personal-r1
2026-10-06T14:12:12.838Z 132/720 log-parser-B2-collaborator-team-r1
2026-10-06T14:12:17.777Z 133/720 log-parser-B3-student-personal-r1
2026-10-06T14:12:17.806Z 134/720 log-parser-B3-collaborator-personal-r1
2026-10-06T14:12:17.818Z 135/720 log-parser-B3-student-team-r1
2026-10-06T14:12:17.832Z 136/720 log-parser-B3-collaborator-team-r1
2026-10-06T14:12:22.668Z 137/720 log-parser-B3-owner-personal-r1
2026-10-06T14:12:22.694Z 138/720 log-parser-B3-owner-team-r1
2026-10-06T14:12:24.593Z 139/720 log-parser-F-student-personal-r1
2026-10-06T14:12:24.624Z 140/720 log-parser-F-student-team-r1
2026-10-06T14:12:29.627Z 141/720 log-parser-F-collaborator-personal-r1
2026-10-06T14:12:29.641Z 142/720 log-parser-F-owner-personal-r1
2026-10-06T14:12:29.648Z 143/720 log-parser-F-collaborator-team-r1
2026-10-06T14:12:29.771Z 144/720 log-parser-F-owner-team-r1
2026-10-06T14:12:30.878Z 145/720 markdown-index-B0-student-personal-r1
2026-10-06T14:12:30.895Z 146/720 markdown-index-B0-student-team-r1
2026-10-06T14:12:30.914Z 147/720 markdown-index-B0-collaborator-team-r1
2026-10-06T14:12:30.914Z 148/720 markdown-index-B0-collaborator-personal-r1
2026-10-06T14:12:31.909Z 149/720 markdown-index-B2-student-personal-r1
2026-10-06T14:12:31.924Z 151/720 markdown-index-B0-owner-personal-r1
2026-10-06T14:12:31.924Z 151/720 markdown-index-B0-owner-team-r1
2026-10-06T14:12:32.033Z 152/720 markdown-index-B2-student-team-r1
2026-10-06T14:12:33.009Z 153/720 markdown-index-B2-collaborator-personal-r1
2026-10-06T14:12:33.029Z 154/720 markdown-index-B2-collaborator-team-r1
2026-10-06T14:12:33.033Z 155/720 markdown-index-B2-owner-personal-r1
2026-10-06T14:12:33.054Z 156/720 markdown-index-B2-owner-team-r1
2026-10-06T14:12:38.143Z 157/720 markdown-index-B3-student-team-r1
2026-10-06T14:12:38.146Z 158/720 markdown-index-B3-collaborator-personal-r1
2026-10-06T14:12:38.150Z 159/720 markdown-index-B3-collaborator-team-r1
2026-10-06T14:12:38.153Z 160/720 markdown-index-B3-student-personal-r1
2026-10-06T14:12:43.348Z 162/720 markdown-index-B3-owner-personal-r1
2026-10-06T14:12:43.348Z 162/720 markdown-index-B3-owner-team-r1
2026-10-06T14:12:45.321Z 163/720 markdown-index-F-student-personal-r1
2026-10-06T14:12:45.390Z 164/720 markdown-index-F-student-team-r1
2026-10-06T14:12:50.156Z 165/720 markdown-index-F-owner-personal-r1
2026-10-06T14:12:50.184Z 166/720 markdown-index-F-collaborator-team-r1
2026-10-06T14:12:50.201Z 167/720 markdown-index-F-collaborator-personal-r1
2026-10-06T14:12:50.268Z 168/720 markdown-index-F-owner-team-r1
2026-10-06T14:12:51.033Z 169/720 backup-script-B0-collaborator-personal-r1
2026-10-06T14:12:51.044Z 171/720 backup-script-B0-student-team-r1
2026-10-06T14:12:51.044Z 171/720 backup-script-B0-collaborator-team-r1
2026-10-06T14:12:51.086Z 172/720 backup-script-B0-student-personal-r1
2026-10-06T14:12:51.752Z 173/720 backup-script-B0-owner-personal-r1
2026-10-06T14:12:51.770Z 174/720 backup-script-B2-student-personal-r1
2026-10-06T14:12:51.794Z 175/720 backup-script-B0-owner-team-r1
2026-10-06T14:12:51.845Z 176/720 backup-script-B2-student-team-r1
2026-10-06T14:12:52.540Z 178/720 backup-script-B2-owner-team-r1
2026-10-06T14:12:52.541Z 178/720 backup-script-B2-collaborator-personal-r1
2026-10-06T14:12:52.553Z 179/720 backup-script-B2-owner-personal-r1
2026-10-06T14:12:52.605Z 180/720 backup-script-B2-collaborator-team-r1
2026-10-06T14:12:59.322Z 182/720 backup-script-B3-collaborator-personal-r1
2026-10-06T14:12:59.322Z 182/720 backup-script-B3-student-personal-r1
2026-10-06T14:12:59.350Z 183/720 backup-script-B3-collaborator-team-r1
2026-10-06T14:12:59.362Z 184/720 backup-script-B3-student-team-r1
2026-10-06T14:13:06.962Z 185/720 backup-script-B3-owner-personal-r1
2026-10-06T14:13:07.012Z 186/720 backup-script-B3-owner-team-r1
2026-10-06T14:13:08.923Z 187/720 backup-script-F-student-personal-r1
2026-10-06T14:13:08.931Z 188/720 backup-script-F-student-team-r1
2026-10-06T14:13:16.013Z 189/720 backup-script-F-collaborator-personal-r1
2026-10-06T14:13:16.069Z 190/720 backup-script-F-owner-team-r1
2026-10-06T14:13:16.073Z 192/720 backup-script-F-owner-personal-r1
2026-10-06T14:13:16.073Z 192/720 backup-script-F-collaborator-team-r1
2026-10-06T14:13:17.128Z 193/720 team-greeting-B0-student-team-r1
2026-10-06T14:13:17.145Z 194/720 team-greeting-B0-collaborator-team-r1
2026-10-06T14:13:17.160Z 195/720 team-greeting-B0-student-personal-r1
2026-10-06T14:13:17.187Z 196/720 team-greeting-B0-collaborator-personal-r1
2026-10-06T14:13:18.350Z 197/720 team-greeting-B0-owner-team-r1
2026-10-06T14:13:18.412Z 198/720 team-greeting-B0-owner-personal-r1
2026-10-06T14:13:18.422Z 199/720 team-greeting-B2-student-team-r1
2026-10-06T14:13:18.443Z 200/720 team-greeting-B2-student-personal-r1
2026-10-06T14:13:19.462Z 201/720 team-greeting-B2-collaborator-personal-r1
2026-10-06T14:13:19.486Z 202/720 team-greeting-B2-owner-personal-r1
2026-10-06T14:13:19.488Z 203/720 team-greeting-B2-collaborator-team-r1
2026-10-06T14:13:19.506Z 204/720 team-greeting-B2-owner-team-r1
2026-10-06T14:13:20.508Z 205/720 team-greeting-B3-student-personal-r1
2026-10-06T14:13:20.516Z 206/720 team-greeting-B3-student-team-r1
2026-10-06T14:13:20.518Z 207/720 team-greeting-B3-collaborator-team-r1
2026-10-06T14:13:20.520Z 208/720 team-greeting-B3-collaborator-personal-r1
2026-10-06T14:13:21.539Z 209/720 team-greeting-B3-owner-personal-r1
2026-10-06T14:13:21.544Z 210/720 team-greeting-B3-owner-team-r1
2026-10-06T14:13:25.392Z 211/720 team-greeting-F-student-personal-r1
2026-10-06T14:13:25.401Z 212/720 team-greeting-F-student-team-r1
2026-10-06T14:13:26.389Z 213/720 team-greeting-F-collaborator-team-r1
2026-10-06T14:13:26.398Z 214/720 team-greeting-F-collaborator-personal-r1
2026-10-06T14:13:26.431Z 215/720 team-greeting-F-owner-personal-r1
2026-10-06T14:13:26.473Z 216/720 team-greeting-F-owner-team-r1
2026-10-06T14:13:27.425Z 217/720 module-refactor-B0-collaborator-personal-r1
2026-10-06T14:13:27.425Z 218/720 module-refactor-B0-collaborator-team-r1
2026-10-06T14:13:27.428Z 219/720 module-refactor-B0-student-personal-r1
2026-10-06T14:13:27.440Z 220/720 module-refactor-B0-student-team-r1
2026-10-06T14:13:28.292Z 222/720 module-refactor-B2-student-personal-r1
2026-10-06T14:13:28.292Z 222/720 module-refactor-B0-owner-personal-r1
2026-10-06T14:13:28.331Z 224/720 module-refactor-B0-owner-team-r1
2026-10-06T14:13:28.332Z 224/720 module-refactor-B2-student-team-r1
2026-10-06T14:13:29.274Z 226/720 module-refactor-B2-collaborator-personal-r1
2026-10-06T14:13:29.274Z 226/720 module-refactor-B2-owner-personal-r1
2026-10-06T14:13:29.303Z 227/720 module-refactor-B2-owner-team-r1
2026-10-06T14:13:29.328Z 228/720 module-refactor-B2-collaborator-team-r1
2026-10-06T14:13:30.239Z 229/720 module-refactor-B3-student-personal-r1
2026-10-06T14:13:30.247Z 230/720 module-refactor-B3-collaborator-personal-r1
2026-10-06T14:13:30.270Z 231/720 module-refactor-B3-student-team-r1
2026-10-06T14:13:30.286Z 232/720 module-refactor-B3-collaborator-team-r1
2026-10-06T14:13:31.164Z 233/720 module-refactor-B3-owner-personal-r1
2026-10-06T14:13:31.194Z 234/720 module-refactor-B3-owner-team-r1
2026-10-06T14:13:33.194Z 235/720 module-refactor-F-student-personal-r1
2026-10-06T14:13:33.223Z 236/720 module-refactor-F-student-team-r1
2026-10-06T14:13:34.527Z 237/720 module-refactor-F-owner-personal-r1
2026-10-06T14:13:34.547Z 238/720 module-refactor-F-collaborator-personal-r1
2026-10-06T14:13:34.556Z 239/720 module-refactor-F-owner-team-r1
2026-10-06T14:13:34.578Z 240/720 module-refactor-F-collaborator-team-r1
2026-10-06T14:13:35.557Z 241/720 todo-cli-B0-student-personal-r2
2026-10-06T14:13:35.602Z 242/720 todo-cli-B0-student-team-r2
2026-10-06T14:13:35.609Z 243/720 todo-cli-B0-collaborator-team-r2
2026-10-06T14:13:35.612Z 244/720 todo-cli-B0-collaborator-personal-r2
2026-10-06T14:13:36.751Z 246/720 todo-cli-B2-student-personal-r2
2026-10-06T14:13:36.751Z 246/720 todo-cli-B0-owner-personal-r2
2026-10-06T14:13:36.773Z 247/720 todo-cli-B2-student-team-r2
2026-10-06T14:13:36.780Z 248/720 todo-cli-B0-owner-team-r2
2026-10-06T14:13:37.596Z 249/720 todo-cli-B2-collaborator-personal-r2
2026-10-06T14:13:37.609Z 250/720 todo-cli-B2-owner-personal-r2
2026-10-06T14:13:37.611Z 251/720 todo-cli-B2-owner-team-r2
2026-10-06T14:13:37.622Z 252/720 todo-cli-B2-collaborator-team-r2
2026-10-06T14:13:38.488Z 253/720 todo-cli-B3-collaborator-personal-r2
2026-10-06T14:13:38.526Z 254/720 todo-cli-B3-student-personal-r2
2026-10-06T14:13:38.535Z 255/720 todo-cli-B3-student-team-r2
2026-10-06T14:13:38.539Z 256/720 todo-cli-B3-collaborator-team-r2
2026-10-06T14:13:39.403Z 257/720 todo-cli-B3-owner-personal-r2
2026-10-06T14:13:39.460Z 258/720 todo-cli-B3-owner-team-r2
2026-10-06T14:13:43.388Z 259/720 todo-cli-F-student-personal-r2
2026-10-06T14:13:43.413Z 260/720 todo-cli-F-student-team-r2
2026-10-06T14:13:45.238Z 261/720 todo-cli-F-owner-personal-r2
2026-10-06T14:13:45.267Z 262/720 todo-cli-F-collaborator-personal-r2
2026-10-06T14:13:45.337Z 264/720 todo-cli-F-owner-team-r2
2026-10-06T14:13:45.337Z 264/720 todo-cli-F-collaborator-team-r2
2026-10-06T14:13:46.796Z 265/720 csv-summary-B0-student-personal-r2
2026-10-06T14:13:46.808Z 266/720 csv-summary-B0-collaborator-personal-r2
2026-10-06T14:13:46.813Z 268/720 csv-summary-B0-student-team-r2
2026-10-06T14:13:46.813Z 268/720 csv-summary-B0-collaborator-team-r2
2026-10-06T14:13:48.010Z 269/720 csv-summary-B2-student-personal-r2
2026-10-06T14:13:48.017Z 270/720 csv-summary-B0-owner-team-r2
2026-10-06T14:13:48.025Z 271/720 csv-summary-B0-owner-personal-r2
2026-10-06T14:13:48.038Z 272/720 csv-summary-B2-student-team-r2
2026-10-06T14:13:49.380Z 273/720 csv-summary-B2-owner-personal-r2
2026-10-06T14:13:49.383Z 274/720 csv-summary-B2-owner-team-r2
2026-10-06T14:13:49.389Z 275/720 csv-summary-B2-collaborator-team-r2
2026-10-06T14:13:49.431Z 276/720 csv-summary-B2-collaborator-personal-r2
2026-10-06T14:13:54.497Z 277/720 csv-summary-B3-student-personal-r2
2026-10-06T14:13:54.500Z 278/720 csv-summary-B3-collaborator-personal-r2
2026-10-06T14:13:54.534Z 279/720 csv-summary-B3-student-team-r2
2026-10-06T14:13:54.536Z 280/720 csv-summary-B3-collaborator-team-r2
2026-10-06T14:13:59.631Z 282/720 csv-summary-B3-owner-team-r2
2026-10-06T14:13:59.632Z 282/720 csv-summary-B3-owner-personal-r2
2026-10-06T14:14:01.383Z 283/720 csv-summary-F-student-personal-r2
2026-10-06T14:14:01.395Z 284/720 csv-summary-F-student-team-r2
2026-10-06T14:14:06.528Z 285/720 csv-summary-F-collaborator-personal-r2
2026-10-06T14:14:06.546Z 286/720 csv-summary-F-collaborator-team-r2
2026-10-06T14:14:06.606Z 287/720 csv-summary-F-owner-personal-r2
2026-10-06T14:14:06.728Z 288/720 csv-summary-F-owner-team-r2
2026-10-06T14:14:07.664Z 289/720 http-client-B0-collaborator-team-r2
2026-10-06T14:14:07.712Z 290/720 http-client-B0-student-personal-r2
2026-10-06T14:14:07.719Z 291/720 http-client-B0-student-team-r2
2026-10-06T14:14:07.720Z 292/720 http-client-B0-collaborator-personal-r2
2026-10-06T14:14:08.496Z 293/720 http-client-B0-owner-personal-r2
2026-10-06T14:14:08.503Z 294/720 http-client-B2-student-personal-r2
2026-10-06T14:14:08.524Z 295/720 http-client-B0-owner-team-r2
2026-10-06T14:14:08.554Z 296/720 http-client-B2-student-team-r2
2026-10-06T14:14:09.356Z 297/720 http-client-B2-owner-personal-r2
2026-10-06T14:14:09.390Z 298/720 http-client-B2-collaborator-personal-r2
2026-10-06T14:14:09.390Z 299/720 http-client-B2-collaborator-team-r2
2026-10-06T14:14:09.417Z 300/720 http-client-B2-owner-team-r2
2026-10-06T14:14:14.193Z 301/720 http-client-B3-student-personal-r2
2026-10-06T14:14:14.212Z 302/720 http-client-B3-student-team-r2
2026-10-06T14:14:14.254Z 303/720 http-client-B3-collaborator-personal-r2
2026-10-06T14:14:14.284Z 304/720 http-client-B3-collaborator-team-r2
2026-10-06T14:14:19.146Z 305/720 http-client-B3-owner-personal-r2
2026-10-06T14:14:19.163Z 306/720 http-client-B3-owner-team-r2
2026-10-06T14:14:21.137Z 307/720 http-client-F-student-team-r2
2026-10-06T14:14:21.151Z 308/720 http-client-F-student-personal-r2
2026-10-06T14:14:25.907Z 309/720 http-client-F-collaborator-personal-r2
2026-10-06T14:14:25.913Z 310/720 http-client-F-owner-team-r2
2026-10-06T14:14:25.934Z 311/720 http-client-F-collaborator-team-r2
2026-10-06T14:14:25.938Z 312/720 http-client-F-owner-personal-r2
2026-10-06T14:14:26.581Z 313/720 config-loader-B0-collaborator-personal-r2
2026-10-06T14:14:26.597Z 314/720 config-loader-B0-collaborator-team-r2
2026-10-06T14:14:26.620Z 315/720 config-loader-B0-student-team-r2
2026-10-06T14:14:26.648Z 316/720 config-loader-B0-student-personal-r2
2026-10-06T14:14:27.529Z 317/720 config-loader-B0-owner-personal-r2
2026-10-06T14:14:27.534Z 318/720 config-loader-B2-student-personal-r2
2026-10-06T14:14:27.555Z 319/720 config-loader-B0-owner-team-r2
2026-10-06T14:14:27.562Z 320/720 config-loader-B2-student-team-r2
2026-10-06T14:14:28.307Z 321/720 config-loader-B2-owner-personal-r2
2026-10-06T14:14:28.315Z 322/720 config-loader-B2-collaborator-personal-r2
2026-10-06T14:14:28.354Z 323/720 config-loader-B2-owner-team-r2
2026-10-06T14:14:28.396Z 324/720 config-loader-B2-collaborator-team-r2
2026-10-06T14:14:33.171Z 326/720 config-loader-B3-collaborator-personal-r2
2026-10-06T14:14:33.172Z 326/720 config-loader-B3-student-personal-r2
2026-10-06T14:14:33.187Z 327/720 config-loader-B3-collaborator-team-r2
2026-10-06T14:14:33.202Z 328/720 config-loader-B3-student-team-r2
2026-10-06T14:14:38.110Z 329/720 config-loader-B3-owner-team-r2
2026-10-06T14:14:38.165Z 330/720 config-loader-B3-owner-personal-r2
2026-10-06T14:14:40.067Z 332/720 config-loader-F-student-personal-r2
2026-10-06T14:14:40.067Z 332/720 config-loader-F-student-team-r2
2026-10-06T14:14:44.807Z 333/720 config-loader-F-collaborator-team-r2
2026-10-06T14:14:44.811Z 334/720 config-loader-F-collaborator-personal-r2
2026-10-06T14:14:44.824Z 335/720 config-loader-F-owner-personal-r2
2026-10-06T14:14:44.842Z 336/720 config-loader-F-owner-team-r2
2026-10-06T14:14:45.865Z 337/720 test-fix-B0-student-personal-r2
2026-10-06T14:14:45.878Z 340/720 test-fix-B0-collaborator-team-r2
2026-10-06T14:14:45.878Z 340/720 test-fix-B0-student-team-r2
2026-10-06T14:14:45.878Z 340/720 test-fix-B0-collaborator-personal-r2
2026-10-06T14:14:46.816Z 341/720 test-fix-B2-student-personal-r2
2026-10-06T14:14:46.818Z 342/720 test-fix-B0-owner-personal-r2
2026-10-06T14:14:46.843Z 343/720 test-fix-B0-owner-team-r2
2026-10-06T14:14:46.853Z 344/720 test-fix-B2-student-team-r2
2026-10-06T14:14:47.663Z 345/720 test-fix-B2-collaborator-personal-r2
2026-10-06T14:14:47.700Z 346/720 test-fix-B2-owner-personal-r2
2026-10-06T14:14:47.717Z 348/720 test-fix-B2-owner-team-r2
2026-10-06T14:14:47.717Z 348/720 test-fix-B2-collaborator-team-r2
2026-10-06T14:14:48.616Z 349/720 test-fix-B3-student-personal-r2
2026-10-06T14:14:48.617Z 350/720 test-fix-B3-collaborator-team-r2
2026-10-06T14:14:48.622Z 351/720 test-fix-B3-collaborator-personal-r2
2026-10-06T14:14:48.624Z 352/720 test-fix-B3-student-team-r2
2026-10-06T14:14:49.616Z 353/720 test-fix-B3-owner-personal-r2
2026-10-06T14:14:49.631Z 354/720 test-fix-B3-owner-team-r2
2026-10-06T14:14:51.594Z 355/720 test-fix-F-student-personal-r2
2026-10-06T14:14:51.600Z 356/720 test-fix-F-student-team-r2
2026-10-06T14:14:52.809Z 357/720 test-fix-F-collaborator-personal-r2
2026-10-06T14:14:52.818Z 358/720 test-fix-F-owner-personal-r2
2026-10-06T14:14:52.841Z 360/720 test-fix-F-collaborator-team-r2
2026-10-06T14:14:52.841Z 360/720 test-fix-F-owner-team-r2
2026-10-06T14:14:53.605Z 361/720 log-parser-B0-collaborator-personal-r2
2026-10-06T14:14:53.655Z 362/720 log-parser-B0-student-personal-r2
2026-10-06T14:14:53.656Z 363/720 log-parser-B0-student-team-r2
2026-10-06T14:14:53.667Z 364/720 log-parser-B0-collaborator-team-r2
2026-10-06T14:14:54.550Z 365/720 log-parser-B0-owner-personal-r2
2026-10-06T14:14:54.585Z 366/720 log-parser-B2-student-personal-r2
2026-10-06T14:14:54.591Z 367/720 log-parser-B0-owner-team-r2
2026-10-06T14:14:54.606Z 368/720 log-parser-B2-student-team-r2
2026-10-06T14:14:55.255Z 369/720 log-parser-B2-collaborator-team-r2
2026-10-06T14:14:55.285Z 370/720 log-parser-B2-owner-team-r2
2026-10-06T14:14:55.294Z 371/720 log-parser-B2-owner-personal-r2
2026-10-06T14:14:55.328Z 372/720 log-parser-B2-collaborator-personal-r2
2026-10-06T14:15:00.117Z 373/720 log-parser-B3-collaborator-team-r2
2026-10-06T14:15:00.121Z 374/720 log-parser-B3-student-personal-r2
2026-10-06T14:15:00.138Z 375/720 log-parser-B3-student-team-r2
2026-10-06T14:15:00.152Z 376/720 log-parser-B3-collaborator-personal-r2
2026-10-06T14:15:05.234Z 377/720 log-parser-B3-owner-personal-r2
2026-10-06T14:15:05.253Z 378/720 log-parser-B3-owner-team-r2
2026-10-06T14:15:06.935Z 379/720 log-parser-F-student-team-r2
2026-10-06T14:15:06.975Z 380/720 log-parser-F-student-personal-r2
2026-10-06T14:15:11.697Z 381/720 log-parser-F-owner-personal-r2
2026-10-06T14:15:11.733Z 382/720 log-parser-F-owner-team-r2
2026-10-06T14:15:11.739Z 383/720 log-parser-F-collaborator-personal-r2
2026-10-06T14:15:11.748Z 384/720 log-parser-F-collaborator-team-r2
2026-10-06T14:15:12.634Z 385/720 markdown-index-B0-student-personal-r2
2026-10-06T14:15:12.635Z 386/720 markdown-index-B0-student-team-r2
2026-10-06T14:15:12.640Z 387/720 markdown-index-B0-collaborator-team-r2
2026-10-06T14:15:12.672Z 388/720 markdown-index-B0-collaborator-personal-r2
2026-10-06T14:15:13.539Z 389/720 markdown-index-B0-owner-personal-r2
2026-10-06T14:15:13.543Z 390/720 markdown-index-B2-student-team-r2
2026-10-06T14:15:13.555Z 392/720 markdown-index-B0-owner-team-r2
2026-10-06T14:15:13.556Z 392/720 markdown-index-B2-student-personal-r2
2026-10-06T14:15:14.397Z 393/720 markdown-index-B2-owner-team-r2
2026-10-06T14:15:14.397Z 394/720 markdown-index-B2-collaborator-team-r2
2026-10-06T14:15:14.415Z 395/720 markdown-index-B2-owner-personal-r2
2026-10-06T14:15:14.457Z 396/720 markdown-index-B2-collaborator-personal-r2
2026-10-06T14:15:19.318Z 397/720 markdown-index-B3-collaborator-team-r2
2026-10-06T14:15:19.353Z 398/720 markdown-index-B3-collaborator-personal-r2
2026-10-06T14:15:19.385Z 399/720 markdown-index-B3-student-team-r2
2026-10-06T14:15:19.394Z 400/720 markdown-index-B3-student-personal-r2
2026-10-06T14:15:24.219Z 401/720 markdown-index-B3-owner-team-r2
2026-10-06T14:15:24.227Z 402/720 markdown-index-B3-owner-personal-r2
2026-10-06T14:15:26.198Z 403/720 markdown-index-F-student-team-r2
2026-10-06T14:15:26.211Z 404/720 markdown-index-F-student-personal-r2
2026-10-06T14:15:31.168Z 405/720 markdown-index-F-collaborator-personal-r2
2026-10-06T14:15:31.202Z 406/720 markdown-index-F-owner-team-r2
2026-10-06T14:15:31.239Z 407/720 markdown-index-F-collaborator-team-r2
2026-10-06T14:15:31.274Z 408/720 markdown-index-F-owner-personal-r2
2026-10-06T14:15:32.044Z 409/720 backup-script-B0-collaborator-team-r2
2026-10-06T14:15:32.051Z 410/720 backup-script-B0-student-personal-r2
2026-10-06T14:15:32.077Z 411/720 backup-script-B0-collaborator-personal-r2
2026-10-06T14:15:32.104Z 412/720 backup-script-B0-student-team-r2
2026-10-06T14:15:32.882Z 413/720 backup-script-B2-student-personal-r2
2026-10-06T14:15:32.897Z 414/720 backup-script-B0-owner-personal-r2
2026-10-06T14:15:32.922Z 415/720 backup-script-B2-student-team-r2
2026-10-06T14:15:32.928Z 416/720 backup-script-B0-owner-team-r2
2026-10-06T14:15:33.760Z 417/720 backup-script-B2-collaborator-personal-r2
2026-10-06T14:15:33.761Z 418/720 backup-script-B2-owner-personal-r2
2026-10-06T14:15:33.765Z 419/720 backup-script-B2-owner-team-r2
2026-10-06T14:15:33.830Z 420/720 backup-script-B2-collaborator-team-r2
2026-10-06T14:15:40.611Z 421/720 backup-script-B3-collaborator-personal-r2
2026-10-06T14:15:40.618Z 422/720 backup-script-B3-student-personal-r2
2026-10-06T14:15:40.639Z 424/720 backup-script-B3-student-team-r2
2026-10-06T14:15:40.639Z 424/720 backup-script-B3-collaborator-team-r2
2026-10-06T14:15:47.338Z 425/720 backup-script-B3-owner-personal-r2
2026-10-06T14:15:47.352Z 426/720 backup-script-B3-owner-team-r2
2026-10-06T14:15:49.384Z 427/720 backup-script-F-student-personal-r2
2026-10-06T14:15:49.394Z 428/720 backup-script-F-student-team-r2
2026-10-06T14:15:56.092Z 429/720 backup-script-F-collaborator-personal-r2
2026-10-06T14:15:56.103Z 430/720 backup-script-F-collaborator-team-r2
2026-10-06T14:15:56.123Z 431/720 backup-script-F-owner-personal-r2
2026-10-06T14:15:56.129Z 432/720 backup-script-F-owner-team-r2
2026-10-06T14:15:56.966Z 433/720 team-greeting-B0-student-personal-r2
2026-10-06T14:15:56.995Z 434/720 team-greeting-B0-collaborator-personal-r2
2026-10-06T14:15:57.024Z 435/720 team-greeting-B0-student-team-r2
2026-10-06T14:15:57.056Z 436/720 team-greeting-B0-collaborator-team-r2
2026-10-06T14:15:57.874Z 437/720 team-greeting-B2-student-team-r2
2026-10-06T14:15:57.883Z 438/720 team-greeting-B2-student-personal-r2
2026-10-06T14:15:57.895Z 439/720 team-greeting-B0-owner-personal-r2
2026-10-06T14:15:57.895Z 440/720 team-greeting-B0-owner-team-r2
2026-10-06T14:15:58.729Z 441/720 team-greeting-B2-owner-personal-r2
2026-10-06T14:15:58.731Z 442/720 team-greeting-B2-owner-team-r2
2026-10-06T14:15:58.761Z 443/720 team-greeting-B2-collaborator-personal-r2
2026-10-06T14:15:58.765Z 444/720 team-greeting-B2-collaborator-team-r2
2026-10-06T14:15:59.639Z 445/720 team-greeting-B3-collaborator-personal-r2
2026-10-06T14:15:59.645Z 446/720 team-greeting-B3-collaborator-team-r2
2026-10-06T14:15:59.648Z 447/720 team-greeting-B3-student-team-r2
2026-10-06T14:15:59.681Z 448/720 team-greeting-B3-student-personal-r2
2026-10-06T14:16:00.467Z 449/720 team-greeting-B3-owner-personal-r2
2026-10-06T14:16:00.520Z 450/720 team-greeting-B3-owner-team-r2
2026-10-06T14:16:04.481Z 451/720 team-greeting-F-student-personal-r2
2026-10-06T14:16:04.493Z 452/720 team-greeting-F-student-team-r2
2026-10-06T14:16:05.295Z 453/720 team-greeting-F-owner-personal-r2
2026-10-06T14:16:05.352Z 454/720 team-greeting-F-collaborator-personal-r2
2026-10-06T14:16:05.353Z 455/720 team-greeting-F-owner-team-r2
2026-10-06T14:16:05.354Z 456/720 team-greeting-F-collaborator-team-r2
2026-10-06T14:16:06.349Z 457/720 module-refactor-B0-collaborator-personal-r2
2026-10-06T14:16:06.352Z 459/720 module-refactor-B0-collaborator-team-r2
2026-10-06T14:16:06.352Z 459/720 module-refactor-B0-student-team-r2
2026-10-06T14:16:06.352Z 460/720 module-refactor-B0-student-personal-r2
2026-10-06T14:16:07.293Z 461/720 module-refactor-B0-owner-personal-r2
2026-10-06T14:16:07.306Z 463/720 module-refactor-B0-owner-team-r2
2026-10-06T14:16:07.306Z 463/720 module-refactor-B2-student-personal-r2
2026-10-06T14:16:07.327Z 464/720 module-refactor-B2-student-team-r2
2026-10-06T14:16:08.109Z 465/720 module-refactor-B2-collaborator-personal-r2
2026-10-06T14:16:08.110Z 466/720 module-refactor-B2-owner-personal-r2
2026-10-06T14:16:08.136Z 467/720 module-refactor-B2-owner-team-r2
2026-10-06T14:16:08.136Z 468/720 module-refactor-B2-collaborator-team-r2
2026-10-06T14:16:08.979Z 469/720 module-refactor-B3-student-personal-r2
2026-10-06T14:16:08.984Z 470/720 module-refactor-B3-collaborator-personal-r2
2026-10-06T14:16:09.002Z 471/720 module-refactor-B3-collaborator-team-r2
2026-10-06T14:16:09.002Z 472/720 module-refactor-B3-student-team-r2
2026-10-06T14:16:09.825Z 474/720 module-refactor-B3-owner-team-r2
2026-10-06T14:16:09.825Z 474/720 module-refactor-B3-owner-personal-r2
2026-10-06T14:16:11.835Z 475/720 module-refactor-F-student-personal-r2
2026-10-06T14:16:11.854Z 476/720 module-refactor-F-student-team-r2
2026-10-06T14:16:12.694Z 477/720 module-refactor-F-collaborator-personal-r2
2026-10-06T14:16:12.703Z 479/720 module-refactor-F-owner-team-r2
2026-10-06T14:16:12.703Z 479/720 module-refactor-F-owner-personal-r2
2026-10-06T14:16:12.723Z 480/720 module-refactor-F-collaborator-team-r2
2026-10-06T14:16:13.382Z 481/720 todo-cli-B0-collaborator-personal-r3
2026-10-06T14:16:13.397Z 482/720 todo-cli-B0-student-personal-r3
2026-10-06T14:16:13.428Z 483/720 todo-cli-B0-student-team-r3
2026-10-06T14:16:13.450Z 484/720 todo-cli-B0-collaborator-team-r3
2026-10-06T14:16:14.167Z 485/720 todo-cli-B0-owner-team-r3
2026-10-06T14:16:14.178Z 487/720 todo-cli-B2-student-personal-r3
2026-10-06T14:16:14.178Z 487/720 todo-cli-B2-student-team-r3
2026-10-06T14:16:14.185Z 488/720 todo-cli-B0-owner-personal-r3
2026-10-06T14:16:14.856Z 489/720 todo-cli-B2-collaborator-personal-r3
2026-10-06T14:16:14.873Z 490/720 todo-cli-B2-collaborator-team-r3
2026-10-06T14:16:14.879Z 491/720 todo-cli-B2-owner-personal-r3
2026-10-06T14:16:14.930Z 492/720 todo-cli-B2-owner-team-r3
2026-10-06T14:16:15.671Z 493/720 todo-cli-B3-collaborator-personal-r3
2026-10-06T14:16:15.700Z 494/720 todo-cli-B3-student-team-r3
2026-10-06T14:16:15.700Z 495/720 todo-cli-B3-collaborator-team-r3
2026-10-06T14:16:15.701Z 496/720 todo-cli-B3-student-personal-r3
2026-10-06T14:16:16.386Z 497/720 todo-cli-B3-owner-team-r3
2026-10-06T14:16:16.388Z 498/720 todo-cli-B3-owner-personal-r3
2026-10-06T14:16:20.409Z 499/720 todo-cli-F-student-team-r3
2026-10-06T14:16:20.413Z 500/720 todo-cli-F-student-personal-r3
2026-10-06T14:16:21.250Z 502/720 todo-cli-F-owner-team-r3
2026-10-06T14:16:21.250Z 502/720 todo-cli-F-collaborator-personal-r3
2026-10-06T14:16:21.261Z 503/720 todo-cli-F-owner-personal-r3
2026-10-06T14:16:21.292Z 504/720 todo-cli-F-collaborator-team-r3
2026-10-06T14:16:22.628Z 505/720 csv-summary-B0-collaborator-personal-r3
2026-10-06T14:16:22.634Z 506/720 csv-summary-B0-student-personal-r3
2026-10-06T14:16:22.651Z 508/720 csv-summary-B0-collaborator-team-r3
2026-10-06T14:16:22.651Z 508/720 csv-summary-B0-student-team-r3
2026-10-06T14:16:24.004Z 509/720 csv-summary-B2-student-team-r3
2026-10-06T14:16:24.034Z 510/720 csv-summary-B0-owner-personal-r3
2026-10-06T14:16:24.038Z 511/720 csv-summary-B0-owner-team-r3
2026-10-06T14:16:24.052Z 512/720 csv-summary-B2-student-personal-r3
2026-10-06T14:16:25.346Z 514/720 csv-summary-B2-owner-personal-r3
2026-10-06T14:16:25.346Z 514/720 csv-summary-B2-owner-team-r3
2026-10-06T14:16:25.350Z 515/720 csv-summary-B2-collaborator-personal-r3
2026-10-06T14:16:25.379Z 516/720 csv-summary-B2-collaborator-team-r3
2026-10-06T14:16:30.333Z 517/720 csv-summary-B3-student-personal-r3
2026-10-06T14:16:30.398Z 518/720 csv-summary-B3-collaborator-team-r3
2026-10-06T14:16:30.429Z 519/720 csv-summary-B3-collaborator-personal-r3
2026-10-06T14:16:30.435Z 520/720 csv-summary-B3-student-team-r3
2026-10-06T14:16:35.513Z 521/720 csv-summary-B3-owner-personal-r3
2026-10-06T14:16:35.538Z 522/720 csv-summary-B3-owner-team-r3
2026-10-06T14:16:37.342Z 523/720 csv-summary-F-student-team-r3
2026-10-06T14:16:37.389Z 524/720 csv-summary-F-student-personal-r3
2026-10-06T14:16:42.375Z 525/720 csv-summary-F-collaborator-personal-r3
2026-10-06T14:16:42.431Z 526/720 csv-summary-F-collaborator-team-r3
2026-10-06T14:16:42.532Z 527/720 csv-summary-F-owner-personal-r3
2026-10-06T14:16:42.550Z 528/720 csv-summary-F-owner-team-r3
2026-10-06T14:16:43.232Z 529/720 http-client-B0-collaborator-personal-r3
2026-10-06T14:16:43.254Z 530/720 http-client-B0-student-team-r3
2026-10-06T14:16:43.276Z 531/720 http-client-B0-collaborator-team-r3
2026-10-06T14:16:43.281Z 532/720 http-client-B0-student-personal-r3
2026-10-06T14:16:43.979Z 533/720 http-client-B0-owner-personal-r3
2026-10-06T14:16:44.005Z 534/720 http-client-B0-owner-team-r3
2026-10-06T14:16:44.015Z 535/720 http-client-B2-student-personal-r3
2026-10-06T14:16:44.050Z 536/720 http-client-B2-student-team-r3
2026-10-06T14:16:44.663Z 537/720 http-client-B2-owner-personal-r3
2026-10-06T14:16:44.688Z 538/720 http-client-B2-collaborator-team-r3
2026-10-06T14:16:44.719Z 539/720 http-client-B2-owner-team-r3
2026-10-06T14:16:44.750Z 540/720 http-client-B2-collaborator-personal-r3
2026-10-06T14:16:49.421Z 541/720 http-client-B3-student-personal-r3
2026-10-06T14:16:49.457Z 542/720 http-client-B3-collaborator-personal-r3
2026-10-06T14:16:49.484Z 543/720 http-client-B3-collaborator-team-r3
2026-10-06T14:16:49.520Z 544/720 http-client-B3-student-team-r3
2026-10-06T14:16:54.240Z 545/720 http-client-B3-owner-personal-r3
2026-10-06T14:16:54.321Z 546/720 http-client-B3-owner-team-r3
2026-10-06T14:16:56.233Z 547/720 http-client-F-student-team-r3
2026-10-06T14:16:56.299Z 548/720 http-client-F-student-personal-r3
2026-10-06T14:17:00.936Z 549/720 http-client-F-collaborator-personal-r3
2026-10-06T14:17:00.991Z 550/720 http-client-F-owner-team-r3
2026-10-06T14:17:01.007Z 551/720 http-client-F-collaborator-team-r3
2026-10-06T14:17:01.017Z 552/720 http-client-F-owner-personal-r3
2026-10-06T14:17:01.710Z 553/720 config-loader-B0-student-personal-r3
2026-10-06T14:17:01.738Z 554/720 config-loader-B0-collaborator-personal-r3
2026-10-06T14:17:01.747Z 555/720 config-loader-B0-student-team-r3
2026-10-06T14:17:01.755Z 556/720 config-loader-B0-collaborator-team-r3
2026-10-06T14:17:02.475Z 557/720 config-loader-B2-student-personal-r3
2026-10-06T14:17:02.496Z 558/720 config-loader-B0-owner-personal-r3
2026-10-06T14:17:02.521Z 559/720 config-loader-B2-student-team-r3
2026-10-06T14:17:02.540Z 560/720 config-loader-B0-owner-team-r3
2026-10-06T14:17:03.291Z 561/720 config-loader-B2-collaborator-personal-r3
2026-10-06T14:17:03.291Z 562/720 config-loader-B2-owner-personal-r3
2026-10-06T14:17:03.333Z 563/720 config-loader-B2-owner-team-r3
2026-10-06T14:17:03.360Z 564/720 config-loader-B2-collaborator-team-r3
2026-10-06T14:17:08.071Z 565/720 config-loader-B3-collaborator-personal-r3
2026-10-06T14:17:08.141Z 566/720 config-loader-B3-collaborator-team-r3
2026-10-06T14:17:08.154Z 567/720 config-loader-B3-student-team-r3
2026-10-06T14:17:08.158Z 568/720 config-loader-B3-student-personal-r3
2026-10-06T14:17:12.824Z 569/720 config-loader-B3-owner-personal-r3
2026-10-06T14:17:12.887Z 570/720 config-loader-B3-owner-team-r3
2026-10-06T14:17:14.838Z 571/720 config-loader-F-student-personal-r3
2026-10-06T14:17:14.856Z 572/720 config-loader-F-student-team-r3
2026-10-06T14:17:19.610Z 573/720 config-loader-F-owner-personal-r3
2026-10-06T14:17:19.618Z 574/720 config-loader-F-collaborator-team-r3
2026-10-06T14:17:19.680Z 576/720 config-loader-F-collaborator-personal-r3
2026-10-06T14:17:19.680Z 576/720 config-loader-F-owner-team-r3
2026-10-06T14:17:20.762Z 577/720 test-fix-B0-collaborator-personal-r3
2026-10-06T14:17:20.763Z 578/720 test-fix-B0-student-team-r3
2026-10-06T14:17:20.765Z 579/720 test-fix-B0-collaborator-team-r3
2026-10-06T14:17:20.765Z 580/720 test-fix-B0-student-personal-r3
2026-10-06T14:17:22.215Z 581/720 test-fix-B0-owner-personal-r3
2026-10-06T14:17:22.257Z 582/720 test-fix-B2-student-personal-r3
2026-10-06T14:17:22.275Z 583/720 test-fix-B0-owner-team-r3
2026-10-06T14:17:22.301Z 584/720 test-fix-B2-student-team-r3
2026-10-06T14:17:23.685Z 585/720 test-fix-B2-owner-personal-r3
2026-10-06T14:17:23.696Z 586/720 test-fix-B2-collaborator-personal-r3
2026-10-06T14:17:23.737Z 587/720 test-fix-B2-owner-team-r3
2026-10-06T14:17:23.753Z 588/720 test-fix-B2-collaborator-team-r3
2026-10-06T14:17:24.988Z 589/720 test-fix-B3-collaborator-personal-r3
2026-10-06T14:17:25.013Z 590/720 test-fix-B3-student-personal-r3
2026-10-06T14:17:25.057Z 591/720 test-fix-B3-collaborator-team-r3
2026-10-06T14:17:25.081Z 592/720 test-fix-B3-student-team-r3
2026-10-06T14:17:26.148Z 593/720 test-fix-B3-owner-personal-r3
2026-10-06T14:17:26.160Z 594/720 test-fix-B3-owner-team-r3
2026-10-06T14:17:28.124Z 595/720 test-fix-F-student-personal-r3
2026-10-06T14:17:28.167Z 596/720 test-fix-F-student-team-r3
2026-10-06T14:17:29.135Z 597/720 test-fix-F-collaborator-personal-r3
2026-10-06T14:17:29.138Z 598/720 test-fix-F-owner-personal-r3
2026-10-06T14:17:29.158Z 599/720 test-fix-F-owner-team-r3
2026-10-06T14:17:29.186Z 600/720 test-fix-F-collaborator-team-r3
2026-10-06T14:17:29.864Z 601/720 log-parser-B0-collaborator-personal-r3
2026-10-06T14:17:29.911Z 602/720 log-parser-B0-student-personal-r3
2026-10-06T14:17:29.937Z 603/720 log-parser-B0-student-team-r3
2026-10-06T14:17:29.938Z 604/720 log-parser-B0-collaborator-team-r3
2026-10-06T14:17:30.645Z 605/720 log-parser-B0-owner-personal-r3
2026-10-06T14:17:30.676Z 606/720 log-parser-B2-student-personal-r3
2026-10-06T14:17:30.693Z 607/720 log-parser-B0-owner-team-r3
2026-10-06T14:17:30.724Z 608/720 log-parser-B2-student-team-r3
2026-10-06T14:17:31.552Z 609/720 log-parser-B2-owner-team-r3
2026-10-06T14:17:31.552Z 611/720 log-parser-B2-owner-personal-r3
2026-10-06T14:17:31.553Z 611/720 log-parser-B2-collaborator-personal-r3
2026-10-06T14:17:31.579Z 612/720 log-parser-B2-collaborator-team-r3
2026-10-06T14:17:36.354Z 613/720 log-parser-B3-collaborator-personal-r3
2026-10-06T14:17:36.368Z 614/720 log-parser-B3-student-team-r3
2026-10-06T14:17:36.399Z 615/720 log-parser-B3-student-personal-r3
2026-10-06T14:17:36.437Z 616/720 log-parser-B3-collaborator-team-r3
2026-10-06T14:17:41.207Z 617/720 log-parser-B3-owner-team-r3
2026-10-06T14:17:41.269Z 618/720 log-parser-B3-owner-personal-r3
2026-10-06T14:17:43.161Z 619/720 log-parser-F-student-personal-r3
2026-10-06T14:17:43.170Z 620/720 log-parser-F-student-team-r3
2026-10-06T14:17:47.992Z 621/720 log-parser-F-owner-team-r3
2026-10-06T14:17:47.997Z 622/720 log-parser-F-collaborator-team-r3
2026-10-06T14:17:48.020Z 623/720 log-parser-F-collaborator-personal-r3
2026-10-06T14:17:48.021Z 624/720 log-parser-F-owner-personal-r3
2026-10-06T14:17:48.764Z 625/720 markdown-index-B0-student-team-r3
2026-10-06T14:17:48.780Z 626/720 markdown-index-B0-collaborator-personal-r3
2026-10-06T14:17:48.801Z 627/720 markdown-index-B0-student-personal-r3
2026-10-06T14:17:48.820Z 628/720 markdown-index-B0-collaborator-team-r3
2026-10-06T14:17:49.746Z 629/720 markdown-index-B2-student-personal-r3
2026-10-06T14:17:49.748Z 630/720 markdown-index-B2-student-team-r3
2026-10-06T14:17:49.787Z 631/720 markdown-index-B0-owner-personal-r3
2026-10-06T14:17:49.800Z 632/720 markdown-index-B0-owner-team-r3
2026-10-06T14:17:50.595Z 633/720 markdown-index-B2-owner-team-r3
2026-10-06T14:17:50.653Z 634/720 markdown-index-B2-owner-personal-r3
2026-10-06T14:17:50.663Z 635/720 markdown-index-B2-collaborator-personal-r3
2026-10-06T14:17:50.688Z 636/720 markdown-index-B2-collaborator-team-r3
2026-10-06T14:17:55.515Z 637/720 markdown-index-B3-student-personal-r3
2026-10-06T14:17:55.529Z 639/720 markdown-index-B3-collaborator-team-r3
2026-10-06T14:17:55.529Z 639/720 markdown-index-B3-student-team-r3
2026-10-06T14:17:55.530Z 640/720 markdown-index-B3-collaborator-personal-r3
2026-10-06T14:18:00.696Z 641/720 markdown-index-B3-owner-personal-r3
2026-10-06T14:18:00.726Z 642/720 markdown-index-B3-owner-team-r3
2026-10-06T14:18:02.648Z 643/720 markdown-index-F-student-team-r3
2026-10-06T14:18:02.665Z 644/720 markdown-index-F-student-personal-r3
2026-10-06T14:18:07.507Z 646/720 markdown-index-F-collaborator-team-r3
2026-10-06T14:18:07.507Z 646/720 markdown-index-F-collaborator-personal-r3
2026-10-06T14:18:07.564Z 647/720 markdown-index-F-owner-personal-r3
2026-10-06T14:18:07.602Z 648/720 markdown-index-F-owner-team-r3
2026-10-06T14:18:08.305Z 649/720 backup-script-B0-student-personal-r3
2026-10-06T14:18:08.348Z 650/720 backup-script-B0-student-team-r3
2026-10-06T14:18:08.350Z 651/720 backup-script-B0-collaborator-personal-r3
2026-10-06T14:18:08.370Z 652/720 backup-script-B0-collaborator-team-r3
2026-10-06T14:18:09.024Z 653/720 backup-script-B0-owner-personal-r3
2026-10-06T14:18:09.056Z 654/720 backup-script-B2-student-personal-r3
2026-10-06T14:18:09.074Z 656/720 backup-script-B0-owner-team-r3
2026-10-06T14:18:09.074Z 656/720 backup-script-B2-student-team-r3
2026-10-06T14:18:09.801Z 657/720 backup-script-B2-owner-personal-r3
2026-10-06T14:18:09.801Z 658/720 backup-script-B2-collaborator-team-r3
2026-10-06T14:18:09.829Z 659/720 backup-script-B2-collaborator-personal-r3
2026-10-06T14:18:09.872Z 660/720 backup-script-B2-owner-team-r3
2026-10-06T14:18:16.533Z 661/720 backup-script-B3-student-personal-r3
2026-10-06T14:18:16.564Z 662/720 backup-script-B3-student-team-r3
2026-10-06T14:18:16.565Z 663/720 backup-script-B3-collaborator-personal-r3
2026-10-06T14:18:16.566Z 664/720 backup-script-B3-collaborator-team-r3
2026-10-06T14:18:23.331Z 665/720 backup-script-B3-owner-personal-r3
2026-10-06T14:18:23.393Z 666/720 backup-script-B3-owner-team-r3
2026-10-06T14:18:25.295Z 667/720 backup-script-F-student-personal-r3
2026-10-06T14:18:25.316Z 668/720 backup-script-F-student-team-r3
2026-10-06T14:18:32.539Z 669/720 backup-script-F-collaborator-personal-r3
2026-10-06T14:18:32.553Z 670/720 backup-script-F-owner-personal-r3
2026-10-06T14:18:32.565Z 671/720 backup-script-F-collaborator-team-r3
2026-10-06T14:18:32.633Z 672/720 backup-script-F-owner-team-r3
2026-10-06T14:18:35.508Z 673/720 team-greeting-B0-student-team-r3
2026-10-06T14:18:35.583Z 674/720 team-greeting-B0-student-personal-r3
2026-10-06T14:18:35.615Z 675/720 team-greeting-B0-collaborator-personal-r3
2026-10-06T14:18:35.621Z 676/720 team-greeting-B0-collaborator-team-r3
2026-10-06T14:18:37.843Z 678/720 team-greeting-B0-owner-team-r3
2026-10-06T14:18:37.844Z 678/720 team-greeting-B2-student-personal-r3
2026-10-06T14:18:37.854Z 679/720 team-greeting-B2-student-team-r3
2026-10-06T14:18:37.986Z 680/720 team-greeting-B0-owner-personal-r3
2026-10-06T14:18:40.206Z 681/720 team-greeting-B2-collaborator-personal-r3
2026-10-06T14:18:40.214Z 682/720 team-greeting-B2-collaborator-team-r3
2026-10-06T14:18:40.291Z 683/720 team-greeting-B2-owner-team-r3
2026-10-06T14:18:40.304Z 684/720 team-greeting-B2-owner-personal-r3
2026-10-06T14:18:43.170Z 685/720 team-greeting-B3-student-personal-r3
2026-10-06T14:18:43.292Z 686/720 team-greeting-B3-student-team-r3
2026-10-06T14:18:43.297Z 687/720 team-greeting-B3-collaborator-personal-r3
2026-10-06T14:18:43.396Z 688/720 team-greeting-B3-collaborator-team-r3
2026-10-06T14:18:45.657Z 689/720 team-greeting-B3-owner-team-r3
2026-10-06T14:18:45.707Z 690/720 team-greeting-B3-owner-personal-r3
2026-10-06T14:18:49.824Z 691/720 team-greeting-F-student-team-r3
2026-10-06T14:18:49.930Z 692/720 team-greeting-F-student-personal-r3
2026-10-06T14:18:52.735Z 693/720 team-greeting-F-owner-team-r3
2026-10-06T14:18:52.793Z 694/720 team-greeting-F-owner-personal-r3
2026-10-06T14:18:52.839Z 695/720 team-greeting-F-collaborator-personal-r3
2026-10-06T14:18:52.841Z 696/720 team-greeting-F-collaborator-team-r3
2026-10-06T14:18:56.388Z 697/720 module-refactor-B0-student-personal-r3
2026-10-06T14:18:56.409Z 698/720 module-refactor-B0-collaborator-personal-r3
2026-10-06T14:18:56.705Z 699/720 module-refactor-B0-student-team-r3
2026-10-06T14:18:56.730Z 700/720 module-refactor-B0-collaborator-team-r3
2026-10-06T14:19:00.223Z 701/720 module-refactor-B0-owner-personal-r3
2026-10-06T14:19:00.305Z 702/720 module-refactor-B2-student-personal-r3
2026-10-06T14:19:00.316Z 703/720 module-refactor-B0-owner-team-r3
2026-10-06T14:19:00.325Z 704/720 module-refactor-B2-student-team-r3
2026-10-06T14:19:06.102Z 707/720 module-refactor-B2-collaborator-team-r3
2026-10-06T14:19:06.102Z 707/720 module-refactor-B2-collaborator-personal-r3
2026-10-06T14:19:06.102Z 707/720 module-refactor-B2-owner-personal-r3
2026-10-06T14:19:06.208Z 708/720 module-refactor-B2-owner-team-r3
2026-10-06T14:19:09.580Z 709/720 module-refactor-B3-collaborator-personal-r3
2026-10-06T14:19:09.682Z 710/720 module-refactor-B3-student-personal-r3
2026-10-06T14:19:09.805Z 711/720 module-refactor-B3-collaborator-team-r3
2026-10-06T14:19:09.818Z 712/720 module-refactor-B3-student-team-r3
2026-10-06T14:19:13.994Z 713/720 module-refactor-B3-owner-personal-r3
2026-10-06T14:19:14.124Z 714/720 module-refactor-B3-owner-team-r3
2026-10-06T14:19:15.133Z 715/720 module-refactor-F-student-personal-r3
2026-10-06T14:19:15.285Z 716/720 module-refactor-F-student-team-r3
2026-10-06T14:19:16.758Z 717/720 module-refactor-F-owner-team-r3
2026-10-06T14:19:16.776Z 718/720 module-refactor-F-collaborator-personal-r3
2026-10-06T14:19:16.832Z 719/720 module-refactor-F-owner-personal-r3
2026-10-06T14:19:16.938Z 720/720 module-refactor-F-collaborator-team-r3
